cover-answer-desktop 1920 586
answer-desktop 2880 2412
programme-desktop 2880 2400
completion-desktop 2752 818
cover-programme-desktop 640 1332
assessment-desktop 2880 2256
landing-desktop 2880 1738
cover-answer-mobile 780 862
answer-mobile 780 4168
programme-mobile 780 3806
completion-mobile 716 1252
cover-programme-mobile 716 1172
assessment-mobile 780 2618
landing-mobile 780 2212
review rows [
  'Source lineRow 19 · nvr 8ch poe2 compatible catalog optionsQuantity2pcsIdentityAmbiguousExplana',
  'Source lineRow 27 · wall bracket KX-1273ZJNo matchQuantity24pcsIdentityMissingExplanationSearch',
  'Source lineRow 34 · switch poe 8p KX-3E4510PKX-3E4510P-E replaces KX-3E4510PQuantity6pcsIdentit',
  'Source lineRow 38 · камера 4мп уличная3 compatible catalog optionsQuantity8pcsIdentityAmbiguous',
  'Source lineRow 41 · KX-9999XNo matchQuantity4pcsIdentityMissingExplanationNo catalog item match',
  'Source lineRow 44 · hdd 4tb surveillance2 compatible catalog optionsQuantity4pcsIdentityAmbiguo',
  'Source lineRow 46 · KX-1273ZJ-140No matchQuantityNot readIdentityMissingExplanationThe quantity'
]
review rows [
  'Source lineRow 19 · nvr 8ch poe2 compatible catalog optionsQuantity2pcsIdentityAmbiguousExplana',
  'Source lineRow 27 · wall bracket KX-1273ZJNo matchQuantity24pcsIdentityMissingExplanationSearch',
  'Source lineRow 34 · switch poe 8p KX-3E4510PKX-3E4510P-E replaces KX-3E4510PQuantity6pcsIdentit',
  'Source lineRow 38 · камера 4мп уличная3 compatible catalog optionsQuantity8pcsIdentityAmbiguous',
  'Source lineRow 41 · KX-9999XNo matchQuantity4pcsIdentityMissingExplanationNo catalog item match',
  'Source lineRow 44 · hdd 4tb surveillance2 compatible catalog optionsQuantity4pcsIdentityAmbiguo',
  'Source lineRow 46 · KX-1273ZJ-140No matchQuantityNot readIdentityMissingExplanationThe quantity'
]
