PROFILE en-1440-reduce states 4 failures 0
PROFILE en-1440-nojs states 4 failures 0
PROFILE en-1024-reduce states 4 failures 0
PROFILE en-1024-nojs states 4 failures 0
PROFILE en-390-reduce states 3 failures 0
PROFILE en-390-nojs states 3 failures 0
PROFILE en-360-reduce states 3 failures 0
PROFILE en-360-nojs states 3 failures 0
PROFILE en-1440-short-reduce states 4 failures 0
PROFILE en-1440-short-nojs states 4 failures 0
PROFILE ru-1440-reduce states 4 failures 0
PROFILE ru-1440-nojs states 4 failures 0
PROFILE ru-1024-reduce states 4 failures 0
PROFILE ru-1024-nojs states 4 failures 0
PROFILE ru-390-reduce states 3 failures 0
PROFILE ru-390-nojs states 3 failures 0
PROFILE ru-360-reduce states 3 failures 0
PROFILE ru-360-nojs states 3 failures 0
PROFILE ru-1440-short-reduce states 4 failures 0
PROFILE ru-1440-short-nojs states 4 failures 0
F verification passed 24 observations
