ru 600 123.15625 [
  [ 'reduce', 123.25, 4030 ],
  [ 'no-preference', 122.96875, 3149 ],
  [ 'reduce', 123.25, 4030 ],
  [ 'no-preference', 122.96875, 3149 ],
  [ 'reduce', 123.25, 4030 ],
  [ 'no-preference', 122.96875, 3149 ]
]
ru 1800 123.15625 [
  [ 'reduce', 123.25, 4030 ],
  [ 'no-preference', 122.96875, 3149 ],
  [ 'reduce', 123.25, 4030 ],
  [ 'no-preference', 122.96875, 3149 ],
  [ 'reduce', 123.25, 4030 ],
  [ 'no-preference', 122.96875, 3149 ]
]
en 600 123.65625 [
  [ 'reduce', 123.625, 3951 ],
  [ 'no-preference', 123.46875, 3117 ],
  [ 'reduce', 123.625, 3951 ],
  [ 'no-preference', 123.46875, 3117 ],
  [ 'reduce', 123.625, 3951 ],
  [ 'no-preference', 123.46875, 3117 ]
]
en 1800 123.65625 [
  [ 'reduce', 123.625, 3951 ],
  [ 'no-preference', 123.46875, 3117 ],
  [ 'reduce', 123.625, 3951 ],
  [ 'no-preference', 123.46875, 3117 ],
  [ 'reduce', 123.625, 3951 ],
  [ 'no-preference', 123.46875, 3117 ]
]
{"cases":4,"transitions":24,"failures":0}
