Checking 360px /
Checking 360px /about/
Checking 360px /work/agent-ops-console/
Checking 360px /work/partner-portal/
Checking 360px /work/learn/
Checking 360px /work/vet-clinic/
Checking 360px /work/pawly/
Checking 360px /ru/
Checking 360px /ru/about/
Checking 360px /ru/work/agent-ops-console/
Checking 360px /ru/work/partner-portal/
Checking 360px /ru/work/learn/
Checking 360px /ru/work/vet-clinic/
Checking 360px /ru/work/pawly/
360px: 14 EN/RU routes checked
Checking 390px /
Checking 390px /about/
Checking 390px /work/agent-ops-console/
Checking 390px /work/partner-portal/
Checking 390px /work/learn/
Checking 390px /work/vet-clinic/
Checking 390px /work/pawly/
Checking 390px /ru/
Checking 390px /ru/about/
Checking 390px /ru/work/agent-ops-console/
Checking 390px /ru/work/partner-portal/
Checking 390px /ru/work/learn/
Checking 390px /ru/work/vet-clinic/
Checking 390px /ru/work/pawly/
390px: 14 EN/RU routes checked
Checking 600px /
Checking 600px /about/
Checking 600px /work/agent-ops-console/
Checking 600px /work/partner-portal/
Checking 600px /work/learn/
Checking 600px /work/vet-clinic/
Checking 600px /work/pawly/
Checking 600px /ru/
Checking 600px /ru/about/
Checking 600px /ru/work/agent-ops-console/
Checking 600px /ru/work/partner-portal/
Checking 600px /ru/work/learn/
Checking 600px /ru/work/vet-clinic/
Checking 600px /ru/work/pawly/
600px: 14 EN/RU routes checked
Checking 768px /
Checking 768px /about/
Checking 768px /work/agent-ops-console/
Checking 768px /work/partner-portal/
Checking 768px /work/learn/
Checking 768px /work/vet-clinic/
Checking 768px /work/pawly/
Checking 768px /ru/
Checking 768px /ru/about/
Checking 768px /ru/work/agent-ops-console/
Checking 768px /ru/work/partner-portal/
Checking 768px /ru/work/learn/
Checking 768px /ru/work/vet-clinic/
Checking 768px /ru/work/pawly/
768px: 14 EN/RU routes checked
Checking 820px /
Checking 820px /about/
Checking 820px /work/agent-ops-console/
Checking 820px /work/partner-portal/
Checking 820px /work/learn/
Checking 820px /work/vet-clinic/
Checking 820px /work/pawly/
Checking 820px /ru/
Checking 820px /ru/about/
Checking 820px /ru/work/agent-ops-console/
Checking 820px /ru/work/partner-portal/
Checking 820px /ru/work/learn/
Checking 820px /ru/work/vet-clinic/
Checking 820px /ru/work/pawly/
820px: 14 EN/RU routes checked
Checking 1024px /
Checking 1024px /about/
Checking 1024px /work/agent-ops-console/
Checking 1024px /work/partner-portal/
Checking 1024px /work/learn/
Checking 1024px /work/vet-clinic/
Checking 1024px /work/pawly/
Checking 1024px /ru/
Checking 1024px /ru/about/
Checking 1024px /ru/work/agent-ops-console/
Checking 1024px /ru/work/partner-portal/
Checking 1024px /ru/work/learn/
Checking 1024px /ru/work/vet-clinic/
Checking 1024px /ru/work/pawly/
1024px: 14 EN/RU routes checked
Checking 1440px /
Checking 1440px /about/
Checking 1440px /work/agent-ops-console/
Checking 1440px /work/partner-portal/
Checking 1440px /work/learn/
Checking 1440px /work/vet-clinic/
Checking 1440px /work/pawly/
Checking 1440px /ru/
Checking 1440px /ru/about/
Checking 1440px /ru/work/agent-ops-console/
Checking 1440px /ru/work/partner-portal/
Checking 1440px /ru/work/learn/
Checking 1440px /ru/work/vet-clinic/
Checking 1440px /ru/work/pawly/
1440px: 14 EN/RU routes checked
Checking 1920px /
Checking 1920px /about/
Checking 1920px /work/agent-ops-console/
Checking 1920px /work/partner-portal/
Checking 1920px /work/learn/
Checking 1920px /work/vet-clinic/
Checking 1920px /work/pawly/
Checking 1920px /ru/
Checking 1920px /ru/about/
Checking 1920px /ru/work/agent-ops-console/
Checking 1920px /ru/work/partner-portal/
Checking 1920px /ru/work/learn/
Checking 1920px /ru/work/vet-clinic/
Checking 1920px /ru/work/pawly/
1920px: 14 EN/RU routes checked
{
  "pages": 112,
  "frames": 810,
  "uniqueRenderedFrames": 126,
  "zoom": 194,
  "failures": [],
  "errors": []
}
