Checking 360px /
Checking 360px /about/
Checking 360px /work/agent-ops-console/
Checking 360px /work/partner-portal/
Checking 360px /work/learn/
Checking 360px /work/vet-clinic/
Checking 360px /work/pawly/
Checking 360px /ru/
Checking 360px /ru/about/
Checking 360px /ru/work/agent-ops-console/
Checking 360px /ru/work/partner-portal/
Checking 360px /ru/work/learn/
Checking 360px /ru/work/vet-clinic/
Checking 360px /ru/work/pawly/
360px: 14 EN/RU routes checked
Checking 820px /
Checking 820px /about/
Checking 820px /work/agent-ops-console/
Checking 820px /work/partner-portal/
Checking 820px /work/learn/
Checking 820px /work/vet-clinic/
Checking 820px /work/pawly/
Checking 820px /ru/
Checking 820px /ru/about/
Checking 820px /ru/work/agent-ops-console/
Checking 820px /ru/work/partner-portal/
Checking 820px /ru/work/learn/
Checking 820px /ru/work/vet-clinic/
Checking 820px /ru/work/pawly/
820px: 14 EN/RU routes checked
Checking 1920px /
Checking 1920px /about/
Checking 1920px /work/agent-ops-console/
Checking 1920px /work/partner-portal/
Checking 1920px /work/learn/
Checking 1920px /work/vet-clinic/
Checking 1920px /work/pawly/
Checking 1920px /ru/
Checking 1920px /ru/about/
Checking 1920px /ru/work/agent-ops-console/
Checking 1920px /ru/work/partner-portal/
Checking 1920px /ru/work/learn/
Checking 1920px /ru/work/vet-clinic/
Checking 1920px /ru/work/pawly/
1920px: 14 EN/RU routes checked
{
  "pages": 42,
  "frames": 304,
  "uniqueRenderedFrames": 0,
  "zoom": 0,
  "failures": [],
  "errors": []
}
