/preview/common/en/agent-ops/ @1440: плашек 5, тезисов 7, подписей и абзацев 21 · agent-ops-pilot 402 слов, 7 кадров
/preview/common/en/agent-ops/ @1024: плашек 5, тезисов 7, подписей и абзацев 21 · agent-ops-pilot 402 слов, 7 кадров
/preview/common/en/agent-ops/ @390: плашек 5, тезисов 6, подписей и абзацев 19 · agent-ops-pilot 366 слов, 6 кадров
/preview/common/en/agent-ops/ @360: плашек 5, тезисов 6, подписей и абзацев 19 · agent-ops-pilot 366 слов, 6 кадров
/preview/common/ru/agent-ops/ @1440: плашек 5, тезисов 7, подписей и абзацев 21 · agent-ops-pilot 333 слов, 7 кадров
/preview/common/ru/agent-ops/ @1024: плашек 5, тезисов 7, подписей и абзацев 21 · agent-ops-pilot 333 слов, 7 кадров
/preview/common/ru/agent-ops/ @390: плашек 5, тезисов 6, подписей и абзацев 19 · agent-ops-pilot 305 слов, 6 кадров
/preview/common/ru/agent-ops/ @360: плашек 5, тезисов 6, подписей и абзацев 19 · agent-ops-pilot 305 слов, 6 кадров
/preview/common/en/partner-portal/ @1440: плашек 4, тезисов 4, подписей и абзацев 8 · portal-common 245 слов, 15 кадров
/preview/common/en/partner-portal/ @1024: плашек 4, тезисов 4, подписей и абзацев 8 · portal-common 245 слов, 15 кадров
/preview/common/en/partner-portal/ @390: плашек 4, тезисов 4, подписей и абзацев 8 · portal-common 245 слов, 15 кадров
/preview/common/en/partner-portal/ @360: плашек 4, тезисов 4, подписей и абзацев 8 · portal-common 245 слов, 15 кадров
/preview/common/ru/partner-portal/ @1440: плашек 4, тезисов 4, подписей и абзацев 8 · portal-common 209 слов, 15 кадров
/preview/common/ru/partner-portal/ @1024: плашек 4, тезисов 4, подписей и абзацев 8 · portal-common 209 слов, 15 кадров
/preview/common/ru/partner-portal/ @390: плашек 4, тезисов 4, подписей и абзацев 8 · portal-common 209 слов, 15 кадров
/preview/common/ru/partner-portal/ @360: плашек 4, тезисов 4, подписей и абзацев 8 · portal-common 209 слов, 15 кадров
/preview/agent-ops-pilot/ @1440: плашек 5, тезисов 7, подписей и абзацев 21 · agent-ops-pilot 402 слов, 7 кадров
/preview/agent-ops-pilot/ @1024: плашек 5, тезисов 7, подписей и абзацев 21 · agent-ops-pilot 402 слов, 7 кадров
/preview/agent-ops-pilot/ @390: плашек 5, тезисов 6, подписей и абзацев 19 · agent-ops-pilot 366 слов, 6 кадров
/preview/agent-ops-pilot/ @360: плашек 5, тезисов 6, подписей и абзацев 19 · agent-ops-pilot 366 слов, 6 кадров
/kit/ @1440: плашек 19, тезисов 10, подписей и абзацев 40 · case-demo 281 слов, 10 кадров
/kit/ @1024: плашек 19, тезисов 10, подписей и абзацев 40 · case-demo 281 слов, 10 кадров
/kit/ @390: плашек 19, тезисов 10, подписей и абзацев 40 · case-demo 281 слов, 10 кадров
/kit/ @360: плашек 19, тезисов 10, подписей и абзацев 40 · case-demo 281 слов, 10 кадров

✓ harmony-check: нарушений нет
