/preview/common/en/agent-ops/ 1440 900 focus 1 reduce 0 duplicates 0
/preview/common/en/agent-ops/ 1024 900 focus 1 reduce 0 duplicates 0
/preview/common/en/agent-ops/ 390 844 focus 0 reduce 0 duplicates 0
/preview/common/en/agent-ops/ 360 800 focus 0 reduce 0 duplicates 0
/preview/common/en/agent-ops/ 1440 600 focus 0 reduce 0 duplicates 0
/preview/common/en/partner-portal/ 1440 900 focus 0 reduce 0 duplicates 0
/preview/common/en/partner-portal/ 1024 900 focus 0 reduce 0 duplicates 0
/preview/common/en/partner-portal/ 390 844 focus 0 reduce 0 duplicates 0
/preview/common/en/partner-portal/ 360 800 focus 0 reduce 0 duplicates 0
/preview/common/en/partner-portal/ 1440 600 focus 0 reduce 0 duplicates 0
/preview/common/ru/agent-ops/ 1440 900 focus 1 reduce 0 duplicates 0
/preview/common/ru/agent-ops/ 1024 900 focus 1 reduce 0 duplicates 0
/preview/common/ru/agent-ops/ 390 844 focus 0 reduce 0 duplicates 0
/preview/common/ru/agent-ops/ 360 800 focus 0 reduce 0 duplicates 0
/preview/common/ru/agent-ops/ 1440 600 focus 0 reduce 0 duplicates 0
/preview/common/ru/partner-portal/ 1440 900 focus 0 reduce 0 duplicates 0
/preview/common/ru/partner-portal/ 1024 900 focus 0 reduce 0 duplicates 0
/preview/common/ru/partner-portal/ 390 844 focus 0 reduce 0 duplicates 0
/preview/common/ru/partner-portal/ 360 800 focus 0 reduce 0 duplicates 0
/preview/common/ru/partner-portal/ 1440 600 focus 0 reduce 0 duplicates 0
