/preview/common/en/agent-ops/ reduce 1440 900 overflow 0 errors 0
/preview/common/en/agent-ops/ reduce 1024 900 overflow 0 errors 0
/preview/common/en/agent-ops/ reduce 390 844 overflow 0 errors 0
/preview/common/en/agent-ops/ reduce 360 800 overflow 0 errors 0
/preview/common/en/agent-ops/ reduce 1440 600 overflow 0 errors 0
/preview/common/en/agent-ops/ no-js 1440 900 overflow 0 errors 0
/preview/common/en/agent-ops/ no-js 1024 900 overflow 0 errors 0
/preview/common/en/agent-ops/ no-js 390 844 overflow 0 errors 0
/preview/common/en/agent-ops/ no-js 360 800 overflow 0 errors 0
/preview/common/en/agent-ops/ no-js 1440 600 overflow 0 errors 0
/preview/common/en/partner-portal/ reduce 1440 900 overflow 0 errors 0
/preview/common/en/partner-portal/ reduce 1024 900 overflow 0 errors 0
/preview/common/en/partner-portal/ reduce 390 844 overflow 0 errors 0
/preview/common/en/partner-portal/ reduce 360 800 overflow 0 errors 0
/preview/common/en/partner-portal/ reduce 1440 600 overflow 0 errors 0
/preview/common/en/partner-portal/ no-js 1440 900 overflow 0 errors 0
/preview/common/en/partner-portal/ no-js 1024 900 overflow 0 errors 0
/preview/common/en/partner-portal/ no-js 390 844 overflow 0 errors 0
/preview/common/en/partner-portal/ no-js 360 800 overflow 0 errors 0
/preview/common/en/partner-portal/ no-js 1440 600 overflow 0 errors 0
/preview/common/ru/agent-ops/ reduce 1440 900 overflow 0 errors 0
/preview/common/ru/agent-ops/ reduce 1024 900 overflow 0 errors 0
/preview/common/ru/agent-ops/ reduce 390 844 overflow 0 errors 0
/preview/common/ru/agent-ops/ reduce 360 800 overflow 0 errors 0
/preview/common/ru/agent-ops/ reduce 1440 600 overflow 0 errors 0
/preview/common/ru/agent-ops/ no-js 1440 900 overflow 0 errors 0
/preview/common/ru/agent-ops/ no-js 1024 900 overflow 0 errors 0
/preview/common/ru/agent-ops/ no-js 390 844 overflow 0 errors 0
/preview/common/ru/agent-ops/ no-js 360 800 overflow 0 errors 0
/preview/common/ru/agent-ops/ no-js 1440 600 overflow 0 errors 0
/preview/common/ru/partner-portal/ reduce 1440 900 overflow 0 errors 0
/preview/common/ru/partner-portal/ reduce 1024 900 overflow 0 errors 0
/preview/common/ru/partner-portal/ reduce 390 844 overflow 0 errors 0
/preview/common/ru/partner-portal/ reduce 360 800 overflow 0 errors 0
/preview/common/ru/partner-portal/ reduce 1440 600 overflow 0 errors 0
/preview/common/ru/partner-portal/ no-js 1440 900 overflow 0 errors 0
/preview/common/ru/partner-portal/ no-js 1024 900 overflow 0 errors 0
/preview/common/ru/partner-portal/ no-js 390 844 overflow 0 errors 0
/preview/common/ru/partner-portal/ no-js 360 800 overflow 0 errors 0
/preview/common/ru/partner-portal/ no-js 1440 600 overflow 0 errors 0
