
> site-portfolio@0.1.0 check:harmony
> node scripts/harmony-check.mjs --base=http://127.0.0.1:4425 --widths=1440,360 / /ru/ /about/ /ru/about/ /work/agent-ops-console/ /ru/work/agent-ops-console/ /work/partner-portal/ /ru/work/partner-portal/ /work/learn/ /ru/work/learn/ /work/vet-clinic/ /ru/work/vet-clinic/ /work/pawly/ /ru/work/pawly/ /404/ /ru/404/

/ @1440: плашек 0, тезисов 0, подписей и абзацев 0
/ @360: плашек 0, тезисов 0, подписей и абзацев 0
/ru/ @1440: плашек 0, тезисов 0, подписей и абзацев 0
/ru/ @360: плашек 0, тезисов 0, подписей и абзацев 0
/about/ @1440: плашек 0, тезисов 0, подписей и абзацев 0
/about/ @360: плашек 0, тезисов 0, подписей и абзацев 0
/ru/about/ @1440: плашек 0, тезисов 0, подписей и абзацев 0
/ru/about/ @360: плашек 0, тезисов 0, подписей и абзацев 0
/work/agent-ops-console/ @1440: плашек 5, тезисов 7, подписей и абзацев 19 · case-agent-ops-console 383 слов, 7 кадров
/work/agent-ops-console/ @360: плашек 5, тезисов 6, подписей и абзацев 18 · case-agent-ops-console 356 слов, 6 кадров
/ru/work/agent-ops-console/ @1440: плашек 5, тезисов 7, подписей и абзацев 19 · case-agent-ops-console 309 слов, 7 кадров
/ru/work/agent-ops-console/ @360: плашек 5, тезисов 6, подписей и абзацев 18 · case-agent-ops-console 291 слов, 6 кадров
/work/partner-portal/ @1440: плашек 8, тезисов 8, подписей и абзацев 16 · case-partner-portal 371 слов, 12 кадров
/work/partner-portal/ @360: плашек 8, тезисов 8, подписей и абзацев 16 · case-partner-portal 371 слов, 12 кадров
/ru/work/partner-portal/ @1440: плашек 8, тезисов 8, подписей и абзацев 16 · case-partner-portal 338 слов, 12 кадров
/ru/work/partner-portal/ @360: плашек 8, тезисов 8, подписей и абзацев 16 · case-partner-portal 338 слов, 12 кадров
/work/learn/ @1440: плашек 8, тезисов 7, подписей и абзацев 18 · case-learn 350 слов, 15 кадров
/work/learn/ @360: плашек 8, тезисов 7, подписей и абзацев 18 · case-learn 350 слов, 13 кадров
/ru/work/learn/ @1440: плашек 8, тезисов 7, подписей и абзацев 18 · case-learn 312 слов, 15 кадров
/ru/work/learn/ @360: плашек 8, тезисов 7, подписей и абзацев 18 · case-learn 312 слов, 13 кадров
/work/vet-clinic/ @1440: плашек 8, тезисов 7, подписей и абзацев 11 · case-vet-clinic 282 слов, 10 кадров
/work/vet-clinic/ @360: плашек 8, тезисов 7, подписей и абзацев 11 · case-vet-clinic 282 слов, 8 кадров
/ru/work/vet-clinic/ @1440: плашек 8, тезисов 7, подписей и абзацев 11 · case-vet-clinic 237 слов, 10 кадров
/ru/work/vet-clinic/ @360: плашек 8, тезисов 7, подписей и абзацев 11 · case-vet-clinic 237 слов, 8 кадров
/work/pawly/ @1440: плашек 9, тезисов 7, подписей и абзацев 12 · case-pawly 284 слов, 14 кадров
/work/pawly/ @360: плашек 9, тезисов 7, подписей и абзацев 12 · case-pawly 284 слов, 14 кадров
/ru/work/pawly/ @1440: плашек 9, тезисов 7, подписей и абзацев 12 · case-pawly 239 слов, 14 кадров
/ru/work/pawly/ @360: плашек 9, тезисов 7, подписей и абзацев 12 · case-pawly 239 слов, 14 кадров
/404/ @1440: плашек 0, тезисов 0, подписей и абзацев 0
/404/ @360: плашек 0, тезисов 0, подписей и абзацев 0
/ru/404/ @1440: плашек 0, тезисов 0, подписей и абзацев 0
/ru/404/ @360: плашек 0, тезисов 0, подписей и абзацев 0

✓ harmony-check: нарушений нет
