PASS contact/footer / 1440
PASS contact/footer /ru/ 1440
PASS contact/footer /about 1440
PASS contact/footer /ru/about 1440
PASS contact/footer /work/agent-ops-console 1440
PASS contact/footer /ru/work/agent-ops-console 1440
PASS contact/footer /work/partner-portal 1440
PASS contact/footer /ru/work/partner-portal 1440
PASS contact/footer /work/learn 1440
PASS contact/footer /ru/work/learn 1440
PASS contact/footer /work/vet-clinic 1440
PASS contact/footer /ru/work/vet-clinic 1440
PASS contact/footer /work/pawly 1440
PASS contact/footer /ru/work/pawly 1440
PASS contact/footer /404 1440
PASS contact/footer /500 1440
PASS contact/footer / 360
PASS contact/footer /ru/ 360
PASS contact/footer /about 360
PASS contact/footer /ru/about 360
PASS contact/footer /work/agent-ops-console 360
PASS contact/footer /ru/work/agent-ops-console 360
PASS contact/footer /work/partner-portal 360
PASS contact/footer /ru/work/partner-portal 360
PASS contact/footer /work/learn 360
PASS contact/footer /ru/work/learn 360
PASS contact/footer /work/vet-clinic 360
PASS contact/footer /ru/work/vet-clinic 360
PASS contact/footer /work/pawly 360
PASS contact/footer /ru/work/pawly 360
PASS contact/footer /404 360
PASS contact/footer /500 360
PASS 34 route/width observations; 9 control checks
