
> site-portfolio@0.1.0 check:css
> node scripts/check-scoped-css.cjs

/: мёртвых правил 0
/about: мёртвых правил 0
/work/agent-ops-console: мёртвых правил 0
/work/partner-portal: мёртвых правил 0
/work/vet-clinic: мёртвых правил 0
/work/pawly: мёртвых правил 0
/ru/: мёртвых правил 0
/404: мёртвых правил 0
/500: мёртвых правил 0
/preview/agent-ops-pilot: мёртвых правил 0
/preview/partner-portal-pilot: мёртвых правил 0
/kit: мёртвых правил 0
/preview/common: мёртвых правил 0
/preview/common/en/agent-ops: мёртвых правил 0
/preview/common/en/partner-portal: мёртвых правил 0
/preview/common/ru/agent-ops: мёртвых правил 0
/preview/common/ru/partner-portal: мёртвых правил 0
/preview/learn-rebuild/en: мёртвых правил 0
/preview/learn-rebuild/ru: мёртвых правил 0
/preview/partner-portal-rebuild/en: мёртвых правил 0
/preview/partner-portal-rebuild/ru: мёртвых правил 0
/preview/pawly-rebuild/en: мёртвых правил 0
/preview/pawly-rebuild/ru: мёртвых правил 0
