
> site-portfolio@0.1.0 check:harmony
> node scripts/harmony-check.mjs --base=http://127.0.0.1:4352 --widths=1440,1024,390,360 / /ru/ /about/ /ru/about/ /work/agent-ops-console/ /work/partner-portal/ /work/learn/ /work/vet-clinic/ /work/pawly/ /ru/work/agent-ops-console/ /ru/work/partner-portal/ /ru/work/learn/ /ru/work/vet-clinic/ /ru/work/pawly/ /404 /500 /kit/ /preview/common/ /preview/common/en/agent-ops/ /preview/common/ru/agent-ops/ /preview/common/en/partner-portal/ /preview/common/ru/partner-portal/ /preview/agent-ops-pilot/ /preview/partner-portal-pilot/

/ @1440: плашек 0, тезисов 0, подписей и абзацев 0
/ @1024: плашек 0, тезисов 0, подписей и абзацев 0
/ @390: плашек 0, тезисов 0, подписей и абзацев 0
/ @360: плашек 0, тезисов 0, подписей и абзацев 0
/ru/ @1440: плашек 0, тезисов 0, подписей и абзацев 0
/ru/ @1024: плашек 0, тезисов 0, подписей и абзацев 0
/ru/ @390: плашек 0, тезисов 0, подписей и абзацев 0
/ru/ @360: плашек 0, тезисов 0, подписей и абзацев 0
/about/ @1440: плашек 0, тезисов 0, подписей и абзацев 0
/about/ @1024: плашек 0, тезисов 0, подписей и абзацев 0
/about/ @390: плашек 0, тезисов 0, подписей и абзацев 0
/about/ @360: плашек 0, тезисов 0, подписей и абзацев 0
/ru/about/ @1440: плашек 0, тезисов 0, подписей и абзацев 0
/ru/about/ @1024: плашек 0, тезисов 0, подписей и абзацев 0
/ru/about/ @390: плашек 0, тезисов 0, подписей и абзацев 0
/ru/about/ @360: плашек 0, тезисов 0, подписей и абзацев 0
/work/agent-ops-console/ @1440: плашек 0, тезисов 0, подписей и абзацев 0
/work/agent-ops-console/ @1024: плашек 0, тезисов 0, подписей и абзацев 0
/work/agent-ops-console/ @390: плашек 0, тезисов 0, подписей и абзацев 0
/work/agent-ops-console/ @360: плашек 0, тезисов 0, подписей и абзацев 0
/work/partner-portal/ @1440: плашек 0, тезисов 0, подписей и абзацев 0
/work/partner-portal/ @1024: плашек 0, тезисов 0, подписей и абзацев 0
/work/partner-portal/ @390: плашек 0, тезисов 0, подписей и абзацев 0
/work/partner-portal/ @360: плашек 0, тезисов 0, подписей и абзацев 0
/work/learn/ @1440: плашек 0, тезисов 0, подписей и абзацев 0
/work/learn/ @1024: плашек 0, тезисов 0, подписей и абзацев 0
/work/learn/ @390: плашек 0, тезисов 0, подписей и абзацев 0
/work/learn/ @360: плашек 0, тезисов 0, подписей и абзацев 0
/work/vet-clinic/ @1440: плашек 0, тезисов 0, подписей и абзацев 0
/work/vet-clinic/ @1024: плашек 0, тезисов 0, подписей и абзацев 0
/work/vet-clinic/ @390: плашек 0, тезисов 0, подписей и абзацев 0
/work/vet-clinic/ @360: плашек 0, тезисов 0, подписей и абзацев 0
/work/pawly/ @1440: плашек 0, тезисов 0, подписей и абзацев 0
/work/pawly/ @1024: плашек 0, тезисов 0, подписей и абзацев 0
/work/pawly/ @390: плашек 0, тезисов 0, подписей и абзацев 0
/work/pawly/ @360: плашек 0, тезисов 0, подписей и абзацев 0
/ru/work/agent-ops-console/ @1440: плашек 0, тезисов 0, подписей и абзацев 0
/ru/work/agent-ops-console/ @1024: плашек 0, тезисов 0, подписей и абзацев 0
/ru/work/agent-ops-console/ @390: плашек 0, тезисов 0, подписей и абзацев 0
/ru/work/agent-ops-console/ @360: плашек 0, тезисов 0, подписей и абзацев 0
/ru/work/partner-portal/ @1440: плашек 0, тезисов 0, подписей и абзацев 0
/ru/work/partner-portal/ @1024: плашек 0, тезисов 0, подписей и абзацев 0
/ru/work/partner-portal/ @390: плашек 0, тезисов 0, подписей и абзацев 0
/ru/work/partner-portal/ @360: плашек 0, тезисов 0, подписей и абзацев 0
/ru/work/learn/ @1440: плашек 0, тезисов 0, подписей и абзацев 0
/ru/work/learn/ @1024: плашек 0, тезисов 0, подписей и абзацев 0
/ru/work/learn/ @390: плашек 0, тезисов 0, подписей и абзацев 0
/ru/work/learn/ @360: плашек 0, тезисов 0, подписей и абзацев 0
/ru/work/vet-clinic/ @1440: плашек 0, тезисов 0, подписей и абзацев 0
/ru/work/vet-clinic/ @1024: плашек 0, тезисов 0, подписей и абзацев 0
/ru/work/vet-clinic/ @390: плашек 0, тезисов 0, подписей и абзацев 0
/ru/work/vet-clinic/ @360: плашек 0, тезисов 0, подписей и абзацев 0
/ru/work/pawly/ @1440: плашек 0, тезисов 0, подписей и абзацев 0
/ru/work/pawly/ @1024: плашек 0, тезисов 0, подписей и абзацев 0
/ru/work/pawly/ @390: плашек 0, тезисов 0, подписей и абзацев 0
/ru/work/pawly/ @360: плашек 0, тезисов 0, подписей и абзацев 0
/404 @1440: плашек 0, тезисов 0, подписей и абзацев 0
/404 @1024: плашек 0, тезисов 0, подписей и абзацев 0
/404 @390: плашек 0, тезисов 0, подписей и абзацев 0
/404 @360: плашек 0, тезисов 0, подписей и абзацев 0
/500 @1440: плашек 0, тезисов 0, подписей и абзацев 0
/500 @1024: плашек 0, тезисов 0, подписей и абзацев 0
/500 @390: плашек 0, тезисов 0, подписей и абзацев 0
/500 @360: плашек 0, тезисов 0, подписей и абзацев 0
/kit/ @1440: плашек 19, тезисов 10, подписей и абзацев 40 · case-demo 281 слов, 10 кадров
/kit/ @1024: плашек 19, тезисов 10, подписей и абзацев 40 · case-demo 281 слов, 10 кадров
/kit/ @390: плашек 19, тезисов 10, подписей и абзацев 40 · case-demo 281 слов, 10 кадров
/kit/ @360: плашек 19, тезисов 10, подписей и абзацев 40 · case-demo 281 слов, 10 кадров
/preview/common/ @1440: плашек 0, тезисов 0, подписей и абзацев 0
/preview/common/ @1024: плашек 0, тезисов 0, подписей и абзацев 0
/preview/common/ @390: плашек 0, тезисов 0, подписей и абзацев 0
/preview/common/ @360: плашек 0, тезисов 0, подписей и абзацев 0
/preview/common/en/agent-ops/ @1440: плашек 5, тезисов 7, подписей и абзацев 21 · agent-ops-pilot 402 слов, 7 кадров
/preview/common/en/agent-ops/ @1024: плашек 5, тезисов 7, подписей и абзацев 21 · agent-ops-pilot 402 слов, 7 кадров
/preview/common/en/agent-ops/ @390: плашек 5, тезисов 6, подписей и абзацев 19 · agent-ops-pilot 366 слов, 6 кадров
/preview/common/en/agent-ops/ @360: плашек 5, тезисов 6, подписей и абзацев 19 · agent-ops-pilot 366 слов, 6 кадров
/preview/common/ru/agent-ops/ @1440: плашек 5, тезисов 7, подписей и абзацев 21 · agent-ops-pilot 333 слов, 7 кадров
/preview/common/ru/agent-ops/ @1024: плашек 5, тезисов 7, подписей и абзацев 21 · agent-ops-pilot 333 слов, 7 кадров
/preview/common/ru/agent-ops/ @390: плашек 5, тезисов 6, подписей и абзацев 19 · agent-ops-pilot 305 слов, 6 кадров
/preview/common/ru/agent-ops/ @360: плашек 5, тезисов 6, подписей и абзацев 19 · agent-ops-pilot 305 слов, 6 кадров
/preview/common/en/partner-portal/ @1440: плашек 4, тезисов 4, подписей и абзацев 8 · portal-common 245 слов, 15 кадров
/preview/common/en/partner-portal/ @1024: плашек 4, тезисов 4, подписей и абзацев 8 · portal-common 245 слов, 15 кадров
/preview/common/en/partner-portal/ @390: плашек 4, тезисов 4, подписей и абзацев 8 · portal-common 245 слов, 15 кадров
/preview/common/en/partner-portal/ @360: плашек 4, тезисов 4, подписей и абзацев 8 · portal-common 245 слов, 15 кадров
/preview/common/ru/partner-portal/ @1440: плашек 4, тезисов 4, подписей и абзацев 8 · portal-common 208 слов, 15 кадров
/preview/common/ru/partner-portal/ @1024: плашек 4, тезисов 4, подписей и абзацев 8 · portal-common 208 слов, 15 кадров
/preview/common/ru/partner-portal/ @390: плашек 4, тезисов 4, подписей и абзацев 8 · portal-common 208 слов, 15 кадров
/preview/common/ru/partner-portal/ @360: плашек 4, тезисов 4, подписей и абзацев 8 · portal-common 208 слов, 15 кадров
/preview/agent-ops-pilot/ @1440: плашек 5, тезисов 7, подписей и абзацев 21 · agent-ops-pilot 402 слов, 7 кадров
/preview/agent-ops-pilot/ @1024: плашек 5, тезисов 7, подписей и абзацев 21 · agent-ops-pilot 402 слов, 7 кадров
/preview/agent-ops-pilot/ @390: плашек 5, тезисов 6, подписей и абзацев 19 · agent-ops-pilot 366 слов, 6 кадров
/preview/agent-ops-pilot/ @360: плашек 5, тезисов 6, подписей и абзацев 19 · agent-ops-pilot 366 слов, 6 кадров
/preview/partner-portal-pilot/ @1440: плашек 0, тезисов 1, подписей и абзацев 1
/preview/partner-portal-pilot/ @1024: плашек 0, тезисов 1, подписей и абзацев 1
/preview/partner-portal-pilot/ @390: плашек 0, тезисов 1, подписей и абзацев 1
/preview/partner-portal-pilot/ @360: плашек 0, тезисов 1, подписей и абзацев 1

✓ harmony-check: нарушений нет
