PASS en 1440 home
PASS en 1440 home reload
PASS en 1440 material/onvif-not-found
PASS en 1440 material/onvif-not-found reload
PASS en 1440 trajectory/proekt
PASS en 1440 trajectory/proekt reload
PASS en 1440 player/proekt/0
PASS en 1440 player/proekt/0 reload
PASS en 1440 landing query locale
PASS en 1440 landing reload
PASS en 1440 landing to product click
PASS ru 1440 home
PASS ru 1440 home reload
PASS ru 1440 material/onvif-not-found
PASS ru 1440 material/onvif-not-found reload
PASS ru 1440 trajectory/proekt
PASS ru 1440 trajectory/proekt reload
PASS ru 1440 player/proekt/0
PASS ru 1440 player/proekt/0 reload
PASS ru 1440 landing query locale
PASS ru 1440 landing reload
PASS ru 1440 landing to product click
PASS en 375 home
PASS en 375 home reload
PASS en 375 material/onvif-not-found
PASS en 375 material/onvif-not-found reload
PASS en 375 trajectory/proekt
PASS en 375 trajectory/proekt reload
PASS en 375 player/proekt/0
PASS en 375 player/proekt/0 reload
PASS en 375 landing query locale
PASS en 375 landing reload
PASS en 375 landing to product click
PASS ru 375 home
PASS ru 375 home reload
PASS ru 375 material/onvif-not-found
PASS ru 375 material/onvif-not-found reload
PASS ru 375 trajectory/proekt
PASS ru 375 trajectory/proekt reload
PASS ru 375 player/proekt/0
PASS ru 375 player/proekt/0 reload
PASS ru 375 landing query locale
PASS ru 375 landing reload
PASS ru 375 landing to product click
PASS en 1440 landing EN without JavaScript
PASS en 375 landing EN without JavaScript
PASS 46 observations; 0 browser/network errors
