ok ru1 home card — /ru/work/vet-clinic
ok ru1 case lang — ru
ok ru1 prototype hrefs — [["https://veterinary-clinic-gules.vercel.app/ru","_blank"],["https://veterinary-clinic-gules.vercel.app/ru","_blank"]]
ok ru1 language switch — ["/work/vet-clinic/","/ru/work/vet-clinic/","/work/vet-clinic/","/ru/work/vet-clinic/"]
ok ru1 popup url — https://veterinary-clinic-gules.vercel.app/ru
ok ru1 popup lang
ok ru1 popup index
ok ru1 queue — https://veterinary-clinic-gules.vercel.app/ru/app/vet-day-queue
ok ru1 start visit marsik — https://veterinary-clinic-gules.vercel.app/ru/app/visit-quick-trace?patient=marsik
ok ru1 dose recalculated
ok ru1 saved
ok ru1 F5 keeps trace
ok ru1 Back to queue — https://veterinary-clinic-gules.vercel.app/ru/app/vet-day-queue
ok ru1 case F5
ok ru1 zoom opens — /media/case-vet-ru/storybook-matrix.webp
ok ru1 zoom closes
ok ru1 clip sources — ["/media/case-vet-ru/clip-dose-from-weight.webm","/media/case-vet-ru/clip-dose-from-weight.mp4"]
ok ru1 390 no overflow — 0
ok en2 home card — /work/vet-clinic
ok en2 case lang — en
ok en2 prototype hrefs — [["https://veterinary-clinic-gules.vercel.app/","_blank"],["https://veterinary-clinic-gules.vercel.app/","_blank"]]
ok en2 language switch — ["/work/vet-clinic/","/ru/work/vet-clinic/","/work/vet-clinic/","/ru/work/vet-clinic/"]
ok en2 popup url — https://veterinary-clinic-gules.vercel.app/
ok en2 popup lang
ok en2 popup index
ok en2 queue — https://veterinary-clinic-gules.vercel.app/app/vet-day-queue
ok en2 start visit marsik — https://veterinary-clinic-gules.vercel.app/app/visit-quick-trace?patient=marsik
ok en2 dose recalculated
ok en2 saved
ok en2 F5 keeps trace
ok en2 Back to queue — https://veterinary-clinic-gules.vercel.app/app/vet-day-queue
ok en2 case F5
ok en2 zoom opens — /media/case-vet/storybook-matrix.webp
ok en2 zoom closes
ok en2 clip sources — ["/media/case-vet/clip-dose-from-weight.webm","/media/case-vet/clip-dose-from-weight.mp4"]
ok en2 390 no overflow — 0
ok ru3 home card — /ru/work/vet-clinic
ok ru3 case lang — ru
ok ru3 prototype hrefs — [["https://veterinary-clinic-gules.vercel.app/ru","_blank"],["https://veterinary-clinic-gules.vercel.app/ru","_blank"]]
ok ru3 language switch — ["/work/vet-clinic/","/ru/work/vet-clinic/","/work/vet-clinic/","/ru/work/vet-clinic/"]
ok ru3 popup url — https://veterinary-clinic-gules.vercel.app/ru
ok ru3 popup lang
ok ru3 popup index
ok ru3 queue — https://veterinary-clinic-gules.vercel.app/ru/app/vet-day-queue
ok ru3 start visit marsik — https://veterinary-clinic-gules.vercel.app/ru/app/visit-quick-trace?patient=marsik
ok ru3 dose recalculated
ok ru3 saved
ok ru3 F5 keeps trace
ok ru3 Back to queue — https://veterinary-clinic-gules.vercel.app/ru/app/vet-day-queue
ok ru3 case F5
ok ru3 zoom opens — /media/case-vet-ru/storybook-matrix.webp
ok ru3 zoom closes
ok ru3 clip sources — ["/media/case-vet-ru/clip-dose-from-weight.webm","/media/case-vet-ru/clip-dose-from-weight.mp4"]
ok ru3 390 no overflow — 0
ok no page errors

55 checks, 0 failed
