en 1440x900 full focus 0
en 1440x900 reduce native 0
en 1440x900 no-js native 0
en 1440x600 short native 0
en 1024x900 full focus 0
en 1024x900 reduce native 0
en 1024x900 no-js native 0
en 1024x600 short native 0
en 390x900 full native 0
en 390x900 reduce native 0
en 390x900 no-js native 0
en 390x600 short native 0
en 360x900 full native 0
en 360x900 reduce native 0
en 360x900 no-js native 0
en 360x600 short native 0
ru 1440x900 full focus 0
ru 1440x900 reduce native 0
ru 1440x900 no-js native 0
ru 1440x600 short native 0
ru 1024x900 full focus 0
ru 1024x900 reduce native 0
ru 1024x900 no-js native 0
ru 1024x600 short native 0
ru 390x900 full native 0
ru 390x900 reduce native 0
ru 390x900 no-js native 0
ru 390x600 short native 0
ru 360x900 full native 0
ru 360x900 reduce native 0
ru 360x900 no-js native 0
ru 360x600 short native 0
FAILURES []
