[
  {
    "locale": "en",
    "width": 1440,
    "errors": [],
    "title": "Vet Clinic OS — case rebuild",
    "overflow": false,
    "sections": [
      {
        "id": "room-window",
        "height": 1112
      },
      {
        "id": "role-boundaries",
        "height": 1169
      },
      {
        "id": "one-visit",
        "height": 2396
      },
      {
        "id": "save-is-not-publish",
        "height": 982
      },
      {
        "id": "prototype-boundary",
        "height": 510
      }
    ],
    "images": [],
    "height": 9636
  },
  {
    "locale": "en",
    "width": 390,
    "errors": [],
    "title": "Vet Clinic OS — case rebuild",
    "overflow": false,
    "sections": [
      {
        "id": "room-window",
        "height": 1674
      },
      {
        "id": "role-boundaries",
        "height": 2152
      },
      {
        "id": "one-visit",
        "height": 3146
      },
      {
        "id": "save-is-not-publish",
        "height": 1052
      },
      {
        "id": "prototype-boundary",
        "height": 654
      }
    ],
    "images": [],
    "height": 12026
  },
  {
    "locale": "ru",
    "width": 1440,
    "errors": [],
    "title": "Vet Clinic OS — новая версия кейса",
    "overflow": false,
    "sections": [
      {
        "id": "room-window",
        "height": 1112
      },
      {
        "id": "role-boundaries",
        "height": 1169
      },
      {
        "id": "one-visit",
        "height": 2460
      },
      {
        "id": "save-is-not-publish",
        "height": 1037
      },
      {
        "id": "prototype-boundary",
        "height": 597
      }
    ],
    "images": [],
    "height": 9916
  },
  {
    "locale": "ru",
    "width": 390,
    "errors": [],
    "title": "Vet Clinic OS — новая версия кейса",
    "overflow": false,
    "sections": [
      {
        "id": "room-window",
        "height": 1623
      },
      {
        "id": "role-boundaries",
        "height": 2175
      },
      {
        "id": "one-visit",
        "height": 3151
      },
      {
        "id": "save-is-not-publish",
        "height": 1092
      },
      {
        "id": "prototype-boundary",
        "height": 749
      }
    ],
    "images": [],
    "height": 12207
  }
]
