ffmpeg version 8.1.2-essentials_build-www.gyan.dev Copyright (c) 2000-2026 the FFmpeg developers
  built with gcc 16.1.0 (Rev2, Built by MSYS2 project)
  configuration: --enable-gpl --enable-version3 --enable-static --disable-w32threads --disable-autodetect --enable-cairo --enable-fontconfig --enable-iconv --enable-gnutls --enable-libxml2 --enable-gmp --enable-bzlib --enable-lzma --enable-zlib --enable-libsrt --enable-libssh --enable-libzmq --enable-avisynth --enable-sdl2 --enable-libwebp --enable-libx264 --enable-libx265 --enable-libxvid --enable-libaom --enable-libopenjpeg --enable-libvpx --enable-mediafoundation --enable-libass --enable-libfreetype --enable-libfribidi --enable-libharfbuzz --enable-libvidstab --enable-libvmaf --enable-libzimg --enable-amf --enable-cuda-llvm --enable-cuvid --enable-dxva2 --enable-d3d11va --enable-d3d12va --enable-ffnvcodec --enable-libvpl --enable-nvdec --enable-nvenc --enable-vaapi --enable-openal --enable-libgme --enable-libopenmpt --enable-libopencore-amrwb --enable-libmp3lame --enable-libtheora --enable-libvo-amrwbenc --enable-libgsm --enable-libopencore-amrnb --enable-libopus --enable-libspeex --enable-libvorbis --enable-librubberband
  libavutil      60. 26.102 / 60. 26.102
  libavcodec     62. 28.102 / 62. 28.102
  libavformat    62. 12.102 / 62. 12.102
  libavdevice    62.  3.102 / 62.  3.102
  libavfilter    11. 14.102 / 11. 14.102
  libswscale      9.  5.102 /  9.  5.102
  libswresample   6.  3.102 /  6.  3.102
Input #0, matroska,webm, from 'tasks/portfolio-rebuild/learn/motion/central-raw.webm':
  Metadata:
    ENCODER         : Lavf61.1.100
  Duration: 00:00:16.96, start: 0.000000, bitrate: 728 kb/s
  Stream #0:0(eng): Video: vp8, yuv420p(progressive), 1440x900, SAR 1:1 DAR 8:5, 25 fps, 25 tbr, 1k tbn (default)
    Metadata:
      ENCODER         : Lavc61.3.100 libvpx
      DURATION        : 00:00:16.960000000
Stream mapping:
  Stream #0:0 -> #0:0 (vp8 (native) -> h264 (libx264))
Press [q] to stop, [?] for help
[libx264 @ 000001f68560bc80] using SAR=1/1
[libx264 @ 000001f68560bc80] using cpu capabilities: MMX2 SSE2Fast SSSE3 SSE4.2 AVX FMA3 BMI2 AVX2
[libx264 @ 000001f68560bc80] profile High, level 4.0, 4:2:0, 8-bit
[libx264 @ 000001f68560bc80] 264 - core 165 r3223 0480cb0 - H.264/MPEG-4 AVC codec - Copyleft 2003-2025 - http://www.videolan.org/x264.html - options: cabac=1 ref=2 deblock=1:0:0 analyse=0x3:0x113 me=hex subme=6 psy=1 psy_rd=1.00:0.00 mixed_ref=1 me_range=16 chroma_me=1 trellis=1 8x8dct=1 cqm=0 deadzone=21,11 fast_pskip=1 chroma_qp_offset=-2 threads=24 lookahead_threads=4 sliced_threads=0 nr=0 decimate=1 interlaced=0 bluray_compat=0 constrained_intra=0 bframes=3 b_pyramid=2 b_adapt=1 b_bias=0 direct=1 weightb=1 open_gop=0 weightp=1 keyint=250 keyint_min=25 scenecut=40 intra_refresh=0 rc_lookahead=30 rc=crf mbtree=1 crf=18.0 qcomp=0.60 qpmin=0 qpmax=69 qpstep=4 ip_ratio=1.40 aq=1:1.00
Output #0, mp4, to 'tasks/portfolio-rebuild/learn/motion/central.mp4':
  Metadata:
    encoder         : Lavf62.12.102
  Stream #0:0(eng): Video: h264 (avc1 / 0x31637661), yuv420p(tv, bt470bg/unknown/unknown, progressive), 1440x900 [SAR 1:1 DAR 8:5], q=2-31, 25 fps, 12800 tbn (default)
    Metadata:
      encoder         : Lavc62.28.102 libx264
      DURATION        : 00:00:16.960000000
    Side data:
      CPB properties: bitrate max/min/avg: 0/0/0 buffer size: 0 vbv_delay: N/A
frame=  154 fps=0.0 q=23.0 size=     768KiB time=00:00:06.08 bitrate=1034.8kbits/s speed=11.9x elapsed=0:00:00.51
[mp4 @ 000001f685607e80] Starting second pass: moving the moov atom to the beginning of the file
[out#0/mp4 @ 000001f6855c1480] video:1449KiB audio:0KiB subtitle:0KiB other streams:0KiB global headers:0KiB muxing overhead: 0.389877%
frame=  424 fps=0.0 q=-1.0 Lsize=    1455KiB time=00:00:16.88 bitrate= 706.1kbits/s speed=18.8x elapsed=0:00:00.90
[libx264 @ 000001f68560bc80] frame I:4     Avg QP: 5.70  size: 38076
[libx264 @ 000001f68560bc80] frame P:139   Avg QP:13.33  size:  8013
[libx264 @ 000001f68560bc80] frame B:281   Avg QP:11.96  size:   773
[libx264 @ 000001f68560bc80] consecutive B-frames:  7.5% 10.4%  5.7% 76.4%
[libx264 @ 000001f68560bc80] mb I  I16..4: 74.1% 16.7%  9.1%
[libx264 @ 000001f68560bc80] mb P  I16..4:  4.6%  2.0%  0.6%  P16..4:  9.4%  0.6%  0.5%  0.0%  0.0%    skip:82.3%
[libx264 @ 000001f68560bc80] mb B  I16..4:  0.7%  0.0%  0.0%  B16..8:  1.1%  0.2%  0.0%  direct: 1.7%  skip:96.3%  L0:36.7% L1:58.0% BI: 5.3%
[libx264 @ 000001f68560bc80] 8x8 transform intra:22.3% inter:17.7%
[libx264 @ 000001f68560bc80] coded y,uvDC,uvAC intra: 11.0% 15.4% 11.3% inter: 1.7% 2.4% 0.4%
[libx264 @ 000001f68560bc80] i16 v,h,dc,p: 71% 25%  4%  0%
[libx264 @ 000001f68560bc80] i8 v,h,dc,ddl,ddr,vr,hd,vl,hu: 40% 15% 43%  0%  0%  0%  0%  0%  1%
[libx264 @ 000001f68560bc80] i4 v,h,dc,ddl,ddr,vr,hd,vl,hu: 32% 33% 18%  2%  3%  3%  4%  2%  5%
[libx264 @ 000001f68560bc80] i8c dc,h,v,p: 68% 23%  9%  0%
[libx264 @ 000001f68560bc80] Weighted P-Frames: Y:0.7% UV:0.7%
[libx264 @ 000001f68560bc80] ref P L0: 78.0% 22.0%
[libx264 @ 000001f68560bc80] ref B L0: 87.9% 12.1%
[libx264 @ 000001f68560bc80] ref B L1: 96.7%  3.3%
[libx264 @ 000001f68560bc80] kb/s:699.70
