
> open http://127.0.0.1:5174/home?lang=en
✓ TRASSIR Learn · learning concept
  http://127.0.0.1:5174/home?lang=en
[agent-browser] launched browser

> set viewport 1440 1000
✓ Done

> eval JSON.stringify({url:location.href,lang:document.documentElement.lang,stored:sessionStorage.getItem("trassir-learn-locale"),width:innerWidth,scroll:document.documentElement.scrollWidth,text:document.body.innerText,cyrillic:document.body.innerText.match(/[^\n]*[А-Яа-яЁё][^\n]*/g)})
"{\"url\":\"http://127.0.0.1:5174/home?lang=en\",\"lang\":\"en\",\"stored\":\"en\",\"width\":1440,\"scroll\":1440,\"text\":\"Sign in\\nField guide · Right now I am\\nI’m commissioning a site\\nAll 14 resources for this task\\n2 paths for preparation\\nWhere to start\\n\\nOne collection: 6 resources. In order for the whole task; by issue for a specific answer.\\n\\nIn order\\n· 6\\nBy issue\\n· 6\\n01\\nChecking camera power and link\\nHardware · 3 September · 5 min\\n02\\nTRASSIR cannot discover an ONVIF camera: diagnostic sequence\\nTRASSIR OS 4.3 · 12 August · 7 min\\n03\\nAdding an IP camera manually\\nTRASSIR OS 4.2 · 28 July · 11 min\\n04\\nConfiguring recording retention on DuoStation\\nTRASSIR OS 4.3 · 12 August · 12 min\\n05\\nDistributing recordings across disks\\nTRASSIR OS 4.3 · 21 August · 6 min\\n06\\nOperator access rights\\nTRASSIR OS 4.3 · 28 July · 10 min\\nBuild a complete understanding\\n\\nSee the full curriculum and requirements before starting.\\n\\nCommissioning TRASSIR OS at a site with up to 32 cameras\\nYou will be able to deploy and hand over a site independently\\n11 units · 2 h 11 min · concept document\\nTroubleshooting common commissioning faults\\nYou will learn the diagnostic sequence for common on-site faults\\n6 units · 54 min · concept document\\nABOUT THE PLATFORM\\nHow learning works\\nPartner certification\\nContact\\nTRASSIR PRODUCTS\\nTRASSIR OS\\nDuoStation\\nCamera range\\nVideo analytics\\nSUPPORT\\nKnowledge base\\nContact support\\nService status\\nDSSL · TRASSIR Learn — learning platform for partners\",\"cyrillic\":null}"

> errors

> snapshot -i
- generic "Sign inSign inField guide · Right now I amI’m commissioning a siteAll 14 resources for this task 2 p" [ref=e1] clickable [onclick]
  - button "Go to home" [ref=e2]
  - textbox "Describe your task or issue" [ref=e4]
  - button "Sign in" [ref=e3]
  - heading "I’m commissioning a site" [level=1, ref=e11]
    - button "I’m commissioning a site" [expanded=false, ref=e20]
  - link "All 14 resources for this task" [ref=e5]
  - link "2 paths for preparation" [ref=e6]
  - heading "Where to start" [level=2, ref=e7]
  - tab "In order · 6" [selected, ref=e12]
  - tab "By issue · 6" [ref=e13]
  - link "01 Checking camera power and link Hardware · 3 September · 5 min" [ref=e14]
  - link "02 TRASSIR cannot discover an ONVIF camera: diagnostic sequence TRASSIR OS 4.3 · 12 August · 7 min" [ref=e15]
  - link "03 Adding an IP camera manually TRASSIR OS 4.2 · 28 July · 11 min" [ref=e16]
  - link "04 Configuring recording retention on DuoStation TRASSIR OS 4.3 · 12 August · 12 min" [ref=e17]
  - link "05 Distributing recordings across disks TRASSIR OS 4.3 · 21 August · 6 min" [ref=e18]
  - link "06 Operator access rights TRASSIR OS 4.3 · 28 July · 10 min" [ref=e19]
  - heading "Build a complete understanding" [level=2, ref=e8]
  - link "Commissioning TRASSIR OS at a site with up to 32 cameras You will be able to deploy and hand over a site independently 11 units · 2 h 11 min · concept document" [ref=e9]
  - link "Troubleshooting common commissioning faults You will learn the diagnostic sequence for common on-site faults 6 units · 54 min · concept document" [ref=e10]

> click @e5
✓ Done

> eval JSON.stringify({url:location.href,lang:document.documentElement.lang,stored:sessionStorage.getItem("trassir-learn-locale"),width:innerWidth,scroll:document.documentElement.scrollWidth,text:document.body.innerText,cyrillic:document.body.innerText.match(/[^\n]*[А-Яа-яЁё][^\n]*/g)})
"{\"url\":\"http://127.0.0.1:5174/catalog?task=setup&lang=en\",\"lang\":\"en\",\"stored\":\"en\",\"width\":1440,\"scroll\":1440,\"text\":\"Sign in\\nField guide\\nCatalog\\n\\nResources for work questions and paths for structured learning.\\n\\nCounts show resources matching the other filters and the selected task.\\n\\nPRODUCT\\nTRASSIR OS\\n12\\nActiveDome\\n0\\nNeuroStation\\n0\\nHardware\\n2\\nTOPIC\\nSystem design\\n0\\nCommissioning\\n9\\nVideo analytics\\n0\\nOperation and maintenance\\n5\\nVERSION\\n4.3\\n12\\n4.2\\n1\\n4.1\\n1\\n\\nResources: 14 · Learning paths: 2 · Resources shown: 5\\n\\nGo to resources\\nGo to learning paths\\nTask: I’m commissioning a site\\n×\\nOpen full catalog\\nResources\\n14\\nTRASSIR cannot discover an ONVIF camera: diagnostic sequence\\nPower and link, ONVIF response on port 80, credentials and stream profile.\\nTRASSIR OS 4.3 · 12 August · 7 min\\nConfiguring recording retention on DuoStation\\nCalculate retention from bitrate and camera count, and define behaviour when storage fills.\\nTRASSIR OS 4.3 · 12 August · 12 min\\nOperator access rights\\nWhat the operator sees, what the supervisor sees and what stays closed.\\nTRASSIR OS 4.3 · 28 July · 10 min\\nChecking camera power and link\\nWhat to check on the switch and camera before changing TRASSIR settings.\\nHardware · 3 September · 5 min\\nAdding an IP camera manually\\nWhen auto-discovery cannot find the device: RTSP URL, port, profile and stream check.\\nTRASSIR OS 4.2 · 28 July · 11 min\\nShowing 5 of 14 resources\\nShow more: 5\\nLearning paths\\n2\\n\\nPaths for the selected task.\\n\\nCommissioning TRASSIR OS at a site with up to 32 cameras\\nYou will be able to deploy and hand over a site independently\\n11 units · 2 h 11 min · concept document\\nTroubleshooting common commissioning faults\\nYou will learn the diagnostic sequence for common on-site faults\\n6 units · 54 min · concept document\",\"cyrillic\":null}"

> errors

> snapshot -i
- generic "Sign inSign inField guideCatalogResources for work questions and paths for structured learning.Filte" [ref=e1] clickable [onclick]
  - button "Go to home" [ref=e2]
  - textbox "Search resources and learning paths" [ref=e7]
  - button "Sign in" [ref=e3]
  - heading "Catalog" [level=1, ref=e8]
  - heading "PRODUCT" [level=2, ref=e19]
  - button "TRASSIR OS 12" [ref=e20]
  - button "ActiveDome 0" [ref=e21]
  - button "NeuroStation 0" [ref=e22]
  - button "Hardware 2" [ref=e23]
  - heading "TOPIC" [level=2, ref=e24]
  - button "System design 0" [ref=e25]
  - button "Commissioning 9" [ref=e26]
  - button "Video analytics 0" [ref=e27]
  - button "Operation and maintenance 5" [ref=e28]
  - heading "VERSION" [level=2, ref=e29]
  - button "4.3 12" [ref=e30]
  - button "4.2 1" [ref=e31]
  - button "4.1 1" [ref=e32]
  - navigation "Catalog sections" [ref=e4]
    - link "Go to resources" [ref=e9]
    - link "Go to learning paths" [ref=e10]
  - button "Remove task I’m commissioning a site" [ref=e5]
  - link "Open full catalog" [ref=e6]
  - heading "Resources" [level=2, ref=e33]
  - link "TRASSIR cannot discover an ONVIF camera: diagnostic sequence Power and link, ONVIF response on port 80, credentials and stream profile. TRASSIR OS 4.3 · 12 August · 7 min" [ref=e11]
  - link "Configuring recording retention on DuoStation Calculate retention from bitrate and camera count, and define behaviour when storage fills. TRASSIR OS 4.3 · 12 August · 12 min" [ref=e12]
  - link "Operator access rights What the operator sees, what the supervisor sees and what stays closed. TRASSIR OS 4.3 · 28 July · 10 min" [ref=e13]
  - link "Checking camera power and link What to check on the switch and camera before changing TRASSIR settings. Hardware · 3 September · 5 min" [ref=e14]
  - link "Adding an IP camera manually When auto-discovery cannot find the device: RTSP URL, port, profile and stream check. TRASSIR OS 4.2 · 28 July · 11 min" [ref=e15]
  - button "Show more: 5" [ref=e16]
  - heading "Learning paths" [level=2, ref=e34]
  - link "Commissioning TRASSIR OS at a site with up to 32 cameras You will be able to deploy and hand over a site independently 11 units · 2 h 11 min · concept document" [ref=e17]
  - link "Troubleshooting common commissioning faults You will learn the diagnostic sequence for common on-site faults 6 units · 54 min · concept document" [ref=e18]

> click @e26
✓ Done

> eval JSON.stringify({url:location.href,lang:document.documentElement.lang,stored:sessionStorage.getItem("trassir-learn-locale"),width:innerWidth,scroll:document.documentElement.scrollWidth,text:document.body.innerText,cyrillic:document.body.innerText.match(/[^\n]*[А-Яа-яЁё][^\n]*/g)})
"{\"url\":\"http://127.0.0.1:5174/catalog?task=setup&theme=%D0%9F%D1%83%D1%81%D0%BA%D0%BE%D0%BD%D0%B0%D0%BB%D0%B0%D0%B4%D0%BA%D0%B0&lang=en\",\"lang\":\"en\",\"stored\":\"en\",\"width\":1440,\"scroll\":1440,\"text\":\"Sign in\\nField guide\\nCatalog\\n\\nResources for work questions and paths for structured learning.\\n\\nCounts show resources matching the other filters and the selected task.\\n\\nPRODUCT\\nTRASSIR OS\\n7\\nActiveDome\\n0\\nNeuroStation\\n0\\nHardware\\n2\\nTOPIC\\nSystem design\\n0\\nCommissioning\\n9\\nVideo analytics\\n0\\nOperation and maintenance\\n5\\nVERSION\\n4.3\\n8\\n4.2\\n1\\n4.1\\n0\\n\\nResources: 9 · Learning paths: 2 · Resources shown: 5\\n\\nGo to resources\\nGo to learning paths\\nTask: I’m commissioning a site\\n×\\nTopic: Commissioning\\n×\\nReset filters within this task\\nOpen full catalog\\nResources\\n9\\nTRASSIR cannot discover an ONVIF camera: diagnostic sequence\\nPower and link, ONVIF response on port 80, credentials and stream profile.\\nTRASSIR OS 4.3 · 12 August · 7 min\\nConfiguring recording retention on DuoStation\\nCalculate retention from bitrate and camera count, and define behaviour when storage fills.\\nTRASSIR OS 4.3 · 12 August · 12 min\\nChecking camera power and link\\nWhat to check on the switch and camera before changing TRASSIR settings.\\nHardware · 3 September · 5 min\\nAdding an IP camera manually\\nWhen auto-discovery cannot find the device: RTSP URL, port, profile and stream check.\\nTRASSIR OS 4.2 · 28 July · 11 min\\nDistributing recordings across disks\\nHow to distribute recordings across disks so one camera does not consume all the space.\\nTRASSIR OS 4.3 · 21 August · 6 min\\nShowing 5 of 9 resources\\nShow more: 4\\nLearning paths\\n2\\n\\nIncludes paths with at least one matching resource. These filters do not imply compatibility of the entire path.\\n\\nCommissioning TRASSIR OS at a site with up to 32 cameras\\nYou will be able to deploy and hand over a site independently\\n11 units · 2 h 11 min · concept document\\nMatching resources: 4\\nTroubleshooting common commissioning faults\\nYou will learn the diagnostic sequence for common on-site faults\\n6 units · 54 min · concept document\\nMatching resources: 4\",\"cyrillic\":null}"

> errors

> back
http://127.0.0.1:5174/catalog?task=setup&lang=en

> reload
http://127.0.0.1:5174/catalog?task=setup&lang=en

> eval JSON.stringify({url:location.href,lang:document.documentElement.lang,stored:sessionStorage.getItem("trassir-learn-locale"),width:innerWidth,scroll:document.documentElement.scrollWidth,text:document.body.innerText,cyrillic:document.body.innerText.match(/[^\n]*[А-Яа-яЁё][^\n]*/g)})
"{\"url\":\"http://127.0.0.1:5174/catalog?task=setup&lang=en\",\"lang\":\"en\",\"stored\":\"en\",\"width\":1440,\"scroll\":1440,\"text\":\"Sign in\\nField guide\\nCatalog\\n\\nResources for work questions and paths for structured learning.\\n\\nCounts show resources matching the other filters and the selected task.\\n\\nPRODUCT\\nTRASSIR OS\\n12\\nActiveDome\\n0\\nNeuroStation\\n0\\nHardware\\n2\\nTOPIC\\nSystem design\\n0\\nCommissioning\\n9\\nVideo analytics\\n0\\nOperation and maintenance\\n5\\nVERSION\\n4.3\\n12\\n4.2\\n1\\n4.1\\n1\\n\\nResources: 14 · Learning paths: 2 · Resources shown: 5\\n\\nGo to resources\\nGo to learning paths\\nTask: I’m commissioning a site\\n×\\nOpen full catalog\\nResources\\n14\\nTRASSIR cannot discover an ONVIF camera: diagnostic sequence\\nPower and link, ONVIF response on port 80, credentials and stream profile.\\nTRASSIR OS 4.3 · 12 August · 7 min\\nConfiguring recording retention on DuoStation\\nCalculate retention from bitrate and camera count, and define behaviour when storage fills.\\nTRASSIR OS 4.3 · 12 August · 12 min\\nOperator access rights\\nWhat the operator sees, what the supervisor sees and what stays closed.\\nTRASSIR OS 4.3 · 28 July · 10 min\\nChecking camera power and link\\nWhat to check on the switch and camera before changing TRASSIR settings.\\nHardware · 3 September · 5 min\\nAdding an IP camera manually\\nWhen auto-discovery cannot find the device: RTSP URL, port, profile and stream check.\\nTRASSIR OS 4.2 · 28 July · 11 min\\nShowing 5 of 14 resources\\nShow more: 5\\nLearning paths\\n2\\n\\nPaths for the selected task.\\n\\nCommissioning TRASSIR OS at a site with up to 32 cameras\\nYou will be able to deploy and hand over a site independently\\n11 units · 2 h 11 min · concept document\\nTroubleshooting common commissioning faults\\nYou will learn the diagnostic sequence for common on-site faults\\n6 units · 54 min · concept document\",\"cyrillic\":null}"

> errors

> snapshot -i
- generic "Sign inSign inField guideCatalogResources for work questions and paths for structured learning.Filte" [ref=e1] clickable [onclick]
  - button "Go to home" [ref=e2]
  - textbox "Search resources and learning paths" [ref=e7]
  - button "Sign in" [ref=e3]
  - heading "Catalog" [level=1, ref=e8]
  - heading "PRODUCT" [level=2, ref=e19]
  - button "TRASSIR OS 12" [ref=e20]
  - button "ActiveDome 0" [ref=e21]
  - button "NeuroStation 0" [ref=e22]
  - button "Hardware 2" [ref=e23]
  - heading "TOPIC" [level=2, ref=e24]
  - button "System design 0" [ref=e25]
  - button "Commissioning 9" [ref=e26]
  - button "Video analytics 0" [ref=e27]
  - button "Operation and maintenance 5" [ref=e28]
  - heading "VERSION" [level=2, ref=e29]
  - button "4.3 12" [ref=e30]
  - button "4.2 1" [ref=e31]
  - button "4.1 1" [ref=e32]
  - navigation "Catalog sections" [ref=e4]
    - link "Go to resources" [ref=e9]
    - link "Go to learning paths" [ref=e10]
  - button "Remove task I’m commissioning a site" [ref=e5]
  - link "Open full catalog" [ref=e6]
  - heading "Resources" [level=2, ref=e33]
  - link "TRASSIR cannot discover an ONVIF camera: diagnostic sequence Power and link, ONVIF response on port 80, credentials and stream profile. TRASSIR OS 4.3 · 12 August · 7 min" [ref=e11]
  - link "Configuring recording retention on DuoStation Calculate retention from bitrate and camera count, and define behaviour when storage fills. TRASSIR OS 4.3 · 12 August · 12 min" [ref=e12]
  - link "Operator access rights What the operator sees, what the supervisor sees and what stays closed. TRASSIR OS 4.3 · 28 July · 10 min" [ref=e13]
  - link "Checking camera power and link What to check on the switch and camera before changing TRASSIR settings. Hardware · 3 September · 5 min" [ref=e14]
  - link "Adding an IP camera manually When auto-discovery cannot find the device: RTSP URL, port, profile and stream check. TRASSIR OS 4.2 · 28 July · 11 min" [ref=e15]
  - button "Show more: 5" [ref=e16]
  - heading "Learning paths" [level=2, ref=e34]
  - link "Commissioning TRASSIR OS at a site with up to 32 cameras You will be able to deploy and hand over a site independently 11 units · 2 h 11 min · concept document" [ref=e17]
  - link "Troubleshooting common commissioning faults You will learn the diagnostic sequence for common on-site faults 6 units · 54 min · concept document" [ref=e18]

> click @e17
✓ Done

> eval JSON.stringify({url:location.href,lang:document.documentElement.lang,stored:sessionStorage.getItem("trassir-learn-locale"),width:innerWidth,scroll:document.documentElement.scrollWidth,text:document.body.innerText,cyrillic:document.body.innerText.match(/[^\n]*[А-Яа-яЁё][^\n]*/g)})
"{\"url\":\"http://127.0.0.1:5174/trajectory/puskonaladka?lang=en\",\"lang\":\"en\",\"stored\":\"en\",\"width\":1440,\"scroll\":1440,\"text\":\"Sign in\\nI’m commissioning a site\\n/\\nLearning paths\\nCommissioning · learning path\\nCommissioning TRASSIR OS at a site with up to 32 cameras\\n\\nDeploy and hand over a site with up to 32 cameras without escalating to support\\n\\nPath length\\n2 h 11 min\\n10 resources + assessment\\nAssessment\\n20 questions · required: 16 correct\\n30 minutes · 2 attempts · retry after 24 hr\\nOutcome\\nCertified TRASSIR OS Engineer\\nNamed concept document\\nStart learning path\\nSign in to save progress. You can read public resources now.\\nPath curriculum\\nAll 11 units\\n01\\nFirst startup and factory settings\\nResource\\n5 min\\n02\\nAdding an IP camera manually\\nResource\\n11 min\\n03\\nTRASSIR cannot discover an ONVIF camera: diagnostic sequence\\nResource\\n7 min\\n04\\nConfiguring recording retention on DuoStation\\nResource\\n12 min\\n05\\nOperator access rights\\nResource\\n10 min\\n06\\nConfiguring motion detectors\\nResource\\n15 min\\n07\\nRecording redundancy\\nResource\\n13 min\\n08\\nExporting a video clip for the customer\\nResource\\n9 min\\n09\\nChecking recording on every channel before handover\\nResource\\n12 min\\n10\\nSite handover document pack\\nResource\\n7 min\\n11\\nLearning path assessment\\nAssessment\\n30 min\\nWhat the result confirms\\n\\nThe certificate confirms that the engineer deploys TRASSIR OS at a site with up to 32 cameras: configures the server and network, connects cameras, sets archive retention and operator permissions, and completes site handover to the customer. Skills are tested in a 20-question assessment with a passing score of 16. Partner companies see the qualification in their company profile; individuals see it in their personal profile.\\n\\nAn independent learning concept. The document records completion in this prototype and does not award an official DSSL qualification.\\n\\nABOUT THE PLATFORM\\nHow learning works\\nPartner certification\\nContact\\nTRASSIR PRODUCTS\\nTRASSIR OS\\nDuoStation\\nCamera range\\nVideo analytics\\nSUPPORT\\nKnowledge base\\nContact support\\nService status\\nDSSL · TRASSIR Learn — learning platform for partners\",\"cyrillic\":null}"

> errors

> snapshot -i
- generic "Sign inSign inI’m commissioning a site/Learning pathsCommissioning · learning pathCommissioning TRAS" [ref=e1] clickable [onclick]
  - button "Go to home" [ref=e2]
  - textbox "Search resources and learning paths" [ref=e5]
  - button "Sign in" [ref=e3]
  - navigation "Breadcrumbs" [ref=e6]
    - button "I’m commissioning a site" [ref=e23]
    - button "Learning paths" [ref=e24]
  - heading "Commissioning TRASSIR OS at a site with up to 32 cameras" [level=1, ref=e7]
  - link "2 h 11 min" [ref=e8]
  - button "Start learning path" [ref=e9]
  - region "Path curriculum" [ref=e4]
    - heading "Path curriculum" [level=2, ref=e10]
    - link "01 First startup and factory settings Resource 5 min" [ref=e11]
    - link "02 Adding an IP camera manually Resource 11 min" [ref=e12]
    - link "03 TRASSIR cannot discover an ONVIF camera: diagnostic sequence Resource 7 min" [ref=e13]
    - link "04 Configuring recording retention on DuoStation Resource 12 min" [ref=e14]
    - link "05 Operator access rights Resource 10 min" [ref=e15]
    - link "06 Configuring motion detectors Resource 15 min" [ref=e16]
    - link "07 Recording redundancy Resource 13 min" [ref=e17]
    - link "08 Exporting a video clip for the customer Resource 9 min" [ref=e18]
    - link "09 Checking recording on every channel before handover Resource 12 min" [ref=e19]
    - link "10 Site handover document pack Resource 7 min" [ref=e20]
    - link "11 Learning path assessment Assessment 30 min" [ref=e21]
  - heading "What the result confirms" [level=2, ref=e22]

> click @e3
✓ Done

> eval JSON.stringify({url:location.href,lang:document.documentElement.lang,stored:sessionStorage.getItem("trassir-learn-locale"),width:innerWidth,scroll:document.documentElement.scrollWidth,text:document.body.innerText,cyrillic:document.body.innerText.match(/[^\n]*[А-Яа-яЁё][^\n]*/g)})
"{\"url\":\"http://127.0.0.1:5174/login?returnTo=%2Ftrajectory%2Fpuskonaladka%3Flang%3Den&lang=en\",\"lang\":\"en\",\"stored\":\"en\",\"width\":1440,\"scroll\":1440,\"text\":\"Sign in\\nSign in to save your progress\\n\\nCommissioning TRASSIR OS at a site with up to 32 cameras\\n\\nAfter sign-in, we will return you to your chosen path and unit.\\nWork email or phone\\nContinue\\nSign in with an SMS code\\nReturn without signing in\\n\\nDemo sign-in: use code 123456; 000000 shows an error. No messages are sent. Data is saved only in this browser tab.\",\"cyrillic\":null}"

> errors

> snapshot -i
- generic "Sign inSign inSign in to save your progressCommissioning TRASSIR OS at a site with up to 32 camerasA" [ref=e1] clickable [onclick]
  - button "Go to home" [ref=e2]
  - textbox "Search resources and learning paths" [ref=e7]
  - button "Sign in" [ref=e3]
  - heading "Sign in to save your progress" [level=1, ref=e4]
  - textbox "Work email or phone" [ref=e8]
  - button "Continue" [ref=e9]
  - button "Sign in with an SMS code" [ref=e5]
  - button "Return without signing in" [ref=e6]

> click @e9
✓ Done

> eval JSON.stringify({url:location.href,lang:document.documentElement.lang,stored:sessionStorage.getItem("trassir-learn-locale"),width:innerWidth,scroll:document.documentElement.scrollWidth,text:document.body.innerText,cyrillic:document.body.innerText.match(/[^\n]*[А-Яа-яЁё][^\n]*/g)})
"{\"url\":\"http://127.0.0.1:5174/login?returnTo=%2Ftrajectory%2Fpuskonaladka%3Flang%3Den&lang=en\",\"lang\":\"en\",\"stored\":\"en\",\"width\":1440,\"scroll\":1440,\"text\":\"Sign in\\nSign in to save your progress\\n\\nCommissioning TRASSIR OS at a site with up to 32 cameras\\n\\nAfter sign-in, we will return you to your chosen path and unit.\\nWork email or phone\\nEnter your work email or phone to receive a code\\nContinue\\nSign in with an SMS code\\nReturn without signing in\\n\\nDemo sign-in: use code 123456; 000000 shows an error. No messages are sent. Data is saved only in this browser tab.\",\"cyrillic\":null}"

> errors

> snapshot -i
- generic "Sign inSign inSign in to save your progressCommissioning TRASSIR OS at a site with up to 32 camerasA" [ref=e1] clickable [onclick]
  - button "Go to home" [ref=e2]
  - textbox "Search resources and learning paths" [ref=e7]
  - button "Sign in" [ref=e3]
  - heading "Sign in to save your progress" [level=1, ref=e4]
  - textbox "Work email or phone" [ref=e8]
  - button "Continue" [ref=e9]
  - button "Sign in with an SMS code" [ref=e5]
  - button "Return without signing in" [ref=e6]

> fill @e8 invalid
✓ Done

> snapshot -i
- generic "Sign inSign inSign in to save your progressCommissioning TRASSIR OS at a site with up to 32 camerasA" [ref=e1] clickable [onclick]
  - button "Go to home" [ref=e2]
  - textbox "Search resources and learning paths" [ref=e7]
  - button "Sign in" [ref=e3]
  - heading "Sign in to save your progress" [level=1, ref=e4]
  - textbox "Work email or phone" [ref=e8]: invalid
  - button "Continue" [ref=e9]
  - button "Sign in with an SMS code" [ref=e5]
  - button "Return without signing in" [ref=e6]

> click @e9
✓ Done

> eval JSON.stringify({url:location.href,lang:document.documentElement.lang,stored:sessionStorage.getItem("trassir-learn-locale"),width:innerWidth,scroll:document.documentElement.scrollWidth,text:document.body.innerText,cyrillic:document.body.innerText.match(/[^\n]*[А-Яа-яЁё][^\n]*/g)})
"{\"url\":\"http://127.0.0.1:5174/login?returnTo=%2Ftrajectory%2Fpuskonaladka%3Flang%3Den&lang=en\",\"lang\":\"en\",\"stored\":\"en\",\"width\":1440,\"scroll\":1440,\"text\":\"Sign in\\nSign in to save your progress\\n\\nCommissioning TRASSIR OS at a site with up to 32 cameras\\n\\nAfter sign-in, we will return you to your chosen path and unit.\\nWork email or phone\\nAn email such as name@company.com or a phone number with country code: +7 900 000-00-00\\nContinue\\nSign in with an SMS code\\nReturn without signing in\\n\\nDemo sign-in: use code 123456; 000000 shows an error. No messages are sent. Data is saved only in this browser tab.\",\"cyrillic\":null}"

> errors

> snapshot -i
- generic "Sign inSign inSign in to save your progressCommissioning TRASSIR OS at a site with up to 32 camerasA" [ref=e1] clickable [onclick]
  - button "Go to home" [ref=e2]
  - textbox "Search resources and learning paths" [ref=e7]
  - button "Sign in" [ref=e3]
  - heading "Sign in to save your progress" [level=1, ref=e4]
  - textbox "Work email or phone" [ref=e8]: invalid
  - button "Continue" [ref=e9]
  - button "Sign in with an SMS code" [ref=e5]
  - button "Return without signing in" [ref=e6]

> fill @e8 marina.k@integrator-nw.ru
✓ Done

> snapshot -i
- generic "Sign inSign inSign in to save your progressCommissioning TRASSIR OS at a site with up to 32 camerasA" [ref=e1] clickable [onclick]
  - button "Go to home" [ref=e2]
  - textbox "Search resources and learning paths" [ref=e7]
  - button "Sign in" [ref=e3]
  - heading "Sign in to save your progress" [level=1, ref=e4]
  - textbox "Work email or phone" [ref=e8]: marina.k@integrator-nw.ru
  - button "Continue" [ref=e9]
  - button "Sign in with an SMS code" [ref=e5]
  - button "Return without signing in" [ref=e6]

> click @e9
✓ Done

> wait 700
✓ Done

> eval JSON.stringify({url:location.href,lang:document.documentElement.lang,stored:sessionStorage.getItem("trassir-learn-locale"),width:innerWidth,scroll:document.documentElement.scrollWidth,text:document.body.innerText,cyrillic:document.body.innerText.match(/[^\n]*[А-Яа-яЁё][^\n]*/g)})
"{\"url\":\"http://127.0.0.1:5174/login?returnTo=%2Ftrajectory%2Fpuskonaladka%3Flang%3Den&lang=en\",\"lang\":\"en\",\"stored\":\"en\",\"width\":1440,\"scroll\":1440,\"text\":\"Sign in\\nSign in to save your progress\\n\\nCommissioning TRASSIR OS at a site with up to 32 cameras\\n\\nAfter sign-in, we will return you to your chosen path and unit.\\nWe recognize you\\nAccount created in March 2025 at a DSSL certification session. No password to remember\\nCode delivery channel in this sign-in model\\nSMS code to +7 900 ··· 41\\nEmail to your personal address m···k@gmail.com\\nContinue with selected channel\\nReturn without signing in\\n\\nDemo sign-in: use code 123456; 000000 shows an error. No messages are sent. Data is saved only in this browser tab.\",\"cyrillic\":null}"

> errors

> snapshot -i
- generic "Sign inSign inSign in to save your progressCommissioning TRASSIR OS at a site with up to 32 camerasA" [ref=e1] clickable [onclick]
  - button "Go to home" [ref=e2]
  - textbox "Search resources and learning paths" [ref=e6]
  - button "Sign in" [ref=e3]
  - heading "Sign in to save your progress" [level=1, ref=e4]
  - radio "SMS code to +7 900 ··· 41" [checked=true, ref=e8]
  - radio "Email to your personal address m···k@gmail.com" [checked=false, ref=e9]
  - button "Continue with selected channel" [ref=e7]
  - button "Return without signing in" [ref=e5]

> click @e9
✓ Done

> snapshot -i
- generic "Sign inSign inSign in to save your progressCommissioning TRASSIR OS at a site with up to 32 camerasA" [ref=e1] clickable [onclick]
  - button "Go to home" [ref=e2]
  - textbox "Search resources and learning paths" [ref=e6]
  - button "Sign in" [ref=e3]
  - heading "Sign in to save your progress" [level=1, ref=e4]
  - radio "SMS code to +7 900 ··· 41" [checked=false, ref=e8]
  - radio "Email to your personal address m···k@gmail.com" [checked=true, ref=e9]
  - button "Continue with selected channel" [ref=e7]
  - button "Return without signing in" [ref=e5]

> click @e7
✓ Done

> wait 700
✓ Done

> snapshot -i
- generic "Sign inSign inSign in to save your progressCommissioning TRASSIR OS at a site with up to 32 camerasA" [ref=e1] clickable [onclick]
  - button "Go to home" [ref=e2]
  - textbox "Search resources and learning paths" [ref=e6]
  - button "Sign in" [ref=e3]
  - heading "Sign in to save your progress" [level=1, ref=e4]
  - textbox "Message code" [ref=e7]
  - button "Sign in" [ref=e8]
  - button "Get demo code again" [ref=e9]
  - button "Change email or phone" [ref=e10]
  - button "Return without signing in" [ref=e5]

> click @e8
✓ Done

> eval JSON.stringify({url:location.href,lang:document.documentElement.lang,stored:sessionStorage.getItem("trassir-learn-locale"),width:innerWidth,scroll:document.documentElement.scrollWidth,text:document.body.innerText,cyrillic:document.body.innerText.match(/[^\n]*[А-Яа-яЁё][^\n]*/g)})
"{\"url\":\"http://127.0.0.1:5174/login?returnTo=%2Ftrajectory%2Fpuskonaladka%3Flang%3Den&lang=en\",\"lang\":\"en\",\"stored\":\"en\",\"width\":1440,\"scroll\":1440,\"text\":\"Sign in\\nSign in to save your progress\\n\\nCommissioning TRASSIR OS at a site with up to 32 cameras\\n\\nAfter sign-in, we will return you to your chosen path and unit.\\nEnter the demo code\\nUse 123456 in this prototype. SMS and email delivery are not connected.\\nMessage code\\nEnter the six-digit code from the message\\nSign in\\nGet demo code again\\nChange email or phone\\nReturn without signing in\\n\\nDemo sign-in: use code 123456; 000000 shows an error. No messages are sent. Data is saved only in this browser tab.\",\"cyrillic\":null}"

> errors

> snapshot -i
- generic "Sign inSign inSign in to save your progressCommissioning TRASSIR OS at a site with up to 32 camerasA" [ref=e1] clickable [onclick]
  - button "Go to home" [ref=e2]
  - textbox "Search resources and learning paths" [ref=e6]
  - button "Sign in" [ref=e3]
  - heading "Sign in to save your progress" [level=1, ref=e4]
  - textbox "Message code" [ref=e7]
  - button "Sign in" [ref=e8]
  - button "Get demo code again" [ref=e9]
  - button "Change email or phone" [ref=e10]
  - button "Return without signing in" [ref=e5]

> fill @e7 000000
✓ Done

> snapshot -i
- generic "Sign inSign inSign in to save your progressCommissioning TRASSIR OS at a site with up to 32 camerasA" [ref=e1] clickable [onclick]
  - button "Go to home" [ref=e2]
  - textbox "Search resources and learning paths" [ref=e6]
  - button "Sign in" [ref=e3]
  - heading "Sign in to save your progress" [level=1, ref=e4]
  - textbox "Message code" [ref=e7]: 000000
  - button "Sign in" [ref=e8]
  - button "Get demo code again" [ref=e9]
  - button "Change email or phone" [ref=e10]
  - button "Return without signing in" [ref=e5]

> click @e8
✓ Done

> eval JSON.stringify({url:location.href,lang:document.documentElement.lang,stored:sessionStorage.getItem("trassir-learn-locale"),width:innerWidth,scroll:document.documentElement.scrollWidth,text:document.body.innerText,cyrillic:document.body.innerText.match(/[^\n]*[А-Яа-яЁё][^\n]*/g)})
"{\"url\":\"http://127.0.0.1:5174/login?returnTo=%2Ftrajectory%2Fpuskonaladka%3Flang%3Den&lang=en\",\"lang\":\"en\",\"stored\":\"en\",\"width\":1440,\"scroll\":1440,\"text\":\"Sign in\\nSign in to save your progress\\n\\nCommissioning TRASSIR OS at a site with up to 32 cameras\\n\\nAfter sign-in, we will return you to your chosen path and unit.\\nEnter the demo code\\nUse 123456 in this prototype. SMS and email delivery are not connected.\\nMessage code\\nThat code did not work. Use demo code 123456 in this prototype.\\nSign in\\nGet demo code again\\nChange email or phone\\nReturn without signing in\\n\\nDemo sign-in: use code 123456; 000000 shows an error. No messages are sent. Data is saved only in this browser tab.\",\"cyrillic\":null}"

> errors

> snapshot -i
- generic "Sign inSign inSign in to save your progressCommissioning TRASSIR OS at a site with up to 32 camerasA" [ref=e1] clickable [onclick]
  - button "Go to home" [ref=e2]
  - textbox "Search resources and learning paths" [ref=e6]
  - button "Sign in" [ref=e3]
  - heading "Sign in to save your progress" [level=1, ref=e4]
  - textbox "Message code" [ref=e7]: 000000
  - button "Sign in" [ref=e8]
  - button "Get demo code again" [ref=e9]
  - button "Change email or phone" [ref=e10]
  - button "Return without signing in" [ref=e5]

> click @e9
✓ Done

> eval JSON.stringify({url:location.href,lang:document.documentElement.lang,stored:sessionStorage.getItem("trassir-learn-locale"),width:innerWidth,scroll:document.documentElement.scrollWidth,text:document.body.innerText,cyrillic:document.body.innerText.match(/[^\n]*[А-Яа-яЁё][^\n]*/g)})
"{\"url\":\"http://127.0.0.1:5174/login?returnTo=%2Ftrajectory%2Fpuskonaladka%3Flang%3Den&lang=en\",\"lang\":\"en\",\"stored\":\"en\",\"width\":1440,\"scroll\":1440,\"text\":\"Sign in\\nSign in to save your progress\\n\\nCommissioning TRASSIR OS at a site with up to 32 cameras\\n\\nAfter sign-in, we will return you to your chosen path and unit.\\nEnter the demo code\\nUse 123456 in this prototype. SMS and email delivery are not connected.\\nMessage code\\nSign in\\nGet demo code again\\n\\nThe demo code is still 123456. No SMS or email was sent.\\n\\nChange email or phone\\nReturn without signing in\\n\\nDemo sign-in: use code 123456; 000000 shows an error. No messages are sent. Data is saved only in this browser tab.\",\"cyrillic\":null}"

> errors

> snapshot -i
- generic "Sign inSign inSign in to save your progressCommissioning TRASSIR OS at a site with up to 32 camerasA" [ref=e1] clickable [onclick]
  - button "Go to home" [ref=e2]
  - textbox "Search resources and learning paths" [ref=e6]
  - button "Sign in" [ref=e3]
  - heading "Sign in to save your progress" [level=1, ref=e4]
  - textbox "Message code" [ref=e7]
  - button "Sign in" [ref=e8]
  - button "Get demo code again" [ref=e9]
  - button "Change email or phone" [ref=e10]
  - button "Return without signing in" [ref=e5]

> fill @e7 123456
✓ Done

> snapshot -i
- generic "Sign inSign inSign in to save your progressCommissioning TRASSIR OS at a site with up to 32 camerasA" [ref=e1] clickable [onclick]
  - button "Go to home" [ref=e2]
  - textbox "Search resources and learning paths" [ref=e6]
  - button "Sign in" [ref=e3]
  - heading "Sign in to save your progress" [level=1, ref=e4]
  - textbox "Message code" [ref=e7]: 123456
  - button "Sign in" [ref=e8]
  - button "Get demo code again" [ref=e9]
  - button "Change email or phone" [ref=e10]
  - button "Return without signing in" [ref=e5]

> click @e8
✓ Done

> wait 800
✓ Done

> eval JSON.stringify({url:location.href,lang:document.documentElement.lang,stored:sessionStorage.getItem("trassir-learn-locale"),width:innerWidth,scroll:document.documentElement.scrollWidth,text:document.body.innerText,cyrillic:document.body.innerText.match(/[^\n]*[А-Яа-яЁё][^\n]*/g)})
"{\"url\":\"http://127.0.0.1:5174/trajectory/puskonaladka?lang=en\",\"lang\":\"en\",\"stored\":\"en\",\"width\":1440,\"scroll\":1440,\"text\":\"MK\\nI’m commissioning a site\\n/\\nLearning paths\\nCommissioning · learning path\\nCommissioning TRASSIR OS at a site with up to 32 cameras\\n\\nDeploy and hand over a site with up to 32 cameras without escalating to support\\n\\nPath length\\n2 h 11 min\\n10 resources + assessment\\nAssessment\\n20 questions · required: 16 correct\\n30 minutes · 2 attempts · retry after 24 hr\\nOutcome\\nCertified TRASSIR OS Engineer\\nNamed concept document\\nRead in the reference library 5 of 10\\nCompleted in this path 3 of 11\\nContinue · Configuring recording retention on DuoStation\\nContinue\\nReading adds to resources read. Complete path units for eligibility.\\nPath curriculum\\nAll 11 units\\n01\\nFirst startup and factory settings\\nResource\\nCompleted\\n5 min\\n02\\nAdding an IP camera manually\\nResource\\nCompleted\\n11 min\\n03\\nTRASSIR cannot discover an ONVIF camera: diagnostic sequence\\nResource\\nCompleted\\n7 min\\n04\\nConfiguring recording retention on DuoStation\\nResource\\nContinue here\\n12 min\\n05\\nOperator access rights\\nResource\\nRead · not completed\\n10 min\\n06\\nConfiguring motion detectors\\nResource\\n15 min\\n07\\nRecording redundancy\\nResource\\n13 min\\n08\\nExporting a video clip for the customer\\nResource\\n9 min\\n09\\nChecking recording on every channel before handover\\nResource\\n12 min\\n10\\nSite handover document pack\\nResource\\n7 min\\n11\\nLearning path assessment\\nAssessment\\n30 min\\nWhat the result confirms\\n\\nThe certificate confirms that the engineer deploys TRASSIR OS at a site with up to 32 cameras: configures the server and network, connects cameras, sets archive retention and operator permissions, and completes site handover to the customer. Skills are tested in a 20-question assessment with a passing score of 16. Partner companies see the qualification in their company profile; individuals see it in their personal profile.\\n\\nAn independent learning concept. The document records completion in this prototype and does not award an official DSSL qualification.\\n\\nABOUT THE PLATFORM\\nHow learning works\\nPartner certification\\nContact\\nTRASSIR PRODUCTS\\nTRASSIR OS\\nDuoStation\\nCamera range\\nVideo analytics\\nSUPPORT\\nKnowledge base\\nContact support\\nService status\\nDSSL · TRASSIR Learn — learning platform for partners\\nYou are signed in as Marina Kovaleva\",\"cyrillic\":null}"

> errors

> reload
http://127.0.0.1:5174/trajectory/puskonaladka?lang=en

> eval JSON.stringify({url:location.href,lang:document.documentElement.lang,stored:sessionStorage.getItem("trassir-learn-locale"),width:innerWidth,scroll:document.documentElement.scrollWidth,text:document.body.innerText,cyrillic:document.body.innerText.match(/[^\n]*[А-Яа-яЁё][^\n]*/g)})
"{\"url\":\"http://127.0.0.1:5174/trajectory/puskonaladka?lang=en\",\"lang\":\"en\",\"stored\":\"en\",\"width\":1440,\"scroll\":1440,\"text\":\"MK\\nI’m commissioning a site\\n/\\nLearning paths\\nCommissioning · learning path\\nCommissioning TRASSIR OS at a site with up to 32 cameras\\n\\nDeploy and hand over a site with up to 32 cameras without escalating to support\\n\\nPath length\\n2 h 11 min\\n10 resources + assessment\\nAssessment\\n20 questions · required: 16 correct\\n30 minutes · 2 attempts · retry after 24 hr\\nOutcome\\nCertified TRASSIR OS Engineer\\nNamed concept document\\nRead in the reference library 5 of 10\\nCompleted in this path 3 of 11\\nContinue · Configuring recording retention on DuoStation\\nContinue\\nReading adds to resources read. Complete path units for eligibility.\\nPath curriculum\\nAll 11 units\\n01\\nFirst startup and factory settings\\nResource\\nCompleted\\n5 min\\n02\\nAdding an IP camera manually\\nResource\\nCompleted\\n11 min\\n03\\nTRASSIR cannot discover an ONVIF camera: diagnostic sequence\\nResource\\nCompleted\\n7 min\\n04\\nConfiguring recording retention on DuoStation\\nResource\\nContinue here\\n12 min\\n05\\nOperator access rights\\nResource\\nRead · not completed\\n10 min\\n06\\nConfiguring motion detectors\\nResource\\n15 min\\n07\\nRecording redundancy\\nResource\\n13 min\\n08\\nExporting a video clip for the customer\\nResource\\n9 min\\n09\\nChecking recording on every channel before handover\\nResource\\n12 min\\n10\\nSite handover document pack\\nResource\\n7 min\\n11\\nLearning path assessment\\nAssessment\\n30 min\\nWhat the result confirms\\n\\nThe certificate confirms that the engineer deploys TRASSIR OS at a site with up to 32 cameras: configures the server and network, connects cameras, sets archive retention and operator permissions, and completes site handover to the customer. Skills are tested in a 20-question assessment with a passing score of 16. Partner companies see the qualification in their company profile; individuals see it in their personal profile.\\n\\nAn independent learning concept. The document records completion in this prototype and does not award an official DSSL qualification.\\n\\nABOUT THE PLATFORM\\nHow learning works\\nPartner certification\\nContact\\nTRASSIR PRODUCTS\\nTRASSIR OS\\nDuoStation\\nCamera range\\nVideo analytics\\nSUPPORT\\nKnowledge base\\nContact support\\nService status\\nDSSL · TRASSIR Learn — learning platform for partners\",\"cyrillic\":null}"

> errors

> snapshot -i
- generic "MKMKI’m commissioning a site/Learning pathsCommissioning · learning pathCommissioning TRASSIR OS at" [ref=e1] clickable [onclick]
  - button "Go to home" [ref=e2]
  - textbox "Search resources and learning paths" [ref=e5]
  - button "My learning" [ref=e3]
  - navigation "Breadcrumbs" [ref=e6]
    - button "I’m commissioning a site" [ref=e25]
    - button "Learning paths" [ref=e26]
  - heading "Commissioning TRASSIR OS at a site with up to 32 cameras" [level=1, ref=e7]
  - link "2 h 11 min" [ref=e8]
  - link "Read in the reference library 5 of 10" [ref=e9]
  - link "Completed in this path 3 of 11" [ref=e10]
  - button "Continue" [ref=e11]
  - region "Path curriculum" [ref=e4]
    - heading "Path curriculum" [level=2, ref=e12]
    - link "01 First startup and factory settings Resource Completed 5 min" [ref=e13]
    - link "02 Adding an IP camera manually Resource Completed 11 min" [ref=e14]
    - link "03 TRASSIR cannot discover an ONVIF camera: diagnostic sequence Resource Completed 7 min" [ref=e15]
    - link "04 Configuring recording retention on DuoStation Resource Continue here 12 min" [ref=e16]
    - link "05 Operator access rights Resource Read · not completed 10 min" [ref=e17]
    - link "06 Configuring motion detectors Resource 15 min" [ref=e18]
    - link "07 Recording redundancy Resource 13 min" [ref=e19]
    - link "08 Exporting a video clip for the customer Resource 9 min" [ref=e20]
    - link "09 Checking recording on every channel before handover Resource 12 min" [ref=e21]
    - link "10 Site handover document pack Resource 7 min" [ref=e22]
    - link "11 Learning path assessment Assessment 30 min" [ref=e23]
  - heading "What the result confirms" [level=2, ref=e24]

> fill @e5 TRASSIR cannot discover an ONVIF camera
✓ Done

> press Enter
✓ Done

> wait 500
✓ Done

> eval JSON.stringify({url:location.href,lang:document.documentElement.lang,stored:sessionStorage.getItem("trassir-learn-locale"),width:innerWidth,scroll:document.documentElement.scrollWidth,text:document.body.innerText,cyrillic:document.body.innerText.match(/[^\n]*[А-Яа-яЁё][^\n]*/g)})
"{\"url\":\"http://127.0.0.1:5174/search?q=TRASSIR+cannot+discover+an+ONVIF+camera&lang=en\",\"lang\":\"en\",\"stored\":\"en\",\"width\":1440,\"scroll\":1440,\"text\":\"MK\\nSearch results\\nTRASSIR cannot discover an ONVIF camera\\n\\n23 resources and 3 paths. Resources shown: 5\\n\\nResources · 23\\nLearning paths · 3\\nResources\\n23\\nTRASSIR cannot discover an ONVIF camera: diagnostic sequence\\nPower and link, ONVIF response on port 80, credentials and stream profile.\\nTRASSIR OS 4.3 · 12 August · 7 min\\nConnecting an IP camera over RTSP when ONVIF is unavailable\\nA direct RTSP URL instead of ONVIF: when it is the only option.\\nTRASSIR OS 4.3 · 21 August · 7 min\\nONVIF profiles S, T and G: what TRASSIR supports\\nHow the profiles differ and why a camera with Profile G does not provide live video.\\nTRASSIR OS 4.3 · 16 August · 6 min\\nAdding an IP camera manually\\nWhen auto-discovery cannot find the device: RTSP URL, port, profile and stream check.\\nTRASSIR OS 4.2 · 28 July · 11 min\\nChecking camera power and link\\nWhat to check on the switch and camera before changing TRASSIR settings.\\nHardware · 3 September · 5 min\\nShowing 5 of 23 resources\\nShow more: 5\\nLearning paths\\n3\\nCommissioning TRASSIR OS at a site with up to 32 cameras\\nYou will be able to deploy and hand over a site independently\\n11 units · 2 h 11 min · concept document\\nMatch in path title or description\\nDesigning a system for 64+ cameras\\nYou will calculate system load and justify the design to the customer\\n9 units · 1 h 45 min · concept document\\nMatch in path title or description\\nTRASSIR video analytics: modules and requirements\\nYou will understand what will run on the existing server\\n6 units · 1 h 24 min · concept document\\nMatch in path title or description\",\"cyrillic\":null}"

> errors

> snapshot -i
- generic "MKMKSearch resultsTRASSIR cannot discover an ONVIF camera23 resources and 3 paths. Resources shown:" [ref=e1] clickable [onclick]
  - button "Go to home" [ref=e2]
  - textbox "Search resources and learning paths" [ref=e5]: TRASSIR cannot discover an ONVIF camera
  - button "My learning" [ref=e3]
  - heading "TRASSIR cannot discover an ONVIF camera" [level=1, ref=e6]
  - navigation "Result sections" [ref=e4]
    - link "Resources · 23" [ref=e7]
    - link "Learning paths · 3" [ref=e8]
  - heading "Resources" [level=2, ref=e18]
  - link "TRASSIR cannot discover an ONVIF camera: diagnostic sequence Power and link, ONVIF response on port 80, credentials and stream profile. TRASSIR OS 4.3 · 12 August · 7 min" [ref=e9]
  - link "Connecting an IP camera over RTSP when ONVIF is unavailable A direct RTSP URL instead of ONVIF: when it is the only option. TRASSIR OS 4.3 · 21 August · 7 min" [ref=e10]
  - link "ONVIF profiles S, T and G: what TRASSIR supports How the profiles differ and why a camera with Profile G does not provide live video. TRASSIR OS 4.3 · 16 August · 6 min" [ref=e11]
  - link "Adding an IP camera manually When auto-discovery cannot find the device: RTSP URL, port, profile and stream check. TRASSIR OS 4.2 · 28 July · 11 min" [ref=e12]
  - link "Checking camera power and link What to check on the switch and camera before changing TRASSIR settings. Hardware · 3 September · 5 min" [ref=e13]
  - button "Show more: 5" [ref=e14]
  - heading "Learning paths" [level=2, ref=e19]
  - link "Commissioning TRASSIR OS at a site with up to 32 cameras You will be able to deploy and hand over a site independently 11 units · 2 h 11 min · concept document Match in path title or description" [ref=e15]
  - link "Designing a system for 64+ cameras You will calculate system load and justify the design to the customer 9 units · 1 h 45 min · concept document Match in path title or description" [ref=e16]
  - link "TRASSIR video analytics: modules and requirements You will understand what will run on the existing server 6 units · 1 h 24 min · concept document Match in path title or description" [ref=e17]

> fill @e5 zzzzxxx
✓ Done

> press Enter
✓ Done

> wait 500
✓ Done

> eval JSON.stringify({url:location.href,lang:document.documentElement.lang,stored:sessionStorage.getItem("trassir-learn-locale"),width:innerWidth,scroll:document.documentElement.scrollWidth,text:document.body.innerText,cyrillic:document.body.innerText.match(/[^\n]*[А-Яа-яЁё][^\n]*/g)})
"{\"url\":\"http://127.0.0.1:5174/search?q=zzzzxxx&lang=en\",\"lang\":\"en\",\"stored\":\"en\",\"width\":1440,\"scroll\":1440,\"text\":\"MK\\nSearch results\\nzzzzxxx\\n\\n0 resources and 0 paths. Resources shown: 0\\n\\nResources\\n0\\nLearning paths\\n0\\nNo results for this query\\nDescribe the issue in other words or browse all resources.\\nOpen full catalog\",\"cyrillic\":null}"

> errors

> snapshot -i
- generic "MKMKSearch resultszzzzxxx0 resources and 0 paths. Resources shown: 0Resources0Learning paths0No resu" [ref=e1] clickable [onclick]
  - button "Go to home" [ref=e2]
  - textbox "Search resources and learning paths" [ref=e6]: zzzzxxx
  - button "My learning" [ref=e3]
  - heading "zzzzxxx" [level=1, ref=e7]
  - heading "Resources" [level=2, ref=e8]
  - heading "Learning paths" [level=2, ref=e9]
  - heading "No results for this query" [level=2, ref=e4]
  - button "Open full catalog" [ref=e5]

> click @e5
✓ Done

> eval JSON.stringify({url:location.href,lang:document.documentElement.lang,stored:sessionStorage.getItem("trassir-learn-locale"),width:innerWidth,scroll:document.documentElement.scrollWidth,text:document.body.innerText,cyrillic:document.body.innerText.match(/[^\n]*[А-Яа-яЁё][^\n]*/g)})
"{\"url\":\"http://127.0.0.1:5174/catalog?all=1&lang=en\",\"lang\":\"en\",\"stored\":\"en\",\"width\":1440,\"scroll\":1440,\"text\":\"MK\\nField guide\\nCatalog\\n\\nResources for work questions and paths for structured learning.\\n\\nCounts show resources matching the other filters.\\n\\nPRODUCT\\nTRASSIR OS\\n17\\nActiveDome\\n2\\nNeuroStation\\n3\\nHardware\\n9\\nTOPIC\\nSystem design\\n9\\nCommissioning\\n9\\nVideo analytics\\n3\\nOperation and maintenance\\n10\\nVERSION\\n4.3\\n26\\n4.2\\n2\\n4.1\\n3\\n\\nResources: 31 · Learning paths: 7 · Resources shown: 5\\n\\nGo to resources\\nGo to learning paths\\nResources\\n31\\nTRASSIR cannot discover an ONVIF camera: diagnostic sequence\\nPower and link, ONVIF response on port 80, credentials and stream profile.\\nTRASSIR OS 4.3 · 12 August · 7 min\\nConfiguring recording retention on DuoStation\\nCalculate retention from bitrate and camera count, and define behaviour when storage fills.\\nTRASSIR OS 4.3 · 12 August · 12 min\\nOperator access rights\\nWhat the operator sees, what the supervisor sees and what stays closed.\\nTRASSIR OS 4.3 · 28 July · 10 min\\nChecking camera power and link\\nWhat to check on the switch and camera before changing TRASSIR settings.\\nHardware · 3 September · 5 min\\nAdding an IP camera manually\\nWhen auto-discovery cannot find the device: RTSP URL, port, profile and stream check.\\nTRASSIR OS 4.2 · 28 July · 11 min\\nShowing 5 of 31 resources\\nShow more: 5\\nLearning paths\\n7\\n\\nAll learning paths.\\n\\nCommissioning TRASSIR OS at a site with up to 32 cameras\\nYou will be able to deploy and hand over a site independently\\n11 units · 2 h 11 min · concept document\\nTroubleshooting common commissioning faults\\nYou will learn the diagnostic sequence for common on-site faults\\n6 units · 54 min · concept document\\nDesigning a system for 64+ cameras\\nYou will calculate system load and justify the design to the customer\\n9 units · 1 h 45 min · concept document\\nArchive and disk subsystem sizing\\nYou will justify storage capacity with calculations rather than extra headroom\\n6 units · 1 h 13 min · concept document\\nSite handover to the customer without rework\\nYou will check site readiness and the documentation required for acceptance\\n7 units · 1 h 23 min · concept document\\nBasic qualification in the TRASSIR product range\\nYou will be able to select hardware for the job without escalation\\n7 units · 1 h 11 min · concept document\\nTRASSIR video analytics: modules and requirements\\nYou will understand what will run on the existing server\\n6 units · 1 h 24 min · concept document\",\"cyrillic\":null}"

> errors

> open http://127.0.0.1:5174/home?lang=ru
✓ TRASSIR Learn · учебный концепт
  http://127.0.0.1:5174/home?lang=ru

> eval JSON.stringify({url:location.href,lang:document.documentElement.lang,stored:sessionStorage.getItem("trassir-learn-locale"),width:innerWidth,scroll:document.documentElement.scrollWidth,text:document.body.innerText,cyrillic:document.body.innerText.match(/[^\n]*[А-Яа-яЁё][^\n]*/g)})
"{\"url\":\"http://127.0.0.1:5174/home?lang=ru\",\"lang\":\"ru\",\"stored\":\"ru\",\"width\":1440,\"scroll\":1440,\"text\":\"МК\\nРабочий атлас · Я сейчас\\nНастраиваю объект\\nВсе 14 материалов задачи\\n2 программы подготовки\\nС чего начать\\n\\nОдна подборка: 6 материалов. По порядку — вся задача; по симптому — конкретный ответ.\\n\\nПо порядку\\n· 6\\nПо симптому\\n· 6\\n01\\nПроверка питания и линка камеры\\nОборудование · 3 сентября · 5 мин\\n02\\nTRASSIR не видит камеру по ONVIF: порядок проверки\\nTRASSIR OS 4.3 · 12 августа · 7 мин\\nЧитали\\n03\\nДобавление IP-камеры вручную\\nTRASSIR OS 4.2 · 28 июля · 11 мин\\nЧитали\\n04\\nНастройка глубины архива на DuoStation\\nTRASSIR OS 4.3 · 12 августа · 12 мин\\nЧитали\\n05\\nРаспределение архива по дискам\\nTRASSIR OS 4.3 · 21 августа · 6 мин\\n06\\nПрава доступа операторов\\nTRASSIR OS 4.3 · 28 июля · 10 мин\\nЧитали\\nПодготовиться системно\\n\\nПолный состав и условия — до начала программы.\\n\\nПусконаладка TRASSIR OS на объекте до 32 камер\\nСможете развернуть и сдать объект самостоятельно\\n11 единиц · 2 ч 11 мин · документ концепта\\nРазбор типовых отказов на пусконаладке\\nРазберёте порядок проверки типовых отказов на объекте\\n6 единиц · 54 мин · документ концепта\\nО ПЛАТФОРМЕ\\nКак устроено обучение\\nСертификация партнёров\\nКонтакты\\nПРОДУКТЫ TRASSIR\\nTRASSIR OS\\nDuoStation\\nЛинейка камер\\nВидеоаналитика\\nПОДДЕРЖКА\\nБаза знаний\\nЗапрос в поддержку\\nСтатус сервисов\\nDSSL · TRASSIR Learn — учебная платформа для партнёров\",\"cyrillic\":[\"МК\",\"Рабочий атлас · Я сейчас\",\"Настраиваю объект\",\"Все 14 материалов задачи\",\"2 программы подготовки\",\"С чего начать\",\"Одна подборка: 6 материалов. По порядку — вся задача; по симптому — конкретный ответ.\",\"По порядку\",\"По симптому\",\"Проверка питания и линка камеры\",\"Оборудование · 3 сентября · 5 мин\",\"TRASSIR не видит камеру по ONVIF: порядок проверки\",\"TRASSIR OS 4.3 · 12 августа · 7 мин\",\"Читали\",\"Добавление IP-камеры вручную\",\"TRASSIR OS 4.2 · 28 июля · 11 мин\",\"Читали\",\"Настройка глубины архива на DuoStation\",\"TRASSIR OS 4.3 · 12 августа · 12 мин\",\"Читали\",\"Распределение архива по дискам\",\"TRASSIR OS 4.3 · 21 августа · 6 мин\",\"Права доступа операторов\",\"TRASSIR OS 4.3 · 28 июля · 10 мин\",\"Читали\",\"Подготовиться системно\",\"Полный состав и условия — до начала программы.\",\"Пусконаладка TRASSIR OS на объекте до 32 камер\",\"Сможете развернуть и сдать объект самостоятельно\",\"11 единиц · 2 ч 11 мин · документ концепта\",\"Разбор типовых отказов на пусконаладке\",\"Разберёте порядок проверки типовых отказов на объекте\",\"6 единиц · 54 мин · документ концепта\",\"О ПЛАТФОРМЕ\",\"Как устроено обучение\",\"Сертификация партнёров\",\"Контакты\",\"ПРОДУКТЫ TRASSIR\",\"Линейка камер\",\"Видеоаналитика\",\"ПОДДЕРЖКА\",\"База знаний\",\"Запрос в поддержку\",\"Статус сервисов\",\"DSSL · TRASSIR Learn — учебная платформа для партнёров\"]}"

> errors

> open http://127.0.0.1:5174/home
✓ TRASSIR Learn · учебный концепт
  http://127.0.0.1:5174/home?lang=ru

> eval JSON.stringify({url:location.href,lang:document.documentElement.lang,stored:sessionStorage.getItem("trassir-learn-locale"),width:innerWidth,scroll:document.documentElement.scrollWidth,text:document.body.innerText,cyrillic:document.body.innerText.match(/[^\n]*[А-Яа-яЁё][^\n]*/g)})
"{\"url\":\"http://127.0.0.1:5174/home?lang=ru\",\"lang\":\"ru\",\"stored\":\"ru\",\"width\":1440,\"scroll\":1440,\"text\":\"МК\\nРабочий атлас · Я сейчас\\nНастраиваю объект\\nВсе 14 материалов задачи\\n2 программы подготовки\\nС чего начать\\n\\nОдна подборка: 6 материалов. По порядку — вся задача; по симптому — конкретный ответ.\\n\\nПо порядку\\n· 6\\nПо симптому\\n· 6\\n01\\nПроверка питания и линка камеры\\nОборудование · 3 сентября · 5 мин\\n02\\nTRASSIR не видит камеру по ONVIF: порядок проверки\\nTRASSIR OS 4.3 · 12 августа · 7 мин\\nЧитали\\n03\\nДобавление IP-камеры вручную\\nTRASSIR OS 4.2 · 28 июля · 11 мин\\nЧитали\\n04\\nНастройка глубины архива на DuoStation\\nTRASSIR OS 4.3 · 12 августа · 12 мин\\nЧитали\\n05\\nРаспределение архива по дискам\\nTRASSIR OS 4.3 · 21 августа · 6 мин\\n06\\nПрава доступа операторов\\nTRASSIR OS 4.3 · 28 июля · 10 мин\\nЧитали\\nПодготовиться системно\\n\\nПолный состав и условия — до начала программы.\\n\\nПусконаладка TRASSIR OS на объекте до 32 камер\\nСможете развернуть и сдать объект самостоятельно\\n11 единиц · 2 ч 11 мин · документ концепта\\nРазбор типовых отказов на пусконаладке\\nРазберёте порядок проверки типовых отказов на объекте\\n6 единиц · 54 мин · документ концепта\\nО ПЛАТФОРМЕ\\nКак устроено обучение\\nСертификация партнёров\\nКонтакты\\nПРОДУКТЫ TRASSIR\\nTRASSIR OS\\nDuoStation\\nЛинейка камер\\nВидеоаналитика\\nПОДДЕРЖКА\\nБаза знаний\\nЗапрос в поддержку\\nСтатус сервисов\\nDSSL · TRASSIR Learn — учебная платформа для партнёров\",\"cyrillic\":[\"МК\",\"Рабочий атлас · Я сейчас\",\"Настраиваю объект\",\"Все 14 материалов задачи\",\"2 программы подготовки\",\"С чего начать\",\"Одна подборка: 6 материалов. По порядку — вся задача; по симптому — конкретный ответ.\",\"По порядку\",\"По симптому\",\"Проверка питания и линка камеры\",\"Оборудование · 3 сентября · 5 мин\",\"TRASSIR не видит камеру по ONVIF: порядок проверки\",\"TRASSIR OS 4.3 · 12 августа · 7 мин\",\"Читали\",\"Добавление IP-камеры вручную\",\"TRASSIR OS 4.2 · 28 июля · 11 мин\",\"Читали\",\"Настройка глубины архива на DuoStation\",\"TRASSIR OS 4.3 · 12 августа · 12 мин\",\"Читали\",\"Распределение архива по дискам\",\"TRASSIR OS 4.3 · 21 августа · 6 мин\",\"Права доступа операторов\",\"TRASSIR OS 4.3 · 28 июля · 10 мин\",\"Читали\",\"Подготовиться системно\",\"Полный состав и условия — до начала программы.\",\"Пусконаладка TRASSIR OS на объекте до 32 камер\",\"Сможете развернуть и сдать объект самостоятельно\",\"11 единиц · 2 ч 11 мин · документ концепта\",\"Разбор типовых отказов на пусконаладке\",\"Разберёте порядок проверки типовых отказов на объекте\",\"6 единиц · 54 мин · документ концепта\",\"О ПЛАТФОРМЕ\",\"Как устроено обучение\",\"Сертификация партнёров\",\"Контакты\",\"ПРОДУКТЫ TRASSIR\",\"Линейка камер\",\"Видеоаналитика\",\"ПОДДЕРЖКА\",\"База знаний\",\"Запрос в поддержку\",\"Статус сервисов\",\"DSSL · TRASSIR Learn — учебная платформа для партнёров\"]}"

> errors

> open http://127.0.0.1:5174/home?lang=en
✓ TRASSIR Learn · learning concept
  http://127.0.0.1:5174/home?lang=en

> eval JSON.stringify({url:location.href,lang:document.documentElement.lang,stored:sessionStorage.getItem("trassir-learn-locale"),width:innerWidth,scroll:document.documentElement.scrollWidth,text:document.body.innerText,cyrillic:document.body.innerText.match(/[^\n]*[А-Яа-яЁё][^\n]*/g)})
"{\"url\":\"http://127.0.0.1:5174/home?lang=en\",\"lang\":\"en\",\"stored\":\"en\",\"width\":1440,\"scroll\":1440,\"text\":\"MK\\nField guide · Right now I am\\nI’m commissioning a site\\nAll 14 resources for this task\\n2 paths for preparation\\nWhere to start\\n\\nOne collection: 6 resources. In order for the whole task; by issue for a specific answer.\\n\\nIn order\\n· 6\\nBy issue\\n· 6\\n01\\nChecking camera power and link\\nHardware · 3 September · 5 min\\n02\\nTRASSIR cannot discover an ONVIF camera: diagnostic sequence\\nTRASSIR OS 4.3 · 12 August · 7 min\\nRead\\n03\\nAdding an IP camera manually\\nTRASSIR OS 4.2 · 28 July · 11 min\\nRead\\n04\\nConfiguring recording retention on DuoStation\\nTRASSIR OS 4.3 · 12 August · 12 min\\nRead\\n05\\nDistributing recordings across disks\\nTRASSIR OS 4.3 · 21 August · 6 min\\n06\\nOperator access rights\\nTRASSIR OS 4.3 · 28 July · 10 min\\nRead\\nBuild a complete understanding\\n\\nSee the full curriculum and requirements before starting.\\n\\nCommissioning TRASSIR OS at a site with up to 32 cameras\\nYou will be able to deploy and hand over a site independently\\n11 units · 2 h 11 min · concept document\\nTroubleshooting common commissioning faults\\nYou will learn the diagnostic sequence for common on-site faults\\n6 units · 54 min · concept document\\nABOUT THE PLATFORM\\nHow learning works\\nPartner certification\\nContact\\nTRASSIR PRODUCTS\\nTRASSIR OS\\nDuoStation\\nCamera range\\nVideo analytics\\nSUPPORT\\nKnowledge base\\nContact support\\nService status\\nDSSL · TRASSIR Learn — learning platform for partners\",\"cyrillic\":null}"

> errors

> back
http://127.0.0.1:5174/home?lang=ru

> eval JSON.stringify({url:location.href,lang:document.documentElement.lang,stored:sessionStorage.getItem("trassir-learn-locale"),width:innerWidth,scroll:document.documentElement.scrollWidth,text:document.body.innerText,cyrillic:document.body.innerText.match(/[^\n]*[А-Яа-яЁё][^\n]*/g)})
"{\"url\":\"http://127.0.0.1:5174/home?lang=ru\",\"lang\":\"ru\",\"stored\":\"en\",\"width\":1440,\"scroll\":1440,\"text\":\"МК\\nРабочий атлас · Я сейчас\\nНастраиваю объект\\nВсе 14 материалов задачи\\n2 программы подготовки\\nС чего начать\\n\\nОдна подборка: 6 материалов. По порядку — вся задача; по симптому — конкретный ответ.\\n\\nПо порядку\\n· 6\\nПо симптому\\n· 6\\n01\\nПроверка питания и линка камеры\\nОборудование · 3 сентября · 5 мин\\n02\\nTRASSIR не видит камеру по ONVIF: порядок проверки\\nTRASSIR OS 4.3 · 12 августа · 7 мин\\nЧитали\\n03\\nДобавление IP-камеры вручную\\nTRASSIR OS 4.2 · 28 июля · 11 мин\\nЧитали\\n04\\nНастройка глубины архива на DuoStation\\nTRASSIR OS 4.3 · 12 августа · 12 мин\\nЧитали\\n05\\nРаспределение архива по дискам\\nTRASSIR OS 4.3 · 21 августа · 6 мин\\n06\\nПрава доступа операторов\\nTRASSIR OS 4.3 · 28 июля · 10 мин\\nЧитали\\nПодготовиться системно\\n\\nПолный состав и условия — до начала программы.\\n\\nПусконаладка TRASSIR OS на объекте до 32 камер\\nСможете развернуть и сдать объект самостоятельно\\n11 единиц · 2 ч 11 мин · документ концепта\\nРазбор типовых отказов на пусконаладке\\nРазберёте порядок проверки типовых отказов на объекте\\n6 единиц · 54 мин · документ концепта\\nО ПЛАТФОРМЕ\\nКак устроено обучение\\nСертификация партнёров\\nКонтакты\\nПРОДУКТЫ TRASSIR\\nTRASSIR OS\\nDuoStation\\nЛинейка камер\\nВидеоаналитика\\nПОДДЕРЖКА\\nБаза знаний\\nЗапрос в поддержку\\nСтатус сервисов\\nDSSL · TRASSIR Learn — учебная платформа для партнёров\",\"cyrillic\":[\"МК\",\"Рабочий атлас · Я сейчас\",\"Настраиваю объект\",\"Все 14 материалов задачи\",\"2 программы подготовки\",\"С чего начать\",\"Одна подборка: 6 материалов. По порядку — вся задача; по симптому — конкретный ответ.\",\"По порядку\",\"По симптому\",\"Проверка питания и линка камеры\",\"Оборудование · 3 сентября · 5 мин\",\"TRASSIR не видит камеру по ONVIF: порядок проверки\",\"TRASSIR OS 4.3 · 12 августа · 7 мин\",\"Читали\",\"Добавление IP-камеры вручную\",\"TRASSIR OS 4.2 · 28 июля · 11 мин\",\"Читали\",\"Настройка глубины архива на DuoStation\",\"TRASSIR OS 4.3 · 12 августа · 12 мин\",\"Читали\",\"Распределение архива по дискам\",\"TRASSIR OS 4.3 · 21 августа · 6 мин\",\"Права доступа операторов\",\"TRASSIR OS 4.3 · 28 июля · 10 мин\",\"Читали\",\"Подготовиться системно\",\"Полный состав и условия — до начала программы.\",\"Пусконаладка TRASSIR OS на объекте до 32 камер\",\"Сможете развернуть и сдать объект самостоятельно\",\"11 единиц · 2 ч 11 мин · документ концепта\",\"Разбор типовых отказов на пусконаладке\",\"Разберёте порядок проверки типовых отказов на объекте\",\"6 единиц · 54 мин · документ концепта\",\"О ПЛАТФОРМЕ\",\"Как устроено обучение\",\"Сертификация партнёров\",\"Контакты\",\"ПРОДУКТЫ TRASSIR\",\"Линейка камер\",\"Видеоаналитика\",\"ПОДДЕРЖКА\",\"База знаний\",\"Запрос в поддержку\",\"Статус сервисов\",\"DSSL · TRASSIR Learn — учебная платформа для партнёров\"]}"

> errors

> close
✓ Browser closed
