
> open http://127.0.0.1:5174/home?lang=ru
✓ TRASSIR Learn · учебный концепт
  http://127.0.0.1:5174/home?lang=ru
[agent-browser] launched browser

> set viewport 1440 1000
✓ Done

> eval JSON.stringify({url:location.href,lang:document.documentElement.lang,stored:sessionStorage.getItem("trassir-learn-locale"),width:innerWidth,scroll:document.documentElement.scrollWidth,text:document.body.innerText,cyrillic:document.body.innerText.match(/[^\n]*[А-Яа-яЁё][^\n]*/g)})
"{\"url\":\"http://127.0.0.1:5174/home?lang=ru\",\"lang\":\"ru\",\"stored\":\"ru\",\"width\":1440,\"scroll\":1440,\"text\":\"Войти\\nРабочий атлас · Я сейчас\\nНастраиваю объект\\nВсе 14 материалов задачи\\n2 программы подготовки\\nС чего начать\\n\\nОдна подборка: 6 материалов. По порядку — вся задача; по симптому — конкретный ответ.\\n\\nПо порядку\\n· 6\\nПо симптому\\n· 6\\n01\\nПроверка питания и линка камеры\\nОборудование · 3 сентября · 5 мин\\n02\\nTRASSIR не видит камеру по ONVIF: порядок проверки\\nTRASSIR OS 4.3 · 12 августа · 7 мин\\n03\\nДобавление IP-камеры вручную\\nTRASSIR OS 4.2 · 28 июля · 11 мин\\n04\\nНастройка глубины архива на DuoStation\\nTRASSIR OS 4.3 · 12 августа · 12 мин\\n05\\nРаспределение архива по дискам\\nTRASSIR OS 4.3 · 21 августа · 6 мин\\n06\\nПрава доступа операторов\\nTRASSIR OS 4.3 · 28 июля · 10 мин\\nПодготовиться системно\\n\\nПолный состав и условия — до начала программы.\\n\\nПусконаладка TRASSIR OS на объекте до 32 камер\\nСможете развернуть и сдать объект самостоятельно\\n11 единиц · 2 ч 11 мин · документ концепта\\nРазбор типовых отказов на пусконаладке\\nРазберёте порядок проверки типовых отказов на объекте\\n6 единиц · 54 мин · документ концепта\\nО ПЛАТФОРМЕ\\nКак устроено обучение\\nСертификация партнёров\\nКонтакты\\nПРОДУКТЫ TRASSIR\\nTRASSIR OS\\nDuoStation\\nЛинейка камер\\nВидеоаналитика\\nПОДДЕРЖКА\\nБаза знаний\\nЗапрос в поддержку\\nСтатус сервисов\\nDSSL · TRASSIR Learn — учебная платформа для партнёров\",\"cyrillic\":[\"Войти\",\"Рабочий атлас · Я сейчас\",\"Настраиваю объект\",\"Все 14 материалов задачи\",\"2 программы подготовки\",\"С чего начать\",\"Одна подборка: 6 материалов. По порядку — вся задача; по симптому — конкретный ответ.\",\"По порядку\",\"По симптому\",\"Проверка питания и линка камеры\",\"Оборудование · 3 сентября · 5 мин\",\"TRASSIR не видит камеру по ONVIF: порядок проверки\",\"TRASSIR OS 4.3 · 12 августа · 7 мин\",\"Добавление IP-камеры вручную\",\"TRASSIR OS 4.2 · 28 июля · 11 мин\",\"Настройка глубины архива на DuoStation\",\"TRASSIR OS 4.3 · 12 августа · 12 мин\",\"Распределение архива по дискам\",\"TRASSIR OS 4.3 · 21 августа · 6 мин\",\"Права доступа операторов\",\"TRASSIR OS 4.3 · 28 июля · 10 мин\",\"Подготовиться системно\",\"Полный состав и условия — до начала программы.\",\"Пусконаладка TRASSIR OS на объекте до 32 камер\",\"Сможете развернуть и сдать объект самостоятельно\",\"11 единиц · 2 ч 11 мин · документ концепта\",\"Разбор типовых отказов на пусконаладке\",\"Разберёте порядок проверки типовых отказов на объекте\",\"6 единиц · 54 мин · документ концепта\",\"О ПЛАТФОРМЕ\",\"Как устроено обучение\",\"Сертификация партнёров\",\"Контакты\",\"ПРОДУКТЫ TRASSIR\",\"Линейка камер\",\"Видеоаналитика\",\"ПОДДЕРЖКА\",\"База знаний\",\"Запрос в поддержку\",\"Статус сервисов\",\"DSSL · TRASSIR Learn — учебная платформа для партнёров\"]}"

> errors

> snapshot -i
- generic "ВойтиВойтиРабочий атлас · Я сейчасНастраиваю объектВсе 14 материалов задачи 2 программы подготовкиС" [ref=e1] clickable [onclick]
  - button "На главную" [ref=e2]
  - textbox "Опишите задачу или симптом" [ref=e4]
  - button "Войти" [ref=e3]
  - heading "Настраиваю объект" [level=1, ref=e11]
    - button "Настраиваю объект" [expanded=false, ref=e20]
  - link "Все 14 материалов задачи" [ref=e5]
  - link "2 программы подготовки" [ref=e6]
  - heading "С чего начать" [level=2, ref=e7]
  - tab "По порядку · 6" [selected, ref=e12]
  - tab "По симптому · 6" [ref=e13]
  - link "01 Проверка питания и линка камеры Оборудование · 3 сентября · 5 мин" [ref=e14]
  - link "02 TRASSIR не видит камеру по ONVIF: порядок проверки TRASSIR OS 4.3 · 12 августа · 7 мин" [ref=e15]
  - link "03 Добавление IP-камеры вручную TRASSIR OS 4.2 · 28 июля · 11 мин" [ref=e16]
  - link "04 Настройка глубины архива на DuoStation TRASSIR OS 4.3 · 12 августа · 12 мин" [ref=e17]
  - link "05 Распределение архива по дискам TRASSIR OS 4.3 · 21 августа · 6 мин" [ref=e18]
  - link "06 Права доступа операторов TRASSIR OS 4.3 · 28 июля · 10 мин" [ref=e19]
  - heading "Подготовиться системно" [level=2, ref=e8]
  - link "Пусконаладка TRASSIR OS на объекте до 32 камер Сможете развернуть и сдать объект самостоятельно 11 единиц · 2 ч 11 мин · документ концепта" [ref=e9]
  - link "Разбор типовых отказов на пусконаладке Разберёте порядок проверки типовых отказов на объекте 6 единиц · 54 мин · документ концепта" [ref=e10]

> click @e5
✓ Done

> eval JSON.stringify({url:location.href,lang:document.documentElement.lang,stored:sessionStorage.getItem("trassir-learn-locale"),width:innerWidth,scroll:document.documentElement.scrollWidth,text:document.body.innerText,cyrillic:document.body.innerText.match(/[^\n]*[А-Яа-яЁё][^\n]*/g)})
"{\"url\":\"http://127.0.0.1:5174/catalog?task=setup&lang=ru\",\"lang\":\"ru\",\"stored\":\"ru\",\"width\":1440,\"scroll\":1440,\"text\":\"Войти\\nРабочий атлас\\nКаталог\\n\\nМатериалы для рабочего вопроса и программы подготовки.\\n\\nЧисла — материалы с учётом остальных осей и выбранной задачи.\\n\\nПРОДУКТ\\nTRASSIR OS\\n12\\nActiveDome\\n0\\nNeuroStation\\n0\\nОборудование\\n2\\nТЕМА\\nПроектирование\\n0\\nПусконаладка\\n9\\nАналитика\\n0\\nЭксплуатация\\n5\\nВЕРСИЯ\\n4.3\\n12\\n4.2\\n1\\n4.1\\n1\\n\\nМатериалы: 14 · Программы: 2 · Показано материалов: 5\\n\\nК материалам\\nК программам\\nЗадача: Настраиваю объект\\n×\\nОткрыть весь каталог\\nМатериалы\\n14\\nTRASSIR не видит камеру по ONVIF: порядок проверки\\nПитание и линк, ответ по ONVIF на порту 80, учётные данные, профиль потока.\\nTRASSIR OS 4.3 · 12 августа · 7 мин\\nНастройка глубины архива на DuoStation\\nРасчёт глубины под битрейт и число камер, поведение при переполнении.\\nTRASSIR OS 4.3 · 12 августа · 12 мин\\nПрава доступа операторов\\nЧто видит дежурный, что — старший смены, что закрыто совсем.\\nTRASSIR OS 4.3 · 28 июля · 10 мин\\nПроверка питания и линка камеры\\nЧто смотреть на коммутаторе и на самой камере до того, как лезть в настройки TRASSIR.\\nОборудование · 3 сентября · 5 мин\\nДобавление IP-камеры вручную\\nКогда автопоиск не находит устройство: RTSP-строка, порт, профиль, проверка потока.\\nTRASSIR OS 4.2 · 28 июля · 11 мин\\nПоказано 5 из 14 материалов\\nПоказать ещё 5\\nПрограммы\\n2\\n\\nПрограммы выбранной задачи.\\n\\nПусконаладка TRASSIR OS на объекте до 32 камер\\nСможете развернуть и сдать объект самостоятельно\\n11 единиц · 2 ч 11 мин · документ концепта\\nРазбор типовых отказов на пусконаладке\\nРазберёте порядок проверки типовых отказов на объекте\\n6 единиц · 54 мин · документ концепта\",\"cyrillic\":[\"Войти\",\"Рабочий атлас\",\"Каталог\",\"Материалы для рабочего вопроса и программы подготовки.\",\"Числа — материалы с учётом остальных осей и выбранной задачи.\",\"ПРОДУКТ\",\"Оборудование\",\"ТЕМА\",\"Проектирование\",\"Пусконаладка\",\"Аналитика\",\"Эксплуатация\",\"ВЕРСИЯ\",\"Материалы: 14 · Программы: 2 · Показано материалов: 5\",\"К материалам\",\"К программам\",\"Задача: Настраиваю объект\",\"Открыть весь каталог\",\"Материалы\",\"TRASSIR не видит камеру по ONVIF: порядок проверки\",\"Питание и линк, ответ по ONVIF на порту 80, учётные данные, профиль потока.\",\"TRASSIR OS 4.3 · 12 августа · 7 мин\",\"Настройка глубины архива на DuoStation\",\"Расчёт глубины под битрейт и число камер, поведение при переполнении.\",\"TRASSIR OS 4.3 · 12 августа · 12 мин\",\"Права доступа операторов\",\"Что видит дежурный, что — старший смены, что закрыто совсем.\",\"TRASSIR OS 4.3 · 28 июля · 10 мин\",\"Проверка питания и линка камеры\",\"Что смотреть на коммутаторе и на самой камере до того, как лезть в настройки TRASSIR.\",\"Оборудование · 3 сентября · 5 мин\",\"Добавление IP-камеры вручную\",\"Когда автопоиск не находит устройство: RTSP-строка, порт, профиль, проверка потока.\",\"TRASSIR OS 4.2 · 28 июля · 11 мин\",\"Показано 5 из 14 материалов\",\"Показать ещё 5\",\"Программы\",\"Программы выбранной задачи.\",\"Пусконаладка TRASSIR OS на объекте до 32 камер\",\"Сможете развернуть и сдать объект самостоятельно\",\"11 единиц · 2 ч 11 мин · документ концепта\",\"Разбор типовых отказов на пусконаладке\",\"Разберёте порядок проверки типовых отказов на объекте\",\"6 единиц · 54 мин · документ концепта\"]}"

> errors

> snapshot -i
- generic "ВойтиВойтиРабочий атласКаталогМатериалы для рабочего вопроса и программы подготовки.Фильтры · 0Числа" [ref=e1] clickable [onclick]
  - button "На главную" [ref=e2]
  - textbox "Поиск по материалам и программам" [ref=e7]
  - button "Войти" [ref=e3]
  - heading "Каталог" [level=1, ref=e8]
  - heading "ПРОДУКТ" [level=2, ref=e19]
  - button "TRASSIR OS 12" [ref=e20]
  - button "ActiveDome 0" [ref=e21]
  - button "NeuroStation 0" [ref=e22]
  - button "Оборудование 2" [ref=e23]
  - heading "ТЕМА" [level=2, ref=e24]
  - button "Проектирование 0" [ref=e25]
  - button "Пусконаладка 9" [ref=e26]
  - button "Аналитика 0" [ref=e27]
  - button "Эксплуатация 5" [ref=e28]
  - heading "ВЕРСИЯ" [level=2, ref=e29]
  - button "4.3 12" [ref=e30]
  - button "4.2 1" [ref=e31]
  - button "4.1 1" [ref=e32]
  - navigation "Разделы каталога" [ref=e4]
    - link "К материалам" [ref=e9]
    - link "К программам" [ref=e10]
  - button "Снять задачу Настраиваю объект" [ref=e5]
  - link "Открыть весь каталог" [ref=e6]
  - heading "Материалы" [level=2, ref=e33]
  - link "TRASSIR не видит камеру по ONVIF: порядок проверки Питание и линк, ответ по ONVIF на порту 80, учётные данные, профиль потока. TRASSIR OS 4.3 · 12 августа · 7 мин" [ref=e11]
  - link "Настройка глубины архива на DuoStation Расчёт глубины под битрейт и число камер, поведение при переполнении. TRASSIR OS 4.3 · 12 августа · 12 мин" [ref=e12]
  - link "Права доступа операторов Что видит дежурный, что — старший смены, что закрыто совсем. TRASSIR OS 4.3 · 28 июля · 10 мин" [ref=e13]
  - link "Проверка питания и линка камеры Что смотреть на коммутаторе и на самой камере до того, как лезть в настройки TRASSIR. Оборудование · 3 сентября · 5 мин" [ref=e14]
  - link "Добавление IP-камеры вручную Когда автопоиск не находит устройство: RTSP-строка, порт, профиль, проверка потока. TRASSIR OS 4.2 · 28 июля · 11 мин" [ref=e15]
  - button "Показать ещё 5" [ref=e16]
  - heading "Программы" [level=2, ref=e34]
  - link "Пусконаладка TRASSIR OS на объекте до 32 камер Сможете развернуть и сдать объект самостоятельно 11 единиц · 2 ч 11 мин · документ концепта" [ref=e17]
  - link "Разбор типовых отказов на пусконаладке Разберёте порядок проверки типовых отказов на объекте 6 единиц · 54 мин · документ концепта" [ref=e18]

> click @e26
✓ Done

> eval JSON.stringify({url:location.href,lang:document.documentElement.lang,stored:sessionStorage.getItem("trassir-learn-locale"),width:innerWidth,scroll:document.documentElement.scrollWidth,text:document.body.innerText,cyrillic:document.body.innerText.match(/[^\n]*[А-Яа-яЁё][^\n]*/g)})
"{\"url\":\"http://127.0.0.1:5174/catalog?task=setup&theme=%D0%9F%D1%83%D1%81%D0%BA%D0%BE%D0%BD%D0%B0%D0%BB%D0%B0%D0%B4%D0%BA%D0%B0&lang=ru\",\"lang\":\"ru\",\"stored\":\"ru\",\"width\":1440,\"scroll\":1440,\"text\":\"Войти\\nРабочий атлас\\nКаталог\\n\\nМатериалы для рабочего вопроса и программы подготовки.\\n\\nЧисла — материалы с учётом остальных осей и выбранной задачи.\\n\\nПРОДУКТ\\nTRASSIR OS\\n7\\nActiveDome\\n0\\nNeuroStation\\n0\\nОборудование\\n2\\nТЕМА\\nПроектирование\\n0\\nПусконаладка\\n9\\nАналитика\\n0\\nЭксплуатация\\n5\\nВЕРСИЯ\\n4.3\\n8\\n4.2\\n1\\n4.1\\n0\\n\\nМатериалы: 9 · Программы: 2 · Показано материалов: 5\\n\\nК материалам\\nК программам\\nЗадача: Настраиваю объект\\n×\\nТема: Пусконаладка\\n×\\nСбросить фильтры внутри задачи\\nОткрыть весь каталог\\nМатериалы\\n9\\nTRASSIR не видит камеру по ONVIF: порядок проверки\\nПитание и линк, ответ по ONVIF на порту 80, учётные данные, профиль потока.\\nTRASSIR OS 4.3 · 12 августа · 7 мин\\nНастройка глубины архива на DuoStation\\nРасчёт глубины под битрейт и число камер, поведение при переполнении.\\nTRASSIR OS 4.3 · 12 августа · 12 мин\\nПроверка питания и линка камеры\\nЧто смотреть на коммутаторе и на самой камере до того, как лезть в настройки TRASSIR.\\nОборудование · 3 сентября · 5 мин\\nДобавление IP-камеры вручную\\nКогда автопоиск не находит устройство: RTSP-строка, порт, профиль, проверка потока.\\nTRASSIR OS 4.2 · 28 июля · 11 мин\\nРаспределение архива по дискам\\nКак разложить запись по дискам, чтобы одна камера не съедала весь объём.\\nTRASSIR OS 4.3 · 21 августа · 6 мин\\nПоказано 5 из 9 материалов\\nПоказать ещё 4\\nПрограммы\\n2\\n\\nВключены программы хотя бы с одним материалом по условиям. Фильтр не означает совместимость всей программы.\\n\\nПусконаладка TRASSIR OS на объекте до 32 камер\\nСможете развернуть и сдать объект самостоятельно\\n11 единиц · 2 ч 11 мин · документ концепта\\nМатериалов по условиям: 4\\nРазбор типовых отказов на пусконаладке\\nРазберёте порядок проверки типовых отказов на объекте\\n6 единиц · 54 мин · документ концепта\\nМатериалов по условиям: 4\",\"cyrillic\":[\"Войти\",\"Рабочий атлас\",\"Каталог\",\"Материалы для рабочего вопроса и программы подготовки.\",\"Числа — материалы с учётом остальных осей и выбранной задачи.\",\"ПРОДУКТ\",\"Оборудование\",\"ТЕМА\",\"Проектирование\",\"Пусконаладка\",\"Аналитика\",\"Эксплуатация\",\"ВЕРСИЯ\",\"Материалы: 9 · Программы: 2 · Показано материалов: 5\",\"К материалам\",\"К программам\",\"Задача: Настраиваю объект\",\"Тема: Пусконаладка\",\"Сбросить фильтры внутри задачи\",\"Открыть весь каталог\",\"Материалы\",\"TRASSIR не видит камеру по ONVIF: порядок проверки\",\"Питание и линк, ответ по ONVIF на порту 80, учётные данные, профиль потока.\",\"TRASSIR OS 4.3 · 12 августа · 7 мин\",\"Настройка глубины архива на DuoStation\",\"Расчёт глубины под битрейт и число камер, поведение при переполнении.\",\"TRASSIR OS 4.3 · 12 августа · 12 мин\",\"Проверка питания и линка камеры\",\"Что смотреть на коммутаторе и на самой камере до того, как лезть в настройки TRASSIR.\",\"Оборудование · 3 сентября · 5 мин\",\"Добавление IP-камеры вручную\",\"Когда автопоиск не находит устройство: RTSP-строка, порт, профиль, проверка потока.\",\"TRASSIR OS 4.2 · 28 июля · 11 мин\",\"Распределение архива по дискам\",\"Как разложить запись по дискам, чтобы одна камера не съедала весь объём.\",\"TRASSIR OS 4.3 · 21 августа · 6 мин\",\"Показано 5 из 9 материалов\",\"Показать ещё 4\",\"Программы\",\"Включены программы хотя бы с одним материалом по условиям. Фильтр не означает совместимость всей программы.\",\"Пусконаладка TRASSIR OS на объекте до 32 камер\",\"Сможете развернуть и сдать объект самостоятельно\",\"11 единиц · 2 ч 11 мин · документ концепта\",\"Материалов по условиям: 4\",\"Разбор типовых отказов на пусконаладке\",\"Разберёте порядок проверки типовых отказов на объекте\",\"6 единиц · 54 мин · документ концепта\",\"Материалов по условиям: 4\"]}"

> errors

> back
http://127.0.0.1:5174/catalog?task=setup&lang=ru

> reload
http://127.0.0.1:5174/catalog?task=setup&lang=ru

> eval JSON.stringify({url:location.href,lang:document.documentElement.lang,stored:sessionStorage.getItem("trassir-learn-locale"),width:innerWidth,scroll:document.documentElement.scrollWidth,text:document.body.innerText,cyrillic:document.body.innerText.match(/[^\n]*[А-Яа-яЁё][^\n]*/g)})
"{\"url\":\"http://127.0.0.1:5174/catalog?task=setup&lang=ru\",\"lang\":\"ru\",\"stored\":\"ru\",\"width\":1440,\"scroll\":1440,\"text\":\"Войти\\nРабочий атлас\\nКаталог\\n\\nМатериалы для рабочего вопроса и программы подготовки.\\n\\nЧисла — материалы с учётом остальных осей и выбранной задачи.\\n\\nПРОДУКТ\\nTRASSIR OS\\n12\\nActiveDome\\n0\\nNeuroStation\\n0\\nОборудование\\n2\\nТЕМА\\nПроектирование\\n0\\nПусконаладка\\n9\\nАналитика\\n0\\nЭксплуатация\\n5\\nВЕРСИЯ\\n4.3\\n12\\n4.2\\n1\\n4.1\\n1\\n\\nМатериалы: 14 · Программы: 2 · Показано материалов: 5\\n\\nК материалам\\nК программам\\nЗадача: Настраиваю объект\\n×\\nОткрыть весь каталог\\nМатериалы\\n14\\nTRASSIR не видит камеру по ONVIF: порядок проверки\\nПитание и линк, ответ по ONVIF на порту 80, учётные данные, профиль потока.\\nTRASSIR OS 4.3 · 12 августа · 7 мин\\nНастройка глубины архива на DuoStation\\nРасчёт глубины под битрейт и число камер, поведение при переполнении.\\nTRASSIR OS 4.3 · 12 августа · 12 мин\\nПрава доступа операторов\\nЧто видит дежурный, что — старший смены, что закрыто совсем.\\nTRASSIR OS 4.3 · 28 июля · 10 мин\\nПроверка питания и линка камеры\\nЧто смотреть на коммутаторе и на самой камере до того, как лезть в настройки TRASSIR.\\nОборудование · 3 сентября · 5 мин\\nДобавление IP-камеры вручную\\nКогда автопоиск не находит устройство: RTSP-строка, порт, профиль, проверка потока.\\nTRASSIR OS 4.2 · 28 июля · 11 мин\\nПоказано 5 из 14 материалов\\nПоказать ещё 5\\nПрограммы\\n2\\n\\nПрограммы выбранной задачи.\\n\\nПусконаладка TRASSIR OS на объекте до 32 камер\\nСможете развернуть и сдать объект самостоятельно\\n11 единиц · 2 ч 11 мин · документ концепта\\nРазбор типовых отказов на пусконаладке\\nРазберёте порядок проверки типовых отказов на объекте\\n6 единиц · 54 мин · документ концепта\",\"cyrillic\":[\"Войти\",\"Рабочий атлас\",\"Каталог\",\"Материалы для рабочего вопроса и программы подготовки.\",\"Числа — материалы с учётом остальных осей и выбранной задачи.\",\"ПРОДУКТ\",\"Оборудование\",\"ТЕМА\",\"Проектирование\",\"Пусконаладка\",\"Аналитика\",\"Эксплуатация\",\"ВЕРСИЯ\",\"Материалы: 14 · Программы: 2 · Показано материалов: 5\",\"К материалам\",\"К программам\",\"Задача: Настраиваю объект\",\"Открыть весь каталог\",\"Материалы\",\"TRASSIR не видит камеру по ONVIF: порядок проверки\",\"Питание и линк, ответ по ONVIF на порту 80, учётные данные, профиль потока.\",\"TRASSIR OS 4.3 · 12 августа · 7 мин\",\"Настройка глубины архива на DuoStation\",\"Расчёт глубины под битрейт и число камер, поведение при переполнении.\",\"TRASSIR OS 4.3 · 12 августа · 12 мин\",\"Права доступа операторов\",\"Что видит дежурный, что — старший смены, что закрыто совсем.\",\"TRASSIR OS 4.3 · 28 июля · 10 мин\",\"Проверка питания и линка камеры\",\"Что смотреть на коммутаторе и на самой камере до того, как лезть в настройки TRASSIR.\",\"Оборудование · 3 сентября · 5 мин\",\"Добавление IP-камеры вручную\",\"Когда автопоиск не находит устройство: RTSP-строка, порт, профиль, проверка потока.\",\"TRASSIR OS 4.2 · 28 июля · 11 мин\",\"Показано 5 из 14 материалов\",\"Показать ещё 5\",\"Программы\",\"Программы выбранной задачи.\",\"Пусконаладка TRASSIR OS на объекте до 32 камер\",\"Сможете развернуть и сдать объект самостоятельно\",\"11 единиц · 2 ч 11 мин · документ концепта\",\"Разбор типовых отказов на пусконаладке\",\"Разберёте порядок проверки типовых отказов на объекте\",\"6 единиц · 54 мин · документ концепта\"]}"

> errors

> snapshot -i
- generic "ВойтиВойтиРабочий атласКаталогМатериалы для рабочего вопроса и программы подготовки.Фильтры · 0Числа" [ref=e1] clickable [onclick]
  - button "На главную" [ref=e2]
  - textbox "Поиск по материалам и программам" [ref=e7]
  - button "Войти" [ref=e3]
  - heading "Каталог" [level=1, ref=e8]
  - heading "ПРОДУКТ" [level=2, ref=e19]
  - button "TRASSIR OS 12" [ref=e20]
  - button "ActiveDome 0" [ref=e21]
  - button "NeuroStation 0" [ref=e22]
  - button "Оборудование 2" [ref=e23]
  - heading "ТЕМА" [level=2, ref=e24]
  - button "Проектирование 0" [ref=e25]
  - button "Пусконаладка 9" [ref=e26]
  - button "Аналитика 0" [ref=e27]
  - button "Эксплуатация 5" [ref=e28]
  - heading "ВЕРСИЯ" [level=2, ref=e29]
  - button "4.3 12" [ref=e30]
  - button "4.2 1" [ref=e31]
  - button "4.1 1" [ref=e32]
  - navigation "Разделы каталога" [ref=e4]
    - link "К материалам" [ref=e9]
    - link "К программам" [ref=e10]
  - button "Снять задачу Настраиваю объект" [ref=e5]
  - link "Открыть весь каталог" [ref=e6]
  - heading "Материалы" [level=2, ref=e33]
  - link "TRASSIR не видит камеру по ONVIF: порядок проверки Питание и линк, ответ по ONVIF на порту 80, учётные данные, профиль потока. TRASSIR OS 4.3 · 12 августа · 7 мин" [ref=e11]
  - link "Настройка глубины архива на DuoStation Расчёт глубины под битрейт и число камер, поведение при переполнении. TRASSIR OS 4.3 · 12 августа · 12 мин" [ref=e12]
  - link "Права доступа операторов Что видит дежурный, что — старший смены, что закрыто совсем. TRASSIR OS 4.3 · 28 июля · 10 мин" [ref=e13]
  - link "Проверка питания и линка камеры Что смотреть на коммутаторе и на самой камере до того, как лезть в настройки TRASSIR. Оборудование · 3 сентября · 5 мин" [ref=e14]
  - link "Добавление IP-камеры вручную Когда автопоиск не находит устройство: RTSP-строка, порт, профиль, проверка потока. TRASSIR OS 4.2 · 28 июля · 11 мин" [ref=e15]
  - button "Показать ещё 5" [ref=e16]
  - heading "Программы" [level=2, ref=e34]
  - link "Пусконаладка TRASSIR OS на объекте до 32 камер Сможете развернуть и сдать объект самостоятельно 11 единиц · 2 ч 11 мин · документ концепта" [ref=e17]
  - link "Разбор типовых отказов на пусконаладке Разберёте порядок проверки типовых отказов на объекте 6 единиц · 54 мин · документ концепта" [ref=e18]

> click @e17
✓ Done

> eval JSON.stringify({url:location.href,lang:document.documentElement.lang,stored:sessionStorage.getItem("trassir-learn-locale"),width:innerWidth,scroll:document.documentElement.scrollWidth,text:document.body.innerText,cyrillic:document.body.innerText.match(/[^\n]*[А-Яа-яЁё][^\n]*/g)})
"{\"url\":\"http://127.0.0.1:5174/trajectory/puskonaladka?lang=ru\",\"lang\":\"ru\",\"stored\":\"ru\",\"width\":1440,\"scroll\":1440,\"text\":\"Войти\\nНастраиваю объект\\n/\\nПрограммы\\nПусконаладка · программа подготовки\\nПусконаладка TRASSIR OS на объекте до 32 камер\\n\\nРазвернуть и сдать объект до 32 камер без эскалации в поддержку\\n\\nОбъём программы\\n2 ч 11 мин\\n10 материалов + зачёт\\nКак проверяется\\n20 вопросов · нужно 16 верных\\n30 минут · 2 попытки · повтор через 24 ч\\nНа выходе\\nСертифицированный инженер TRASSIR OS\\nИменной документ концепта\\nНачать программу\\nВход нужен для сохранения прогресса. Открытые материалы можно читать сейчас.\\nСостав программы\\nВсе 11 единиц\\n01\\nПервое включение и заводские настройки\\nМатериал\\n5 мин\\n02\\nДобавление IP-камеры вручную\\nМатериал\\n11 мин\\n03\\nTRASSIR не видит камеру по ONVIF: порядок проверки\\nМатериал\\n7 мин\\n04\\nНастройка глубины архива на DuoStation\\nМатериал\\n12 мин\\n05\\nПрава доступа операторов\\nМатериал\\n10 мин\\n06\\nНастройка детекторов движения\\nМатериал\\n15 мин\\n07\\nРезервирование записи\\nМатериал\\n13 мин\\n08\\nЭкспорт видеофрагмента для передачи заказчику\\nМатериал\\n9 мин\\n09\\nПроверка записи по всем каналам перед сдачей\\nМатериал\\n12 мин\\n10\\nПакет документов для сдачи объекта\\nМатериал\\n7 мин\\n11\\nЗачёт по траектории\\nЗачёт\\n30 мин\\nЧто подтверждает результат\\n\\nСертификат подтверждает, что инженер разворачивает TRASSIR OS на объекте до 32 камер: настраивает сервер и сеть, подключает камеры, задаёт глубину архива и права операторов, сдаёт объект заказчику. Проверяется зачётом на 20 вопросов с порогом 16. Компания-партнёр видит квалификацию в своём профиле, физическое лицо — в личном.\\n\\nСамостоятельный учебный концепт. Документ фиксирует прохождение в прототипе; официальная квалификация DSSL не присваивается.\\n\\nО ПЛАТФОРМЕ\\nКак устроено обучение\\nСертификация партнёров\\nКонтакты\\nПРОДУКТЫ TRASSIR\\nTRASSIR OS\\nDuoStation\\nЛинейка камер\\nВидеоаналитика\\nПОДДЕРЖКА\\nБаза знаний\\nЗапрос в поддержку\\nСтатус сервисов\\nDSSL · TRASSIR Learn — учебная платформа для партнёров\",\"cyrillic\":[\"Войти\",\"Настраиваю объект\",\"Программы\",\"Пусконаладка · программа подготовки\",\"Пусконаладка TRASSIR OS на объекте до 32 камер\",\"Развернуть и сдать объект до 32 камер без эскалации в поддержку\",\"Объём программы\",\"2 ч 11 мин\",\"10 материалов + зачёт\",\"Как проверяется\",\"20 вопросов · нужно 16 верных\",\"30 минут · 2 попытки · повтор через 24 ч\",\"На выходе\",\"Сертифицированный инженер TRASSIR OS\",\"Именной документ концепта\",\"Начать программу\",\"Вход нужен для сохранения прогресса. Открытые материалы можно читать сейчас.\",\"Состав программы\",\"Все 11 единиц\",\"Первое включение и заводские настройки\",\"Материал\",\"5 мин\",\"Добавление IP-камеры вручную\",\"Материал\",\"11 мин\",\"TRASSIR не видит камеру по ONVIF: порядок проверки\",\"Материал\",\"7 мин\",\"Настройка глубины архива на DuoStation\",\"Материал\",\"12 мин\",\"Права доступа операторов\",\"Материал\",\"10 мин\",\"Настройка детекторов движения\",\"Материал\",\"15 мин\",\"Резервирование записи\",\"Материал\",\"13 мин\",\"Экспорт видеофрагмента для передачи заказчику\",\"Материал\",\"9 мин\",\"Проверка записи по всем каналам перед сдачей\",\"Материал\",\"12 мин\",\"Пакет документов для сдачи объекта\",\"Материал\",\"7 мин\",\"Зачёт по траектории\",\"Зачёт\",\"30 мин\",\"Что подтверждает результат\",\"Сертификат подтверждает, что инженер разворачивает TRASSIR OS на объекте до 32 камер: настраивает сервер и сеть, подключает камеры, задаёт глубину архива и права операторов, сдаёт объект заказчику. Проверяется зачётом на 20 вопросов с порогом 16. Компания-партнёр видит квалификацию в своём профиле, физическое лицо — в личном.\",\"Самостоятельный учебный концепт. Документ фиксирует прохождение в прототипе; официальная квалификация DSSL не присваивается.\",\"О ПЛАТФОРМЕ\",\"Как устроено обучение\",\"Сертификация партнёров\",\"Контакты\",\"ПРОДУКТЫ TRASSIR\",\"Линейка камер\",\"Видеоаналитика\",\"ПОДДЕРЖКА\",\"База знаний\",\"Запрос в поддержку\",\"Статус сервисов\",\"DSSL · TRASSIR Learn — учебная платформа для партнёров\"]}"

> errors

> snapshot -i
- generic "ВойтиВойтиНастраиваю объект/ПрограммыПусконаладка · программа подготовкиПусконаладка TRASSIR OS на о" [ref=e1] clickable [onclick]
  - button "На главную" [ref=e2]
  - textbox "Поиск по материалам и программам" [ref=e5]
  - button "Войти" [ref=e3]
  - navigation "Хлебные крошки" [ref=e6]
    - button "Настраиваю объект" [ref=e23]
    - button "Программы" [ref=e24]
  - heading "Пусконаладка TRASSIR OS на объекте до 32 камер" [level=1, ref=e7]
  - link "2 ч 11 мин" [ref=e8]
  - button "Начать программу" [ref=e9]
  - region "Состав программы" [ref=e4]
    - heading "Состав программы" [level=2, ref=e10]
    - link "01 Первое включение и заводские настройки Материал 5 мин" [ref=e11]
    - link "02 Добавление IP-камеры вручную Материал 11 мин" [ref=e12]
    - link "03 TRASSIR не видит камеру по ONVIF: порядок проверки Материал 7 мин" [ref=e13]
    - link "04 Настройка глубины архива на DuoStation Материал 12 мин" [ref=e14]
    - link "05 Права доступа операторов Материал 10 мин" [ref=e15]
    - link "06 Настройка детекторов движения Материал 15 мин" [ref=e16]
    - link "07 Резервирование записи Материал 13 мин" [ref=e17]
    - link "08 Экспорт видеофрагмента для передачи заказчику Материал 9 мин" [ref=e18]
    - link "09 Проверка записи по всем каналам перед сдачей Материал 12 мин" [ref=e19]
    - link "10 Пакет документов для сдачи объекта Материал 7 мин" [ref=e20]
    - link "11 Зачёт по траектории Зачёт 30 мин" [ref=e21]
  - heading "Что подтверждает результат" [level=2, ref=e22]

> click @e3
✓ Done

> eval JSON.stringify({url:location.href,lang:document.documentElement.lang,stored:sessionStorage.getItem("trassir-learn-locale"),width:innerWidth,scroll:document.documentElement.scrollWidth,text:document.body.innerText,cyrillic:document.body.innerText.match(/[^\n]*[А-Яа-яЁё][^\n]*/g)})
"{\"url\":\"http://127.0.0.1:5174/login?returnTo=%2Ftrajectory%2Fpuskonaladka%3Flang%3Dru&lang=ru\",\"lang\":\"ru\",\"stored\":\"ru\",\"width\":1440,\"scroll\":1440,\"text\":\"Войти\\nВойдите, чтобы сохранить прогресс\\n\\nПусконаладка TRASSIR OS на объекте до 32 камер\\n\\nПосле входа вернём вас к выбранной программе и единице.\\nРабочая почта или телефон\\nПродолжить\\nВойти по коду из SMS\\nВернуться без входа\\n\\nДемонстрационный вход: используйте код 123456; 000000 показывает ошибку. Сообщения не отправляются. Данные сохраняются только в этой вкладке браузера.\",\"cyrillic\":[\"Войти\",\"Войдите, чтобы сохранить прогресс\",\"Пусконаладка TRASSIR OS на объекте до 32 камер\",\"После входа вернём вас к выбранной программе и единице.\",\"Рабочая почта или телефон\",\"Продолжить\",\"Войти по коду из SMS\",\"Вернуться без входа\",\"Демонстрационный вход: используйте код 123456; 000000 показывает ошибку. Сообщения не отправляются. Данные сохраняются только в этой вкладке браузера.\"]}"

> errors

> snapshot -i
- generic "ВойтиВойтиВойдите, чтобы сохранить прогрессПусконаладка TRASSIR OS на объекте до 32 камерПосле входа" [ref=e1] clickable [onclick]
  - button "На главную" [ref=e2]
  - textbox "Поиск по материалам и программам" [ref=e7]
  - button "Войти" [ref=e3]
  - heading "Войдите, чтобы сохранить прогресс" [level=1, ref=e4]
  - textbox "Рабочая почта или телефон" [ref=e8]
  - button "Продолжить" [ref=e9]
  - button "Войти по коду из SMS" [ref=e5]
  - button "Вернуться без входа" [ref=e6]

> click @e9
✓ Done

> eval JSON.stringify({url:location.href,lang:document.documentElement.lang,stored:sessionStorage.getItem("trassir-learn-locale"),width:innerWidth,scroll:document.documentElement.scrollWidth,text:document.body.innerText,cyrillic:document.body.innerText.match(/[^\n]*[А-Яа-яЁё][^\n]*/g)})
"{\"url\":\"http://127.0.0.1:5174/login?returnTo=%2Ftrajectory%2Fpuskonaladka%3Flang%3Dru&lang=ru\",\"lang\":\"ru\",\"stored\":\"ru\",\"width\":1440,\"scroll\":1440,\"text\":\"Войти\\nВойдите, чтобы сохранить прогресс\\n\\nПусконаладка TRASSIR OS на объекте до 32 камер\\n\\nПосле входа вернём вас к выбранной программе и единице.\\nРабочая почта или телефон\\nВведите рабочую почту или телефон — на них придёт код\\nПродолжить\\nВойти по коду из SMS\\nВернуться без входа\\n\\nДемонстрационный вход: используйте код 123456; 000000 показывает ошибку. Сообщения не отправляются. Данные сохраняются только в этой вкладке браузера.\",\"cyrillic\":[\"Войти\",\"Войдите, чтобы сохранить прогресс\",\"Пусконаладка TRASSIR OS на объекте до 32 камер\",\"После входа вернём вас к выбранной программе и единице.\",\"Рабочая почта или телефон\",\"Введите рабочую почту или телефон — на них придёт код\",\"Продолжить\",\"Войти по коду из SMS\",\"Вернуться без входа\",\"Демонстрационный вход: используйте код 123456; 000000 показывает ошибку. Сообщения не отправляются. Данные сохраняются только в этой вкладке браузера.\"]}"

> errors

> snapshot -i
- generic "ВойтиВойтиВойдите, чтобы сохранить прогрессПусконаладка TRASSIR OS на объекте до 32 камерПосле входа" [ref=e1] clickable [onclick]
  - button "На главную" [ref=e2]
  - textbox "Поиск по материалам и программам" [ref=e7]
  - button "Войти" [ref=e3]
  - heading "Войдите, чтобы сохранить прогресс" [level=1, ref=e4]
  - textbox "Рабочая почта или телефон" [ref=e8]
  - button "Продолжить" [ref=e9]
  - button "Войти по коду из SMS" [ref=e5]
  - button "Вернуться без входа" [ref=e6]

> fill @e8 invalid
✓ Done

> snapshot -i
- generic "ВойтиВойтиВойдите, чтобы сохранить прогрессПусконаладка TRASSIR OS на объекте до 32 камерПосле входа" [ref=e1] clickable [onclick]
  - button "На главную" [ref=e2]
  - textbox "Поиск по материалам и программам" [ref=e7]
  - button "Войти" [ref=e3]
  - heading "Войдите, чтобы сохранить прогресс" [level=1, ref=e4]
  - textbox "Рабочая почта или телефон" [ref=e8]: invalid
  - button "Продолжить" [ref=e9]
  - button "Войти по коду из SMS" [ref=e5]
  - button "Вернуться без входа" [ref=e6]

> click @e9
✓ Done

> eval JSON.stringify({url:location.href,lang:document.documentElement.lang,stored:sessionStorage.getItem("trassir-learn-locale"),width:innerWidth,scroll:document.documentElement.scrollWidth,text:document.body.innerText,cyrillic:document.body.innerText.match(/[^\n]*[А-Яа-яЁё][^\n]*/g)})
"{\"url\":\"http://127.0.0.1:5174/login?returnTo=%2Ftrajectory%2Fpuskonaladka%3Flang%3Dru&lang=ru\",\"lang\":\"ru\",\"stored\":\"ru\",\"width\":1440,\"scroll\":1440,\"text\":\"Войти\\nВойдите, чтобы сохранить прогресс\\n\\nПусконаладка TRASSIR OS на объекте до 32 камер\\n\\nПосле входа вернём вас к выбранной программе и единице.\\nРабочая почта или телефон\\nПочта вида name@company.ru или телефон с кодом страны: +7 900 000-00-00\\nПродолжить\\nВойти по коду из SMS\\nВернуться без входа\\n\\nДемонстрационный вход: используйте код 123456; 000000 показывает ошибку. Сообщения не отправляются. Данные сохраняются только в этой вкладке браузера.\",\"cyrillic\":[\"Войти\",\"Войдите, чтобы сохранить прогресс\",\"Пусконаладка TRASSIR OS на объекте до 32 камер\",\"После входа вернём вас к выбранной программе и единице.\",\"Рабочая почта или телефон\",\"Почта вида name@company.ru или телефон с кодом страны: +7 900 000-00-00\",\"Продолжить\",\"Войти по коду из SMS\",\"Вернуться без входа\",\"Демонстрационный вход: используйте код 123456; 000000 показывает ошибку. Сообщения не отправляются. Данные сохраняются только в этой вкладке браузера.\"]}"

> errors

> snapshot -i
- generic "ВойтиВойтиВойдите, чтобы сохранить прогрессПусконаладка TRASSIR OS на объекте до 32 камерПосле входа" [ref=e1] clickable [onclick]
  - button "На главную" [ref=e2]
  - textbox "Поиск по материалам и программам" [ref=e7]
  - button "Войти" [ref=e3]
  - heading "Войдите, чтобы сохранить прогресс" [level=1, ref=e4]
  - textbox "Рабочая почта или телефон" [ref=e8]: invalid
  - button "Продолжить" [ref=e9]
  - button "Войти по коду из SMS" [ref=e5]
  - button "Вернуться без входа" [ref=e6]

> fill @e8 marina.k@integrator-nw.ru
✓ Done

> snapshot -i
- generic "ВойтиВойтиВойдите, чтобы сохранить прогрессПусконаладка TRASSIR OS на объекте до 32 камерПосле входа" [ref=e1] clickable [onclick]
  - button "На главную" [ref=e2]
  - textbox "Поиск по материалам и программам" [ref=e7]
  - button "Войти" [ref=e3]
  - heading "Войдите, чтобы сохранить прогресс" [level=1, ref=e4]
  - textbox "Рабочая почта или телефон" [ref=e8]: marina.k@integrator-nw.ru
  - button "Продолжить" [ref=e9]
  - button "Войти по коду из SMS" [ref=e5]
  - button "Вернуться без входа" [ref=e6]

> click @e9
✓ Done

> wait 700
✓ Done

> eval JSON.stringify({url:location.href,lang:document.documentElement.lang,stored:sessionStorage.getItem("trassir-learn-locale"),width:innerWidth,scroll:document.documentElement.scrollWidth,text:document.body.innerText,cyrillic:document.body.innerText.match(/[^\n]*[А-Яа-яЁё][^\n]*/g)})
"{\"url\":\"http://127.0.0.1:5174/login?returnTo=%2Ftrajectory%2Fpuskonaladka%3Flang%3Dru&lang=ru\",\"lang\":\"ru\",\"stored\":\"ru\",\"width\":1440,\"scroll\":1440,\"text\":\"Войти\\nВойдите, чтобы сохранить прогресс\\n\\nПусконаладка TRASSIR OS на объекте до 32 камер\\n\\nПосле входа вернём вас к выбранной программе и единице.\\nМы вас узнали\\nАккаунт заведён в марте 2025 на аттестации DSSL. Пароль вспоминать не нужно\\nКанал получения кода в модели входа\\nКодом в SMS на +7 900 ··· 41\\nПисьмом на личную почту m···k@gmail.com\\nПродолжить с выбранным каналом\\nВернуться без входа\\n\\nДемонстрационный вход: используйте код 123456; 000000 показывает ошибку. Сообщения не отправляются. Данные сохраняются только в этой вкладке браузера.\",\"cyrillic\":[\"Войти\",\"Войдите, чтобы сохранить прогресс\",\"Пусконаладка TRASSIR OS на объекте до 32 камер\",\"После входа вернём вас к выбранной программе и единице.\",\"Мы вас узнали\",\"Аккаунт заведён в марте 2025 на аттестации DSSL. Пароль вспоминать не нужно\",\"Канал получения кода в модели входа\",\"Кодом в SMS на +7 900 ··· 41\",\"Письмом на личную почту m···k@gmail.com\",\"Продолжить с выбранным каналом\",\"Вернуться без входа\",\"Демонстрационный вход: используйте код 123456; 000000 показывает ошибку. Сообщения не отправляются. Данные сохраняются только в этой вкладке браузера.\"]}"

> errors

> snapshot -i
- generic "ВойтиВойтиВойдите, чтобы сохранить прогрессПусконаладка TRASSIR OS на объекте до 32 камерПосле входа" [ref=e1] clickable [onclick]
  - button "На главную" [ref=e2]
  - textbox "Поиск по материалам и программам" [ref=e6]
  - button "Войти" [ref=e3]
  - heading "Войдите, чтобы сохранить прогресс" [level=1, ref=e4]
  - radio "Кодом в SMS на +7 900 ··· 41" [checked=true, ref=e8]
  - radio "Письмом на личную почту m···k@gmail.com" [checked=false, ref=e9]
  - button "Продолжить с выбранным каналом" [ref=e7]
  - button "Вернуться без входа" [ref=e5]

> click @e9
✓ Done

> snapshot -i
- generic "ВойтиВойтиВойдите, чтобы сохранить прогрессПусконаладка TRASSIR OS на объекте до 32 камерПосле входа" [ref=e1] clickable [onclick]
  - button "На главную" [ref=e2]
  - textbox "Поиск по материалам и программам" [ref=e6]
  - button "Войти" [ref=e3]
  - heading "Войдите, чтобы сохранить прогресс" [level=1, ref=e4]
  - radio "Кодом в SMS на +7 900 ··· 41" [checked=false, ref=e8]
  - radio "Письмом на личную почту m···k@gmail.com" [checked=true, ref=e9]
  - button "Продолжить с выбранным каналом" [ref=e7]
  - button "Вернуться без входа" [ref=e5]

> click @e7
✓ Done

> wait 700
✓ Done

> snapshot -i
- generic "ВойтиВойтиВойдите, чтобы сохранить прогрессПусконаладка TRASSIR OS на объекте до 32 камерПосле входа" [ref=e1] clickable [onclick]
  - button "На главную" [ref=e2]
  - textbox "Поиск по материалам и программам" [ref=e6]
  - button "Войти" [ref=e3]
  - heading "Войдите, чтобы сохранить прогресс" [level=1, ref=e4]
  - textbox "Код из сообщения" [ref=e7]
  - button "Войти" [ref=e8]
  - button "Получить демокод ещё раз" [ref=e9]
  - button "Изменить почту или телефон" [ref=e10]
  - button "Вернуться без входа" [ref=e5]

> click @e8
✓ Done

> eval JSON.stringify({url:location.href,lang:document.documentElement.lang,stored:sessionStorage.getItem("trassir-learn-locale"),width:innerWidth,scroll:document.documentElement.scrollWidth,text:document.body.innerText,cyrillic:document.body.innerText.match(/[^\n]*[А-Яа-яЁё][^\n]*/g)})
"{\"url\":\"http://127.0.0.1:5174/login?returnTo=%2Ftrajectory%2Fpuskonaladka%3Flang%3Dru&lang=ru\",\"lang\":\"ru\",\"stored\":\"ru\",\"width\":1440,\"scroll\":1440,\"text\":\"Войти\\nВойдите, чтобы сохранить прогресс\\n\\nПусконаладка TRASSIR OS на объекте до 32 камер\\n\\nПосле входа вернём вас к выбранной программе и единице.\\nВведите демонстрационный код\\nДля этого прототипа используйте 123456. Отправка SMS и писем не подключена.\\nКод из сообщения\\nКод — шесть цифр из сообщения\\nВойти\\nПолучить демокод ещё раз\\nИзменить почту или телефон\\nВернуться без входа\\n\\nДемонстрационный вход: используйте код 123456; 000000 показывает ошибку. Сообщения не отправляются. Данные сохраняются только в этой вкладке браузера.\",\"cyrillic\":[\"Войти\",\"Войдите, чтобы сохранить прогресс\",\"Пусконаладка TRASSIR OS на объекте до 32 камер\",\"После входа вернём вас к выбранной программе и единице.\",\"Введите демонстрационный код\",\"Для этого прототипа используйте 123456. Отправка SMS и писем не подключена.\",\"Код из сообщения\",\"Код — шесть цифр из сообщения\",\"Войти\",\"Получить демокод ещё раз\",\"Изменить почту или телефон\",\"Вернуться без входа\",\"Демонстрационный вход: используйте код 123456; 000000 показывает ошибку. Сообщения не отправляются. Данные сохраняются только в этой вкладке браузера.\"]}"

> errors

> snapshot -i
- generic "ВойтиВойтиВойдите, чтобы сохранить прогрессПусконаладка TRASSIR OS на объекте до 32 камерПосле входа" [ref=e1] clickable [onclick]
  - button "На главную" [ref=e2]
  - textbox "Поиск по материалам и программам" [ref=e6]
  - button "Войти" [ref=e3]
  - heading "Войдите, чтобы сохранить прогресс" [level=1, ref=e4]
  - textbox "Код из сообщения" [ref=e7]
  - button "Войти" [ref=e8]
  - button "Получить демокод ещё раз" [ref=e9]
  - button "Изменить почту или телефон" [ref=e10]
  - button "Вернуться без входа" [ref=e5]

> fill @e7 000000
✓ Done

> snapshot -i
- generic "ВойтиВойтиВойдите, чтобы сохранить прогрессПусконаладка TRASSIR OS на объекте до 32 камерПосле входа" [ref=e1] clickable [onclick]
  - button "На главную" [ref=e2]
  - textbox "Поиск по материалам и программам" [ref=e6]
  - button "Войти" [ref=e3]
  - heading "Войдите, чтобы сохранить прогресс" [level=1, ref=e4]
  - textbox "Код из сообщения" [ref=e7]: 000000
  - button "Войти" [ref=e8]
  - button "Получить демокод ещё раз" [ref=e9]
  - button "Изменить почту или телефон" [ref=e10]
  - button "Вернуться без входа" [ref=e5]

> click @e8
✓ Done

> eval JSON.stringify({url:location.href,lang:document.documentElement.lang,stored:sessionStorage.getItem("trassir-learn-locale"),width:innerWidth,scroll:document.documentElement.scrollWidth,text:document.body.innerText,cyrillic:document.body.innerText.match(/[^\n]*[А-Яа-яЁё][^\n]*/g)})
"{\"url\":\"http://127.0.0.1:5174/login?returnTo=%2Ftrajectory%2Fpuskonaladka%3Flang%3Dru&lang=ru\",\"lang\":\"ru\",\"stored\":\"ru\",\"width\":1440,\"scroll\":1440,\"text\":\"Войти\\nВойдите, чтобы сохранить прогресс\\n\\nПусконаладка TRASSIR OS на объекте до 32 камер\\n\\nПосле входа вернём вас к выбранной программе и единице.\\nВведите демонстрационный код\\nДля этого прототипа используйте 123456. Отправка SMS и писем не подключена.\\nКод из сообщения\\nКод не подошёл. В этом прототипе действует демонстрационный код 123456.\\nВойти\\nПолучить демокод ещё раз\\nИзменить почту или телефон\\nВернуться без входа\\n\\nДемонстрационный вход: используйте код 123456; 000000 показывает ошибку. Сообщения не отправляются. Данные сохраняются только в этой вкладке браузера.\",\"cyrillic\":[\"Войти\",\"Войдите, чтобы сохранить прогресс\",\"Пусконаладка TRASSIR OS на объекте до 32 камер\",\"После входа вернём вас к выбранной программе и единице.\",\"Введите демонстрационный код\",\"Для этого прототипа используйте 123456. Отправка SMS и писем не подключена.\",\"Код из сообщения\",\"Код не подошёл. В этом прототипе действует демонстрационный код 123456.\",\"Войти\",\"Получить демокод ещё раз\",\"Изменить почту или телефон\",\"Вернуться без входа\",\"Демонстрационный вход: используйте код 123456; 000000 показывает ошибку. Сообщения не отправляются. Данные сохраняются только в этой вкладке браузера.\"]}"

> errors

> snapshot -i
- generic "ВойтиВойтиВойдите, чтобы сохранить прогрессПусконаладка TRASSIR OS на объекте до 32 камерПосле входа" [ref=e1] clickable [onclick]
  - button "На главную" [ref=e2]
  - textbox "Поиск по материалам и программам" [ref=e6]
  - button "Войти" [ref=e3]
  - heading "Войдите, чтобы сохранить прогресс" [level=1, ref=e4]
  - textbox "Код из сообщения" [ref=e7]: 000000
  - button "Войти" [ref=e8]
  - button "Получить демокод ещё раз" [ref=e9]
  - button "Изменить почту или телефон" [ref=e10]
  - button "Вернуться без входа" [ref=e5]

> click @e9
✓ Done

> eval JSON.stringify({url:location.href,lang:document.documentElement.lang,stored:sessionStorage.getItem("trassir-learn-locale"),width:innerWidth,scroll:document.documentElement.scrollWidth,text:document.body.innerText,cyrillic:document.body.innerText.match(/[^\n]*[А-Яа-яЁё][^\n]*/g)})
"{\"url\":\"http://127.0.0.1:5174/login?returnTo=%2Ftrajectory%2Fpuskonaladka%3Flang%3Dru&lang=ru\",\"lang\":\"ru\",\"stored\":\"ru\",\"width\":1440,\"scroll\":1440,\"text\":\"Войти\\nВойдите, чтобы сохранить прогресс\\n\\nПусконаладка TRASSIR OS на объекте до 32 камер\\n\\nПосле входа вернём вас к выбранной программе и единице.\\nВведите демонстрационный код\\nДля этого прототипа используйте 123456. Отправка SMS и писем не подключена.\\nКод из сообщения\\nВойти\\nПолучить демокод ещё раз\\n\\nДемонстрационный код прежний: 123456. SMS и письмо не отправлялись.\\n\\nИзменить почту или телефон\\nВернуться без входа\\n\\nДемонстрационный вход: используйте код 123456; 000000 показывает ошибку. Сообщения не отправляются. Данные сохраняются только в этой вкладке браузера.\",\"cyrillic\":[\"Войти\",\"Войдите, чтобы сохранить прогресс\",\"Пусконаладка TRASSIR OS на объекте до 32 камер\",\"После входа вернём вас к выбранной программе и единице.\",\"Введите демонстрационный код\",\"Для этого прототипа используйте 123456. Отправка SMS и писем не подключена.\",\"Код из сообщения\",\"Войти\",\"Получить демокод ещё раз\",\"Демонстрационный код прежний: 123456. SMS и письмо не отправлялись.\",\"Изменить почту или телефон\",\"Вернуться без входа\",\"Демонстрационный вход: используйте код 123456; 000000 показывает ошибку. Сообщения не отправляются. Данные сохраняются только в этой вкладке браузера.\"]}"

> errors

> snapshot -i
- generic "ВойтиВойтиВойдите, чтобы сохранить прогрессПусконаладка TRASSIR OS на объекте до 32 камерПосле входа" [ref=e1] clickable [onclick]
  - button "На главную" [ref=e2]
  - textbox "Поиск по материалам и программам" [ref=e6]
  - button "Войти" [ref=e3]
  - heading "Войдите, чтобы сохранить прогресс" [level=1, ref=e4]
  - textbox "Код из сообщения" [ref=e7]
  - button "Войти" [ref=e8]
  - button "Получить демокод ещё раз" [ref=e9]
  - button "Изменить почту или телефон" [ref=e10]
  - button "Вернуться без входа" [ref=e5]

> fill @e7 123456
✓ Done

> snapshot -i
- generic "ВойтиВойтиВойдите, чтобы сохранить прогрессПусконаладка TRASSIR OS на объекте до 32 камерПосле входа" [ref=e1] clickable [onclick]
  - button "На главную" [ref=e2]
  - textbox "Поиск по материалам и программам" [ref=e6]
  - button "Войти" [ref=e3]
  - heading "Войдите, чтобы сохранить прогресс" [level=1, ref=e4]
  - textbox "Код из сообщения" [ref=e7]: 123456
  - button "Войти" [ref=e8]
  - button "Получить демокод ещё раз" [ref=e9]
  - button "Изменить почту или телефон" [ref=e10]
  - button "Вернуться без входа" [ref=e5]

> click @e8
✓ Done

> wait 800
✓ Done

> eval JSON.stringify({url:location.href,lang:document.documentElement.lang,stored:sessionStorage.getItem("trassir-learn-locale"),width:innerWidth,scroll:document.documentElement.scrollWidth,text:document.body.innerText,cyrillic:document.body.innerText.match(/[^\n]*[А-Яа-яЁё][^\n]*/g)})
"{\"url\":\"http://127.0.0.1:5174/trajectory/puskonaladka?lang=ru\",\"lang\":\"ru\",\"stored\":\"ru\",\"width\":1440,\"scroll\":1440,\"text\":\"МК\\nНастраиваю объект\\n/\\nПрограммы\\nПусконаладка · программа подготовки\\nПусконаладка TRASSIR OS на объекте до 32 камер\\n\\nРазвернуть и сдать объект до 32 камер без эскалации в поддержку\\n\\nОбъём программы\\n2 ч 11 мин\\n10 материалов + зачёт\\nКак проверяется\\n20 вопросов · нужно 16 верных\\n30 минут · 2 попытки · повтор через 24 ч\\nНа выходе\\nСертифицированный инженер TRASSIR OS\\nИменной документ концепта\\nВ справочнике прочитано 5 из 10\\nЗавершено в программе 3 из 11\\nПродолжение · Настройка глубины архива на DuoStation\\nПродолжить\\nЧтение пополняет освоение. Для допуска завершайте единицы программы.\\nСостав программы\\nВсе 11 единиц\\n01\\nПервое включение и заводские настройки\\nМатериал\\nЗавершено\\n5 мин\\n02\\nДобавление IP-камеры вручную\\nМатериал\\nЗавершено\\n11 мин\\n03\\nTRASSIR не видит камеру по ONVIF: порядок проверки\\nМатериал\\nЗавершено\\n7 мин\\n04\\nНастройка глубины архива на DuoStation\\nМатериал\\nПродолжение\\n12 мин\\n05\\nПрава доступа операторов\\nМатериал\\nЧитали · не завершено\\n10 мин\\n06\\nНастройка детекторов движения\\nМатериал\\n15 мин\\n07\\nРезервирование записи\\nМатериал\\n13 мин\\n08\\nЭкспорт видеофрагмента для передачи заказчику\\nМатериал\\n9 мин\\n09\\nПроверка записи по всем каналам перед сдачей\\nМатериал\\n12 мин\\n10\\nПакет документов для сдачи объекта\\nМатериал\\n7 мин\\n11\\nЗачёт по траектории\\nЗачёт\\n30 мин\\nЧто подтверждает результат\\n\\nСертификат подтверждает, что инженер разворачивает TRASSIR OS на объекте до 32 камер: настраивает сервер и сеть, подключает камеры, задаёт глубину архива и права операторов, сдаёт объект заказчику. Проверяется зачётом на 20 вопросов с порогом 16. Компания-партнёр видит квалификацию в своём профиле, физическое лицо — в личном.\\n\\nСамостоятельный учебный концепт. Документ фиксирует прохождение в прототипе; официальная квалификация DSSL не присваивается.\\n\\nО ПЛАТФОРМЕ\\nКак устроено обучение\\nСертификация партнёров\\nКонтакты\\nПРОДУКТЫ TRASSIR\\nTRASSIR OS\\nDuoStation\\nЛинейка камер\\nВидеоаналитика\\nПОДДЕРЖКА\\nБаза знаний\\nЗапрос в поддержку\\nСтатус сервисов\\nDSSL · TRASSIR Learn — учебная платформа для партнёров\\nВы вошли как Марина Ковалёва\",\"cyrillic\":[\"МК\",\"Настраиваю объект\",\"Программы\",\"Пусконаладка · программа подготовки\",\"Пусконаладка TRASSIR OS на объекте до 32 камер\",\"Развернуть и сдать объект до 32 камер без эскалации в поддержку\",\"Объём программы\",\"2 ч 11 мин\",\"10 материалов + зачёт\",\"Как проверяется\",\"20 вопросов · нужно 16 верных\",\"30 минут · 2 попытки · повтор через 24 ч\",\"На выходе\",\"Сертифицированный инженер TRASSIR OS\",\"Именной документ концепта\",\"В справочнике прочитано 5 из 10\",\"Завершено в программе 3 из 11\",\"Продолжение · Настройка глубины архива на DuoStation\",\"Продолжить\",\"Чтение пополняет освоение. Для допуска завершайте единицы программы.\",\"Состав программы\",\"Все 11 единиц\",\"Первое включение и заводские настройки\",\"Материал\",\"Завершено\",\"5 мин\",\"Добавление IP-камеры вручную\",\"Материал\",\"Завершено\",\"11 мин\",\"TRASSIR не видит камеру по ONVIF: порядок проверки\",\"Материал\",\"Завершено\",\"7 мин\",\"Настройка глубины архива на DuoStation\",\"Материал\",\"Продолжение\",\"12 мин\",\"Права доступа операторов\",\"Материал\",\"Читали · не завершено\",\"10 мин\",\"Настройка детекторов движения\",\"Материал\",\"15 мин\",\"Резервирование записи\",\"Материал\",\"13 мин\",\"Экспорт видеофрагмента для передачи заказчику\",\"Материал\",\"9 мин\",\"Проверка записи по всем каналам перед сдачей\",\"Материал\",\"12 мин\",\"Пакет документов для сдачи объекта\",\"Материал\",\"7 мин\",\"Зачёт по траектории\",\"Зачёт\",\"30 мин\",\"Что подтверждает результат\",\"Сертификат подтверждает, что инженер разворачивает TRASSIR OS на объекте до 32 камер: настраивает сервер и сеть, подключает камеры, задаёт глубину архива и права операторов, сдаёт объект заказчику. Проверяется зачётом на 20 вопросов с порогом 16. Компания-партнёр видит квалификацию в своём профиле, физическое лицо — в личном.\",\"Самостоятельный учебный концепт. Документ фиксирует прохождение в прототипе; официальная квалификация DSSL не присваивается.\",\"О ПЛАТФОРМЕ\",\"Как устроено обучение\",\"Сертификация партнёров\",\"Контакты\",\"ПРОДУКТЫ TRASSIR\",\"Линейка камер\",\"Видеоаналитика\",\"ПОДДЕРЖКА\",\"База знаний\",\"Запрос в поддержку\",\"Статус сервисов\",\"DSSL · TRASSIR Learn — учебная платформа для партнёров\",\"Вы вошли как Марина Ковалёва\"]}"

> errors

> reload
http://127.0.0.1:5174/trajectory/puskonaladka?lang=ru

> eval JSON.stringify({url:location.href,lang:document.documentElement.lang,stored:sessionStorage.getItem("trassir-learn-locale"),width:innerWidth,scroll:document.documentElement.scrollWidth,text:document.body.innerText,cyrillic:document.body.innerText.match(/[^\n]*[А-Яа-яЁё][^\n]*/g)})
"{\"url\":\"http://127.0.0.1:5174/trajectory/puskonaladka?lang=ru\",\"lang\":\"ru\",\"stored\":\"ru\",\"width\":1440,\"scroll\":1440,\"text\":\"МК\\nНастраиваю объект\\n/\\nПрограммы\\nПусконаладка · программа подготовки\\nПусконаладка TRASSIR OS на объекте до 32 камер\\n\\nРазвернуть и сдать объект до 32 камер без эскалации в поддержку\\n\\nОбъём программы\\n2 ч 11 мин\\n10 материалов + зачёт\\nКак проверяется\\n20 вопросов · нужно 16 верных\\n30 минут · 2 попытки · повтор через 24 ч\\nНа выходе\\nСертифицированный инженер TRASSIR OS\\nИменной документ концепта\\nВ справочнике прочитано 5 из 10\\nЗавершено в программе 3 из 11\\nПродолжение · Настройка глубины архива на DuoStation\\nПродолжить\\nЧтение пополняет освоение. Для допуска завершайте единицы программы.\\nСостав программы\\nВсе 11 единиц\\n01\\nПервое включение и заводские настройки\\nМатериал\\nЗавершено\\n5 мин\\n02\\nДобавление IP-камеры вручную\\nМатериал\\nЗавершено\\n11 мин\\n03\\nTRASSIR не видит камеру по ONVIF: порядок проверки\\nМатериал\\nЗавершено\\n7 мин\\n04\\nНастройка глубины архива на DuoStation\\nМатериал\\nПродолжение\\n12 мин\\n05\\nПрава доступа операторов\\nМатериал\\nЧитали · не завершено\\n10 мин\\n06\\nНастройка детекторов движения\\nМатериал\\n15 мин\\n07\\nРезервирование записи\\nМатериал\\n13 мин\\n08\\nЭкспорт видеофрагмента для передачи заказчику\\nМатериал\\n9 мин\\n09\\nПроверка записи по всем каналам перед сдачей\\nМатериал\\n12 мин\\n10\\nПакет документов для сдачи объекта\\nМатериал\\n7 мин\\n11\\nЗачёт по траектории\\nЗачёт\\n30 мин\\nЧто подтверждает результат\\n\\nСертификат подтверждает, что инженер разворачивает TRASSIR OS на объекте до 32 камер: настраивает сервер и сеть, подключает камеры, задаёт глубину архива и права операторов, сдаёт объект заказчику. Проверяется зачётом на 20 вопросов с порогом 16. Компания-партнёр видит квалификацию в своём профиле, физическое лицо — в личном.\\n\\nСамостоятельный учебный концепт. Документ фиксирует прохождение в прототипе; официальная квалификация DSSL не присваивается.\\n\\nО ПЛАТФОРМЕ\\nКак устроено обучение\\nСертификация партнёров\\nКонтакты\\nПРОДУКТЫ TRASSIR\\nTRASSIR OS\\nDuoStation\\nЛинейка камер\\nВидеоаналитика\\nПОДДЕРЖКА\\nБаза знаний\\nЗапрос в поддержку\\nСтатус сервисов\\nDSSL · TRASSIR Learn — учебная платформа для партнёров\",\"cyrillic\":[\"МК\",\"Настраиваю объект\",\"Программы\",\"Пусконаладка · программа подготовки\",\"Пусконаладка TRASSIR OS на объекте до 32 камер\",\"Развернуть и сдать объект до 32 камер без эскалации в поддержку\",\"Объём программы\",\"2 ч 11 мин\",\"10 материалов + зачёт\",\"Как проверяется\",\"20 вопросов · нужно 16 верных\",\"30 минут · 2 попытки · повтор через 24 ч\",\"На выходе\",\"Сертифицированный инженер TRASSIR OS\",\"Именной документ концепта\",\"В справочнике прочитано 5 из 10\",\"Завершено в программе 3 из 11\",\"Продолжение · Настройка глубины архива на DuoStation\",\"Продолжить\",\"Чтение пополняет освоение. Для допуска завершайте единицы программы.\",\"Состав программы\",\"Все 11 единиц\",\"Первое включение и заводские настройки\",\"Материал\",\"Завершено\",\"5 мин\",\"Добавление IP-камеры вручную\",\"Материал\",\"Завершено\",\"11 мин\",\"TRASSIR не видит камеру по ONVIF: порядок проверки\",\"Материал\",\"Завершено\",\"7 мин\",\"Настройка глубины архива на DuoStation\",\"Материал\",\"Продолжение\",\"12 мин\",\"Права доступа операторов\",\"Материал\",\"Читали · не завершено\",\"10 мин\",\"Настройка детекторов движения\",\"Материал\",\"15 мин\",\"Резервирование записи\",\"Материал\",\"13 мин\",\"Экспорт видеофрагмента для передачи заказчику\",\"Материал\",\"9 мин\",\"Проверка записи по всем каналам перед сдачей\",\"Материал\",\"12 мин\",\"Пакет документов для сдачи объекта\",\"Материал\",\"7 мин\",\"Зачёт по траектории\",\"Зачёт\",\"30 мин\",\"Что подтверждает результат\",\"Сертификат подтверждает, что инженер разворачивает TRASSIR OS на объекте до 32 камер: настраивает сервер и сеть, подключает камеры, задаёт глубину архива и права операторов, сдаёт объект заказчику. Проверяется зачётом на 20 вопросов с порогом 16. Компания-партнёр видит квалификацию в своём профиле, физическое лицо — в личном.\",\"Самостоятельный учебный концепт. Документ фиксирует прохождение в прототипе; официальная квалификация DSSL не присваивается.\",\"О ПЛАТФОРМЕ\",\"Как устроено обучение\",\"Сертификация партнёров\",\"Контакты\",\"ПРОДУКТЫ TRASSIR\",\"Линейка камер\",\"Видеоаналитика\",\"ПОДДЕРЖКА\",\"База знаний\",\"Запрос в поддержку\",\"Статус сервисов\",\"DSSL · TRASSIR Learn — учебная платформа для партнёров\"]}"

> errors

> snapshot -i
- generic "МКМКНастраиваю объект/ПрограммыПусконаладка · программа подготовкиПусконаладка TRASSIR OS на объекте" [ref=e1] clickable [onclick]
  - button "На главную" [ref=e2]
  - textbox "Поиск по материалам и программам" [ref=e5]
  - button "Моё обучение" [ref=e3]
  - navigation "Хлебные крошки" [ref=e6]
    - button "Настраиваю объект" [ref=e25]
    - button "Программы" [ref=e26]
  - heading "Пусконаладка TRASSIR OS на объекте до 32 камер" [level=1, ref=e7]
  - link "2 ч 11 мин" [ref=e8]
  - link "В справочнике прочитано 5 из 10" [ref=e9]
  - link "Завершено в программе 3 из 11" [ref=e10]
  - button "Продолжить" [ref=e11]
  - region "Состав программы" [ref=e4]
    - heading "Состав программы" [level=2, ref=e12]
    - link "01 Первое включение и заводские настройки Материал Завершено 5 мин" [ref=e13]
    - link "02 Добавление IP-камеры вручную Материал Завершено 11 мин" [ref=e14]
    - link "03 TRASSIR не видит камеру по ONVIF: порядок проверки Материал Завершено 7 мин" [ref=e15]
    - link "04 Настройка глубины архива на DuoStation Материал Продолжение 12 мин" [ref=e16]
    - link "05 Права доступа операторов Материал Читали · не завершено 10 мин" [ref=e17]
    - link "06 Настройка детекторов движения Материал 15 мин" [ref=e18]
    - link "07 Резервирование записи Материал 13 мин" [ref=e19]
    - link "08 Экспорт видеофрагмента для передачи заказчику Материал 9 мин" [ref=e20]
    - link "09 Проверка записи по всем каналам перед сдачей Материал 12 мин" [ref=e21]
    - link "10 Пакет документов для сдачи объекта Материал 7 мин" [ref=e22]
    - link "11 Зачёт по траектории Зачёт 30 мин" [ref=e23]
  - heading "Что подтверждает результат" [level=2, ref=e24]

> fill @e5 трассир не видит камеру по onvif
✓ Done

> press Enter
✓ Done

> wait 500
✓ Done

> eval JSON.stringify({url:location.href,lang:document.documentElement.lang,stored:sessionStorage.getItem("trassir-learn-locale"),width:innerWidth,scroll:document.documentElement.scrollWidth,text:document.body.innerText,cyrillic:document.body.innerText.match(/[^\n]*[А-Яа-яЁё][^\n]*/g)})
"{\"url\":\"http://127.0.0.1:5174/search?q=%D1%82%D1%80%D0%B0%D1%81%D1%81%D0%B8%D1%80+%D0%BD%D0%B5+%D0%B2%D0%B8%D0%B4%D0%B8%D1%82+%D0%BA%D0%B0%D0%BC%D0%B5%D1%80%D1%83+%D0%BF%D0%BE+onvif&lang=ru\",\"lang\":\"ru\",\"stored\":\"ru\",\"width\":1440,\"scroll\":1440,\"text\":\"МК\\nРезультаты поиска\\nтрассир не видит камеру по onvif\\n\\n13 материалов и 1 программа. Показано материалов: 5\\n\\nМатериалы · 13\\nПрограммы · 1\\nМатериалы\\n13\\nTRASSIR не видит камеру по ONVIF: порядок проверки\\nПитание и линк, ответ по ONVIF на порту 80, учётные данные, профиль потока.\\nTRASSIR OS 4.3 · 12 августа · 7 мин\\nПодключение IP-камеры по RTSP, когда ONVIF недоступен\\nПрямая RTSP-строка вместо ONVIF: когда это единственный путь.\\nTRASSIR OS 4.3 · 21 августа · 7 мин\\nONVIF-профили S, T и G: что поддерживает TRASSIR\\nЧем отличаются профили и почему камера с Profile G не отдаёт живое видео.\\nTRASSIR OS 4.3 · 16 августа · 6 мин\\nДобавление IP-камеры вручную\\nКогда автопоиск не находит устройство: RTSP-строка, порт, профиль, проверка потока.\\nTRASSIR OS 4.2 · 28 июля · 11 мин\\nКамера добавилась, но архив не пишется\\nПроверка расписания записи, места на диске и прав службы.\\nTRASSIR OS 4.3 · 19 августа · 5 мин\\nПоказано 5 из 13 материалов\\nПоказать ещё 5\\nПрограммы\\n1\\nПусконаладка TRASSIR OS на объекте до 32 камер\\nСможете развернуть и сдать объект самостоятельно\\n11 единиц · 2 ч 11 мин · документ концепта\\nСовпадение в названии или описании программы\",\"cyrillic\":[\"МК\",\"Результаты поиска\",\"трассир не видит камеру по onvif\",\"13 материалов и 1 программа. Показано материалов: 5\",\"Материалы · 13\",\"Программы · 1\",\"Материалы\",\"TRASSIR не видит камеру по ONVIF: порядок проверки\",\"Питание и линк, ответ по ONVIF на порту 80, учётные данные, профиль потока.\",\"TRASSIR OS 4.3 · 12 августа · 7 мин\",\"Подключение IP-камеры по RTSP, когда ONVIF недоступен\",\"Прямая RTSP-строка вместо ONVIF: когда это единственный путь.\",\"TRASSIR OS 4.3 · 21 августа · 7 мин\",\"ONVIF-профили S, T и G: что поддерживает TRASSIR\",\"Чем отличаются профили и почему камера с Profile G не отдаёт живое видео.\",\"TRASSIR OS 4.3 · 16 августа · 6 мин\",\"Добавление IP-камеры вручную\",\"Когда автопоиск не находит устройство: RTSP-строка, порт, профиль, проверка потока.\",\"TRASSIR OS 4.2 · 28 июля · 11 мин\",\"Камера добавилась, но архив не пишется\",\"Проверка расписания записи, места на диске и прав службы.\",\"TRASSIR OS 4.3 · 19 августа · 5 мин\",\"Показано 5 из 13 материалов\",\"Показать ещё 5\",\"Программы\",\"Пусконаладка TRASSIR OS на объекте до 32 камер\",\"Сможете развернуть и сдать объект самостоятельно\",\"11 единиц · 2 ч 11 мин · документ концепта\",\"Совпадение в названии или описании программы\"]}"

> errors

> snapshot -i
- generic "МКМКРезультаты поискатрассир не видит камеру по onvif13 материалов и 1 программа. Показано материало" [ref=e1] clickable [onclick]
  - button "На главную" [ref=e2]
  - textbox "Поиск по материалам и программам" [ref=e5]: трассир не видит камеру по onvif
  - button "Моё обучение" [ref=e3]
  - heading "трассир не видит камеру по onvif" [level=1, ref=e6]
  - navigation "Разделы результатов" [ref=e4]
    - link "Материалы · 13" [ref=e7]
    - link "Программы · 1" [ref=e8]
  - heading "Материалы" [level=2, ref=e16]
  - link "TRASSIR не видит камеру по ONVIF: порядок проверки Питание и линк, ответ по ONVIF на порту 80, учётные данные, профиль потока. TRASSIR OS 4.3 · 12 августа · 7 мин" [ref=e9]
  - link "Подключение IP-камеры по RTSP, когда ONVIF недоступен Прямая RTSP-строка вместо ONVIF: когда это единственный путь. TRASSIR OS 4.3 · 21 августа · 7 мин" [ref=e10]
  - link "ONVIF-профили S, T и G: что поддерживает TRASSIR Чем отличаются профили и почему камера с Profile G не отдаёт живое видео. TRASSIR OS 4.3 · 16 августа · 6 мин" [ref=e11]
  - link "Добавление IP-камеры вручную Когда автопоиск не находит устройство: RTSP-строка, порт, профиль, проверка потока. TRASSIR OS 4.2 · 28 июля · 11 мин" [ref=e12]
  - link "Камера добавилась, но архив не пишется Проверка расписания записи, места на диске и прав службы. TRASSIR OS 4.3 · 19 августа · 5 мин" [ref=e13]
  - button "Показать ещё 5" [ref=e14]
  - heading "Программы" [level=2, ref=e17]
  - link "Пусконаладка TRASSIR OS на объекте до 32 камер Сможете развернуть и сдать объект самостоятельно 11 единиц · 2 ч 11 мин · документ концепта Совпадение в названии или описании программы" [ref=e15]

> fill @e5 zzzzxxx
✓ Done

> press Enter
✓ Done

> wait 500
✓ Done

> eval JSON.stringify({url:location.href,lang:document.documentElement.lang,stored:sessionStorage.getItem("trassir-learn-locale"),width:innerWidth,scroll:document.documentElement.scrollWidth,text:document.body.innerText,cyrillic:document.body.innerText.match(/[^\n]*[А-Яа-яЁё][^\n]*/g)})
"{\"url\":\"http://127.0.0.1:5174/search?q=zzzzxxx&lang=ru\",\"lang\":\"ru\",\"stored\":\"ru\",\"width\":1440,\"scroll\":1440,\"text\":\"МК\\nРезультаты поиска\\nzzzzxxx\\n\\n0 материалов и 0 программ. Показано материалов: 0\\n\\nМатериалы\\n0\\nПрограммы\\n0\\nПо этому запросу ничего нет\\nПопробуйте описать симптом другими словами или посмотрите все материалы.\\nОткрыть весь каталог\",\"cyrillic\":[\"МК\",\"Результаты поиска\",\"0 материалов и 0 программ. Показано материалов: 0\",\"Материалы\",\"Программы\",\"По этому запросу ничего нет\",\"Попробуйте описать симптом другими словами или посмотрите все материалы.\",\"Открыть весь каталог\"]}"

> errors

> snapshot -i
- generic "МКМКРезультаты поискаzzzzxxx0 материалов и 0 программ. Показано материалов: 0Материалы0Программы0По" [ref=e1] clickable [onclick]
  - button "На главную" [ref=e2]
  - textbox "Поиск по материалам и программам" [ref=e6]: zzzzxxx
  - button "Моё обучение" [ref=e3]
  - heading "zzzzxxx" [level=1, ref=e7]
  - heading "Материалы" [level=2, ref=e8]
  - heading "Программы" [level=2, ref=e9]
  - heading "По этому запросу ничего нет" [level=2, ref=e4]
  - button "Открыть весь каталог" [ref=e5]

> click @e5
✓ Done

> eval JSON.stringify({url:location.href,lang:document.documentElement.lang,stored:sessionStorage.getItem("trassir-learn-locale"),width:innerWidth,scroll:document.documentElement.scrollWidth,text:document.body.innerText,cyrillic:document.body.innerText.match(/[^\n]*[А-Яа-яЁё][^\n]*/g)})
"{\"url\":\"http://127.0.0.1:5174/catalog?all=1&lang=ru\",\"lang\":\"ru\",\"stored\":\"ru\",\"width\":1440,\"scroll\":1440,\"text\":\"МК\\nРабочий атлас\\nКаталог\\n\\nМатериалы для рабочего вопроса и программы подготовки.\\n\\nЧисла — материалы с учётом остальных осей.\\n\\nПРОДУКТ\\nTRASSIR OS\\n17\\nActiveDome\\n2\\nNeuroStation\\n3\\nОборудование\\n9\\nТЕМА\\nПроектирование\\n9\\nПусконаладка\\n9\\nАналитика\\n3\\nЭксплуатация\\n10\\nВЕРСИЯ\\n4.3\\n26\\n4.2\\n2\\n4.1\\n3\\n\\nМатериалы: 31 · Программы: 7 · Показано материалов: 5\\n\\nК материалам\\nК программам\\nМатериалы\\n31\\nTRASSIR не видит камеру по ONVIF: порядок проверки\\nПитание и линк, ответ по ONVIF на порту 80, учётные данные, профиль потока.\\nTRASSIR OS 4.3 · 12 августа · 7 мин\\nНастройка глубины архива на DuoStation\\nРасчёт глубины под битрейт и число камер, поведение при переполнении.\\nTRASSIR OS 4.3 · 12 августа · 12 мин\\nПрава доступа операторов\\nЧто видит дежурный, что — старший смены, что закрыто совсем.\\nTRASSIR OS 4.3 · 28 июля · 10 мин\\nПроверка питания и линка камеры\\nЧто смотреть на коммутаторе и на самой камере до того, как лезть в настройки TRASSIR.\\nОборудование · 3 сентября · 5 мин\\nДобавление IP-камеры вручную\\nКогда автопоиск не находит устройство: RTSP-строка, порт, профиль, проверка потока.\\nTRASSIR OS 4.2 · 28 июля · 11 мин\\nПоказано 5 из 31 материалов\\nПоказать ещё 5\\nПрограммы\\n7\\n\\nВсе программы подготовки.\\n\\nПусконаладка TRASSIR OS на объекте до 32 камер\\nСможете развернуть и сдать объект самостоятельно\\n11 единиц · 2 ч 11 мин · документ концепта\\nРазбор типовых отказов на пусконаладке\\nРазберёте порядок проверки типовых отказов на объекте\\n6 единиц · 54 мин · документ концепта\\nПроектирование системы на 64+ камеры\\nРассчитаете нагрузку и защитите проект перед заказчиком\\n9 единиц · 1 ч 45 мин · документ концепта\\nРасчёт архива и дисковой подсистемы\\nОбоснуете объём хранения числом, а не запасом\\n6 единиц · 1 ч 13 мин · документ концепта\\nСдача объекта заказчику без возвратов\\nПроверите готовность объекта и состав документов для приёмки\\n7 единиц · 1 ч 23 мин · документ концепта\\nБазовая квалификация по линейке TRASSIR\\nПодберёте железо под задачу без эскалации\\n7 единиц · 1 ч 11 мин · документ концепта\\nВидеоаналитика TRASSIR: модули и требования\\nПоймёте, что заработает на имеющемся сервере\\n6 единиц · 1 ч 24 мин · документ концепта\",\"cyrillic\":[\"МК\",\"Рабочий атлас\",\"Каталог\",\"Материалы для рабочего вопроса и программы подготовки.\",\"Числа — материалы с учётом остальных осей.\",\"ПРОДУКТ\",\"Оборудование\",\"ТЕМА\",\"Проектирование\",\"Пусконаладка\",\"Аналитика\",\"Эксплуатация\",\"ВЕРСИЯ\",\"Материалы: 31 · Программы: 7 · Показано материалов: 5\",\"К материалам\",\"К программам\",\"Материалы\",\"TRASSIR не видит камеру по ONVIF: порядок проверки\",\"Питание и линк, ответ по ONVIF на порту 80, учётные данные, профиль потока.\",\"TRASSIR OS 4.3 · 12 августа · 7 мин\",\"Настройка глубины архива на DuoStation\",\"Расчёт глубины под битрейт и число камер, поведение при переполнении.\",\"TRASSIR OS 4.3 · 12 августа · 12 мин\",\"Права доступа операторов\",\"Что видит дежурный, что — старший смены, что закрыто совсем.\",\"TRASSIR OS 4.3 · 28 июля · 10 мин\",\"Проверка питания и линка камеры\",\"Что смотреть на коммутаторе и на самой камере до того, как лезть в настройки TRASSIR.\",\"Оборудование · 3 сентября · 5 мин\",\"Добавление IP-камеры вручную\",\"Когда автопоиск не находит устройство: RTSP-строка, порт, профиль, проверка потока.\",\"TRASSIR OS 4.2 · 28 июля · 11 мин\",\"Показано 5 из 31 материалов\",\"Показать ещё 5\",\"Программы\",\"Все программы подготовки.\",\"Пусконаладка TRASSIR OS на объекте до 32 камер\",\"Сможете развернуть и сдать объект самостоятельно\",\"11 единиц · 2 ч 11 мин · документ концепта\",\"Разбор типовых отказов на пусконаладке\",\"Разберёте порядок проверки типовых отказов на объекте\",\"6 единиц · 54 мин · документ концепта\",\"Проектирование системы на 64+ камеры\",\"Рассчитаете нагрузку и защитите проект перед заказчиком\",\"9 единиц · 1 ч 45 мин · документ концепта\",\"Расчёт архива и дисковой подсистемы\",\"Обоснуете объём хранения числом, а не запасом\",\"6 единиц · 1 ч 13 мин · документ концепта\",\"Сдача объекта заказчику без возвратов\",\"Проверите готовность объекта и состав документов для приёмки\",\"7 единиц · 1 ч 23 мин · документ концепта\",\"Базовая квалификация по линейке TRASSIR\",\"Подберёте железо под задачу без эскалации\",\"7 единиц · 1 ч 11 мин · документ концепта\",\"Видеоаналитика TRASSIR: модули и требования\",\"Поймёте, что заработает на имеющемся сервере\",\"6 единиц · 1 ч 24 мин · документ концепта\"]}"

> errors

> open http://127.0.0.1:5174/home?lang=en
✓ TRASSIR Learn · learning concept
  http://127.0.0.1:5174/home?lang=en

> eval JSON.stringify({url:location.href,lang:document.documentElement.lang,stored:sessionStorage.getItem("trassir-learn-locale"),width:innerWidth,scroll:document.documentElement.scrollWidth,text:document.body.innerText,cyrillic:document.body.innerText.match(/[^\n]*[А-Яа-яЁё][^\n]*/g)})
"{\"url\":\"http://127.0.0.1:5174/home?lang=en\",\"lang\":\"en\",\"stored\":\"en\",\"width\":1440,\"scroll\":1440,\"text\":\"MK\\nField guide · Right now I am\\nI’m commissioning a site\\nAll 14 resources for this task\\n2 paths for preparation\\nWhere to start\\n\\nOne collection: 6 resources. In order for the whole task; by issue for a specific answer.\\n\\nIn order\\n· 6\\nBy issue\\n· 6\\n01\\nChecking camera power and link\\nHardware · 3 September · 5 min\\n02\\nTRASSIR cannot discover an ONVIF camera: diagnostic sequence\\nTRASSIR OS 4.3 · 12 August · 7 min\\nRead\\n03\\nAdding an IP camera manually\\nTRASSIR OS 4.2 · 28 July · 11 min\\nRead\\n04\\nConfiguring recording retention on DuoStation\\nTRASSIR OS 4.3 · 12 August · 12 min\\nRead\\n05\\nDistributing recordings across disks\\nTRASSIR OS 4.3 · 21 August · 6 min\\n06\\nOperator access rights\\nTRASSIR OS 4.3 · 28 July · 10 min\\nRead\\nBuild a complete understanding\\n\\nSee the full curriculum and requirements before starting.\\n\\nCommissioning TRASSIR OS at a site with up to 32 cameras\\nYou will be able to deploy and hand over a site independently\\n11 units · 2 h 11 min · concept document\\nTroubleshooting common commissioning faults\\nYou will learn the diagnostic sequence for common on-site faults\\n6 units · 54 min · concept document\\nABOUT THE PLATFORM\\nHow learning works\\nPartner certification\\nContact\\nTRASSIR PRODUCTS\\nTRASSIR OS\\nDuoStation\\nCamera range\\nVideo analytics\\nSUPPORT\\nKnowledge base\\nContact support\\nService status\\nDSSL · TRASSIR Learn — learning platform for partners\",\"cyrillic\":null}"

> errors

> open http://127.0.0.1:5174/home
✓ TRASSIR Learn · learning concept
  http://127.0.0.1:5174/home?lang=en

> eval JSON.stringify({url:location.href,lang:document.documentElement.lang,stored:sessionStorage.getItem("trassir-learn-locale"),width:innerWidth,scroll:document.documentElement.scrollWidth,text:document.body.innerText,cyrillic:document.body.innerText.match(/[^\n]*[А-Яа-яЁё][^\n]*/g)})
"{\"url\":\"http://127.0.0.1:5174/home?lang=en\",\"lang\":\"en\",\"stored\":\"en\",\"width\":1440,\"scroll\":1440,\"text\":\"MK\\nField guide · Right now I am\\nI’m commissioning a site\\nAll 14 resources for this task\\n2 paths for preparation\\nWhere to start\\n\\nOne collection: 6 resources. In order for the whole task; by issue for a specific answer.\\n\\nIn order\\n· 6\\nBy issue\\n· 6\\n01\\nChecking camera power and link\\nHardware · 3 September · 5 min\\n02\\nTRASSIR cannot discover an ONVIF camera: diagnostic sequence\\nTRASSIR OS 4.3 · 12 August · 7 min\\nRead\\n03\\nAdding an IP camera manually\\nTRASSIR OS 4.2 · 28 July · 11 min\\nRead\\n04\\nConfiguring recording retention on DuoStation\\nTRASSIR OS 4.3 · 12 August · 12 min\\nRead\\n05\\nDistributing recordings across disks\\nTRASSIR OS 4.3 · 21 August · 6 min\\n06\\nOperator access rights\\nTRASSIR OS 4.3 · 28 July · 10 min\\nRead\\nBuild a complete understanding\\n\\nSee the full curriculum and requirements before starting.\\n\\nCommissioning TRASSIR OS at a site with up to 32 cameras\\nYou will be able to deploy and hand over a site independently\\n11 units · 2 h 11 min · concept document\\nTroubleshooting common commissioning faults\\nYou will learn the diagnostic sequence for common on-site faults\\n6 units · 54 min · concept document\\nABOUT THE PLATFORM\\nHow learning works\\nPartner certification\\nContact\\nTRASSIR PRODUCTS\\nTRASSIR OS\\nDuoStation\\nCamera range\\nVideo analytics\\nSUPPORT\\nKnowledge base\\nContact support\\nService status\\nDSSL · TRASSIR Learn — learning platform for partners\",\"cyrillic\":null}"

> errors

> open http://127.0.0.1:5174/home?lang=ru
✓ TRASSIR Learn · учебный концепт
  http://127.0.0.1:5174/home?lang=ru

> eval JSON.stringify({url:location.href,lang:document.documentElement.lang,stored:sessionStorage.getItem("trassir-learn-locale"),width:innerWidth,scroll:document.documentElement.scrollWidth,text:document.body.innerText,cyrillic:document.body.innerText.match(/[^\n]*[А-Яа-яЁё][^\n]*/g)})
"{\"url\":\"http://127.0.0.1:5174/home?lang=ru\",\"lang\":\"ru\",\"stored\":\"ru\",\"width\":1440,\"scroll\":1440,\"text\":\"МК\\nРабочий атлас · Я сейчас\\nНастраиваю объект\\nВсе 14 материалов задачи\\n2 программы подготовки\\nС чего начать\\n\\nОдна подборка: 6 материалов. По порядку — вся задача; по симптому — конкретный ответ.\\n\\nПо порядку\\n· 6\\nПо симптому\\n· 6\\n01\\nПроверка питания и линка камеры\\nОборудование · 3 сентября · 5 мин\\n02\\nTRASSIR не видит камеру по ONVIF: порядок проверки\\nTRASSIR OS 4.3 · 12 августа · 7 мин\\nЧитали\\n03\\nДобавление IP-камеры вручную\\nTRASSIR OS 4.2 · 28 июля · 11 мин\\nЧитали\\n04\\nНастройка глубины архива на DuoStation\\nTRASSIR OS 4.3 · 12 августа · 12 мин\\nЧитали\\n05\\nРаспределение архива по дискам\\nTRASSIR OS 4.3 · 21 августа · 6 мин\\n06\\nПрава доступа операторов\\nTRASSIR OS 4.3 · 28 июля · 10 мин\\nЧитали\\nПодготовиться системно\\n\\nПолный состав и условия — до начала программы.\\n\\nПусконаладка TRASSIR OS на объекте до 32 камер\\nСможете развернуть и сдать объект самостоятельно\\n11 единиц · 2 ч 11 мин · документ концепта\\nРазбор типовых отказов на пусконаладке\\nРазберёте порядок проверки типовых отказов на объекте\\n6 единиц · 54 мин · документ концепта\\nО ПЛАТФОРМЕ\\nКак устроено обучение\\nСертификация партнёров\\nКонтакты\\nПРОДУКТЫ TRASSIR\\nTRASSIR OS\\nDuoStation\\nЛинейка камер\\nВидеоаналитика\\nПОДДЕРЖКА\\nБаза знаний\\nЗапрос в поддержку\\nСтатус сервисов\\nDSSL · TRASSIR Learn — учебная платформа для партнёров\",\"cyrillic\":[\"МК\",\"Рабочий атлас · Я сейчас\",\"Настраиваю объект\",\"Все 14 материалов задачи\",\"2 программы подготовки\",\"С чего начать\",\"Одна подборка: 6 материалов. По порядку — вся задача; по симптому — конкретный ответ.\",\"По порядку\",\"По симптому\",\"Проверка питания и линка камеры\",\"Оборудование · 3 сентября · 5 мин\",\"TRASSIR не видит камеру по ONVIF: порядок проверки\",\"TRASSIR OS 4.3 · 12 августа · 7 мин\",\"Читали\",\"Добавление IP-камеры вручную\",\"TRASSIR OS 4.2 · 28 июля · 11 мин\",\"Читали\",\"Настройка глубины архива на DuoStation\",\"TRASSIR OS 4.3 · 12 августа · 12 мин\",\"Читали\",\"Распределение архива по дискам\",\"TRASSIR OS 4.3 · 21 августа · 6 мин\",\"Права доступа операторов\",\"TRASSIR OS 4.3 · 28 июля · 10 мин\",\"Читали\",\"Подготовиться системно\",\"Полный состав и условия — до начала программы.\",\"Пусконаладка TRASSIR OS на объекте до 32 камер\",\"Сможете развернуть и сдать объект самостоятельно\",\"11 единиц · 2 ч 11 мин · документ концепта\",\"Разбор типовых отказов на пусконаладке\",\"Разберёте порядок проверки типовых отказов на объекте\",\"6 единиц · 54 мин · документ концепта\",\"О ПЛАТФОРМЕ\",\"Как устроено обучение\",\"Сертификация партнёров\",\"Контакты\",\"ПРОДУКТЫ TRASSIR\",\"Линейка камер\",\"Видеоаналитика\",\"ПОДДЕРЖКА\",\"База знаний\",\"Запрос в поддержку\",\"Статус сервисов\",\"DSSL · TRASSIR Learn — учебная платформа для партнёров\"]}"

> errors

> back
http://127.0.0.1:5174/home?lang=en

> eval JSON.stringify({url:location.href,lang:document.documentElement.lang,stored:sessionStorage.getItem("trassir-learn-locale"),width:innerWidth,scroll:document.documentElement.scrollWidth,text:document.body.innerText,cyrillic:document.body.innerText.match(/[^\n]*[А-Яа-яЁё][^\n]*/g)})
"{\"url\":\"http://127.0.0.1:5174/home?lang=en\",\"lang\":\"en\",\"stored\":\"en\",\"width\":1440,\"scroll\":1440,\"text\":\"MK\\nField guide · Right now I am\\nI’m commissioning a site\\nAll 14 resources for this task\\n2 paths for preparation\\nWhere to start\\n\\nOne collection: 6 resources. In order for the whole task; by issue for a specific answer.\\n\\nIn order\\n· 6\\nBy issue\\n· 6\\n01\\nChecking camera power and link\\nHardware · 3 September · 5 min\\n02\\nTRASSIR cannot discover an ONVIF camera: diagnostic sequence\\nTRASSIR OS 4.3 · 12 August · 7 min\\nRead\\n03\\nAdding an IP camera manually\\nTRASSIR OS 4.2 · 28 July · 11 min\\nRead\\n04\\nConfiguring recording retention on DuoStation\\nTRASSIR OS 4.3 · 12 August · 12 min\\nRead\\n05\\nDistributing recordings across disks\\nTRASSIR OS 4.3 · 21 August · 6 min\\n06\\nOperator access rights\\nTRASSIR OS 4.3 · 28 July · 10 min\\nRead\\nBuild a complete understanding\\n\\nSee the full curriculum and requirements before starting.\\n\\nCommissioning TRASSIR OS at a site with up to 32 cameras\\nYou will be able to deploy and hand over a site independently\\n11 units · 2 h 11 min · concept document\\nTroubleshooting common commissioning faults\\nYou will learn the diagnostic sequence for common on-site faults\\n6 units · 54 min · concept document\\nABOUT THE PLATFORM\\nHow learning works\\nPartner certification\\nContact\\nTRASSIR PRODUCTS\\nTRASSIR OS\\nDuoStation\\nCamera range\\nVideo analytics\\nSUPPORT\\nKnowledge base\\nContact support\\nService status\\nDSSL · TRASSIR Learn — learning platform for partners\",\"cyrillic\":null}"

> errors

> reload
http://127.0.0.1:5174/home?lang=en

> eval JSON.stringify({url:location.href,lang:document.documentElement.lang,stored:sessionStorage.getItem("trassir-learn-locale"),width:innerWidth,scroll:document.documentElement.scrollWidth,text:document.body.innerText,cyrillic:document.body.innerText.match(/[^\n]*[А-Яа-яЁё][^\n]*/g)})
"{\"url\":\"http://127.0.0.1:5174/home?lang=en\",\"lang\":\"en\",\"stored\":\"en\",\"width\":1440,\"scroll\":1440,\"text\":\"MK\\nField guide · Right now I am\\nI’m commissioning a site\\nAll 14 resources for this task\\n2 paths for preparation\\nWhere to start\\n\\nOne collection: 6 resources. In order for the whole task; by issue for a specific answer.\\n\\nIn order\\n· 6\\nBy issue\\n· 6\\n01\\nChecking camera power and link\\nHardware · 3 September · 5 min\\n02\\nTRASSIR cannot discover an ONVIF camera: diagnostic sequence\\nTRASSIR OS 4.3 · 12 August · 7 min\\nRead\\n03\\nAdding an IP camera manually\\nTRASSIR OS 4.2 · 28 July · 11 min\\nRead\\n04\\nConfiguring recording retention on DuoStation\\nTRASSIR OS 4.3 · 12 August · 12 min\\nRead\\n05\\nDistributing recordings across disks\\nTRASSIR OS 4.3 · 21 August · 6 min\\n06\\nOperator access rights\\nTRASSIR OS 4.3 · 28 July · 10 min\\nRead\\nBuild a complete understanding\\n\\nSee the full curriculum and requirements before starting.\\n\\nCommissioning TRASSIR OS at a site with up to 32 cameras\\nYou will be able to deploy and hand over a site independently\\n11 units · 2 h 11 min · concept document\\nTroubleshooting common commissioning faults\\nYou will learn the diagnostic sequence for common on-site faults\\n6 units · 54 min · concept document\\nABOUT THE PLATFORM\\nHow learning works\\nPartner certification\\nContact\\nTRASSIR PRODUCTS\\nTRASSIR OS\\nDuoStation\\nCamera range\\nVideo analytics\\nSUPPORT\\nKnowledge base\\nContact support\\nService status\\nDSSL · TRASSIR Learn — learning platform for partners\",\"cyrillic\":null}"

> errors

> console
[debug] [vite] connecting...
[debug] [vite] connected.
[info] %cDownload the React DevTools for a better development experience: https://react.dev/link/react-devtools font-weight:bold
[debug] [vite] connecting...
[debug] [vite] connected.
[info] %cDownload the React DevTools for a better development experience: https://react.dev/link/react-devtools font-weight:bold
[debug] [vite] connecting...
[debug] [vite] connected.
[info] %cDownload the React DevTools for a better development experience: https://react.dev/link/react-devtools font-weight:bold
[debug] [vite] connecting...
[debug] [vite] connected.
[info] %cDownload the React DevTools for a better development experience: https://react.dev/link/react-devtools font-weight:bold
[debug] [vite] connecting...
[debug] [vite] connected.
[info] %cDownload the React DevTools for a better development experience: https://react.dev/link/react-devtools font-weight:bold
[debug] [vite] connecting...
[debug] [vite] connected.
[info] %cDownload the React DevTools for a better development experience: https://react.dev/link/react-devtools font-weight:bold
[debug] [vite] connecting...
[debug] [vite] connected.
[info] %cDownload the React DevTools for a better development experience: https://react.dev/link/react-devtools font-weight:bold
[debug] [vite] connecting...
[debug] [vite] connected.
[info] %cDownload the React DevTools for a better development experience: https://react.dev/link/react-devtools font-weight:bold

> close
✓ Browser closed
