
> open http://127.0.0.1:5174/catalog?all=1&lang=ru
✓ TRASSIR Learn · учебный концепт
  http://127.0.0.1:5174/catalog?all=1&lang=ru
[agent-browser] launched browser

> set viewport 375 1000
✓ Done

> snapshot -i
- generic "ВойтиВойтиРабочий атласКаталогМатериалы для рабочего вопроса и программы подготовки.Фильтры · 0Числа" [ref=e1] clickable [onclick]
  - button "На главную" [ref=e2]
  - button "Войти" [ref=e3]
  - button "Меню" [expanded=false, ref=e4]
  - textbox "Поиск по материалам и программам" [ref=e7]
  - heading "Каталог" [level=1, ref=e8]
  - button "Фильтры · 0" [ref=e5]
  - navigation "Разделы каталога" [ref=e6]
    - link "К материалам" [ref=e9]
    - link "К программам" [ref=e10]
  - heading "Материалы" [level=2, ref=e24]
  - link "TRASSIR не видит камеру по ONVIF: порядок проверки Питание и линк, ответ по ONVIF на порту 80, учётные данные, профиль потока. TRASSIR OS 4.3 · 12 августа · 7 мин" [ref=e11]
  - link "Настройка глубины архива на DuoStation Расчёт глубины под битрейт и число камер, поведение при переполнении. TRASSIR OS 4.3 · 12 августа · 12 мин" [ref=e12]
  - link "Права доступа операторов Что видит дежурный, что — старший смены, что закрыто совсем. TRASSIR OS 4.3 · 28 июля · 10 мин" [ref=e13]
  - link "Проверка питания и линка камеры Что смотреть на коммутаторе и на самой камере до того, как лезть в настройки TRASSIR. Оборудование · 3 сентября · 5 мин" [ref=e14]
  - link "Добавление IP-камеры вручную Когда автопоиск не находит устройство: RTSP-строка, порт, профиль, проверка потока. TRASSIR OS 4.2 · 28 июля · 11 мин" [ref=e15]
  - button "Показать ещё 5" [ref=e16]
  - heading "Программы" [level=2, ref=e25]
  - link "Пусконаладка TRASSIR OS на объекте до 32 камер Сможете развернуть и сдать объект самостоятельно 11 единиц · 2 ч 11 мин · документ концепта" [ref=e17]
  - link "Разбор типовых отказов на пусконаладке Разберёте порядок проверки типовых отказов на объекте 6 единиц · 54 мин · документ концепта" [ref=e18]
  - link "Проектирование системы на 64+ камеры Рассчитаете нагрузку и защитите проект перед заказчиком 9 единиц · 1 ч 45 мин · документ концепта" [ref=e19]
  - link "Расчёт архива и дисковой подсистемы Обоснуете объём хранения числом, а не запасом 6 единиц · 1 ч 13 мин · документ концепта" [ref=e20]
  - link "Сдача объекта заказчику без возвратов Проверите готовность объекта и состав документов для приёмки 7 единиц · 1 ч 23 мин · документ концепта" [ref=e21]
  - link "Базовая квалификация по линейке TRASSIR Подберёте железо под задачу без эскалации 7 единиц · 1 ч 11 мин · документ концепта" [ref=e22]
  - link "Видеоаналитика TRASSIR: модули и требования Поймёте, что заработает на имеющемся сервере 6 единиц · 1 ч 24 мин · документ концепта" [ref=e23]

> click @e16
✓ Done

> snapshot -i
- generic "ВойтиВойтиРабочий атласКаталогМатериалы для рабочего вопроса и программы подготовки.Фильтры · 0Числа" [ref=e1] clickable [onclick]
  - button "На главную" [ref=e2]
  - button "Войти" [ref=e3]
  - button "Меню" [expanded=false, ref=e4]
  - textbox "Поиск по материалам и программам" [ref=e7]
  - heading "Каталог" [level=1, ref=e8]
  - button "Фильтры · 0" [ref=e5]
  - navigation "Разделы каталога" [ref=e6]
    - link "К материалам" [ref=e9]
    - link "К программам" [ref=e10]
  - heading "Материалы" [level=2, ref=e29]
  - link "TRASSIR не видит камеру по ONVIF: порядок проверки Питание и линк, ответ по ONVIF на порту 80, учётные данные, профиль потока. TRASSIR OS 4.3 · 12 августа · 7 мин" [ref=e11]
  - link "Настройка глубины архива на DuoStation Расчёт глубины под битрейт и число камер, поведение при переполнении. TRASSIR OS 4.3 · 12 августа · 12 мин" [ref=e12]
  - link "Права доступа операторов Что видит дежурный, что — старший смены, что закрыто совсем. TRASSIR OS 4.3 · 28 июля · 10 мин" [ref=e13]
  - link "Проверка питания и линка камеры Что смотреть на коммутаторе и на самой камере до того, как лезть в настройки TRASSIR. Оборудование · 3 сентября · 5 мин" [ref=e14]
  - link "Добавление IP-камеры вручную Когда автопоиск не находит устройство: RTSP-строка, порт, профиль, проверка потока. TRASSIR OS 4.2 · 28 июля · 11 мин" [ref=e15]
  - link "Распределение архива по дискам Как разложить запись по дискам, чтобы одна камера не съедала весь объём. TRASSIR OS 4.3 · 21 августа · 6 мин" [ref=e16]
  - link "Камера добавилась, но архив не пишется Проверка расписания записи, места на диске и прав службы. TRASSIR OS 4.3 · 19 августа · 5 мин" [ref=e17]
  - link "Смена IP-адреса камеры без переподключения Как поменять адрес и сохранить архив и настройки устройства. TRASSIR OS 4.1 · 2 августа · 5 мин" [ref=e18]
  - link "Подключение IP-камеры по RTSP, когда ONVIF недоступен Прямая RTSP-строка вместо ONVIF: когда это единственный путь. TRASSIR OS 4.3 · 21 августа · 7 мин" [ref=e19]
  - link "ONVIF-профили S, T и G: что поддерживает TRASSIR Чем отличаются профили и почему камера с Profile G не отдаёт живое видео. TRASSIR OS 4.3 · 16 августа · 6 мин" [ref=e20]
  - button "Показать ещё 5" [ref=e21]
  - heading "Программы" [level=2, ref=e30]
  - link "Пусконаладка TRASSIR OS на объекте до 32 камер Сможете развернуть и сдать объект самостоятельно 11 единиц · 2 ч 11 мин · документ концепта" [ref=e22]
  - link "Разбор типовых отказов на пусконаладке Разберёте порядок проверки типовых отказов на объекте 6 единиц · 54 мин · документ концепта" [ref=e23]
  - link "Проектирование системы на 64+ камеры Рассчитаете нагрузку и защитите проект перед заказчиком 9 единиц · 1 ч 45 мин · документ концепта" [ref=e24]
  - link "Расчёт архива и дисковой подсистемы Обоснуете объём хранения числом, а не запасом 6 единиц · 1 ч 13 мин · документ концепта" [ref=e25]
  - link "Сдача объекта заказчику без возвратов Проверите готовность объекта и состав документов для приёмки 7 единиц · 1 ч 23 мин · документ концепта" [ref=e26]
  - link "Базовая квалификация по линейке TRASSIR Подберёте железо под задачу без эскалации 7 единиц · 1 ч 11 мин · документ концепта" [ref=e27]
  - link "Видеоаналитика TRASSIR: модули и требования Поймёте, что заработает на имеющемся сервере 6 единиц · 1 ч 24 мин · документ концепта" [ref=e28]

> click @e21
✓ Done

> snapshot -i
- generic "ВойтиВойтиРабочий атласКаталогМатериалы для рабочего вопроса и программы подготовки.Фильтры · 0Числа" [ref=e1] clickable [onclick]
  - button "На главную" [ref=e2]
  - button "Войти" [ref=e3]
  - button "Меню" [expanded=false, ref=e4]
  - textbox "Поиск по материалам и программам" [ref=e7]
  - heading "Каталог" [level=1, ref=e8]
  - button "Фильтры · 0" [ref=e5]
  - navigation "Разделы каталога" [ref=e6]
    - link "К материалам" [ref=e9]
    - link "К программам" [ref=e10]
  - heading "Материалы" [level=2, ref=e34]
  - link "TRASSIR не видит камеру по ONVIF: порядок проверки Питание и линк, ответ по ONVIF на порту 80, учётные данные, профиль потока. TRASSIR OS 4.3 · 12 августа · 7 мин" [ref=e11]
  - link "Настройка глубины архива на DuoStation Расчёт глубины под битрейт и число камер, поведение при переполнении. TRASSIR OS 4.3 · 12 августа · 12 мин" [ref=e12]
  - link "Права доступа операторов Что видит дежурный, что — старший смены, что закрыто совсем. TRASSIR OS 4.3 · 28 июля · 10 мин" [ref=e13]
  - link "Проверка питания и линка камеры Что смотреть на коммутаторе и на самой камере до того, как лезть в настройки TRASSIR. Оборудование · 3 сентября · 5 мин" [ref=e14]
  - link "Добавление IP-камеры вручную Когда автопоиск не находит устройство: RTSP-строка, порт, профиль, проверка потока. TRASSIR OS 4.2 · 28 июля · 11 мин" [ref=e15]
  - link "Распределение архива по дискам Как разложить запись по дискам, чтобы одна камера не съедала весь объём. TRASSIR OS 4.3 · 21 августа · 6 мин" [ref=e16]
  - link "Камера добавилась, но архив не пишется Проверка расписания записи, места на диске и прав службы. TRASSIR OS 4.3 · 19 августа · 5 мин" [ref=e17]
  - link "Смена IP-адреса камеры без переподключения Как поменять адрес и сохранить архив и настройки устройства. TRASSIR OS 4.1 · 2 августа · 5 мин" [ref=e18]
  - link "Подключение IP-камеры по RTSP, когда ONVIF недоступен Прямая RTSP-строка вместо ONVIF: когда это единственный путь. TRASSIR OS 4.3 · 21 августа · 7 мин" [ref=e19]
  - link "ONVIF-профили S, T и G: что поддерживает TRASSIR Чем отличаются профили и почему камера с Profile G не отдаёт живое видео. TRASSIR OS 4.3 · 16 августа · 6 мин" [ref=e20]
  - link "Настройка детекторов движения Зоны, чувствительность и почему детектор на всю сцену бесполезен. TRASSIR OS 4.3 · 9 августа · 15 мин" [ref=e21]
  - link "Резервирование записи Дублирование потока и поведение при отказе основного тома. TRASSIR OS 4.3 · 7 августа · 13 мин" [ref=e22]
  - link "Экспорт видеофрагмента для передачи заказчику Формат, водяной знак и подпись — что принимает служба безопасности. TRASSIR OS 4.3 · 5 августа · 9 мин" [ref=e23]
  - link "Проверка записи по всем каналам перед сдачей Чек-лист приёмки: что смотреть по каждой камере до подписания акта. TRASSIR OS 4.3 · 1 сентября · 12 мин" [ref=e24]
  - link "Пакет документов для сдачи объекта Что приложить к акту, чтобы приёмка закрылась с первого раза. Оборудование · 30 августа · 7 мин" [ref=e25]
  - button "Показать ещё 5" [ref=e26]
  - heading "Программы" [level=2, ref=e35]
  - link "Пусконаладка TRASSIR OS на объекте до 32 камер Сможете развернуть и сдать объект самостоятельно 11 единиц · 2 ч 11 мин · документ концепта" [ref=e27]
  - link "Разбор типовых отказов на пусконаладке Разберёте порядок проверки типовых отказов на объекте 6 единиц · 54 мин · документ концепта" [ref=e28]
  - link "Проектирование системы на 64+ камеры Рассчитаете нагрузку и защитите проект перед заказчиком 9 единиц · 1 ч 45 мин · документ концепта" [ref=e29]
  - link "Расчёт архива и дисковой подсистемы Обоснуете объём хранения числом, а не запасом 6 единиц · 1 ч 13 мин · документ концепта" [ref=e30]
  - link "Сдача объекта заказчику без возвратов Проверите готовность объекта и состав документов для приёмки 7 единиц · 1 ч 23 мин · документ концепта" [ref=e31]
  - link "Базовая квалификация по линейке TRASSIR Подберёте железо под задачу без эскалации 7 единиц · 1 ч 11 мин · документ концепта" [ref=e32]
  - link "Видеоаналитика TRASSIR: модули и требования Поймёте, что заработает на имеющемся сервере 6 единиц · 1 ч 24 мин · документ концепта" [ref=e33]

> click @e26
✓ Done

> snapshot -i
- generic "ВойтиВойтиРабочий атласКаталогМатериалы для рабочего вопроса и программы подготовки.Фильтры · 0Числа" [ref=e1] clickable [onclick]
  - button "На главную" [ref=e2]
  - button "Войти" [ref=e3]
  - button "Меню" [expanded=false, ref=e4]
  - textbox "Поиск по материалам и программам" [ref=e7]
  - heading "Каталог" [level=1, ref=e8]
  - button "Фильтры · 0" [ref=e5]
  - navigation "Разделы каталога" [ref=e6]
    - link "К материалам" [ref=e9]
    - link "К программам" [ref=e10]
  - heading "Материалы" [level=2, ref=e39]
  - link "TRASSIR не видит камеру по ONVIF: порядок проверки Питание и линк, ответ по ONVIF на порту 80, учётные данные, профиль потока. TRASSIR OS 4.3 · 12 августа · 7 мин" [ref=e11]
  - link "Настройка глубины архива на DuoStation Расчёт глубины под битрейт и число камер, поведение при переполнении. TRASSIR OS 4.3 · 12 августа · 12 мин" [ref=e12]
  - link "Права доступа операторов Что видит дежурный, что — старший смены, что закрыто совсем. TRASSIR OS 4.3 · 28 июля · 10 мин" [ref=e13]
  - link "Проверка питания и линка камеры Что смотреть на коммутаторе и на самой камере до того, как лезть в настройки TRASSIR. Оборудование · 3 сентября · 5 мин" [ref=e14]
  - link "Добавление IP-камеры вручную Когда автопоиск не находит устройство: RTSP-строка, порт, профиль, проверка потока. TRASSIR OS 4.2 · 28 июля · 11 мин" [ref=e15]
  - link "Распределение архива по дискам Как разложить запись по дискам, чтобы одна камера не съедала весь объём. TRASSIR OS 4.3 · 21 августа · 6 мин" [ref=e16]
  - link "Камера добавилась, но архив не пишется Проверка расписания записи, места на диске и прав службы. TRASSIR OS 4.3 · 19 августа · 5 мин" [ref=e17]
  - link "Смена IP-адреса камеры без переподключения Как поменять адрес и сохранить архив и настройки устройства. TRASSIR OS 4.1 · 2 августа · 5 мин" [ref=e18]
  - link "Подключение IP-камеры по RTSP, когда ONVIF недоступен Прямая RTSP-строка вместо ONVIF: когда это единственный путь. TRASSIR OS 4.3 · 21 августа · 7 мин" [ref=e19]
  - link "ONVIF-профили S, T и G: что поддерживает TRASSIR Чем отличаются профили и почему камера с Profile G не отдаёт живое видео. TRASSIR OS 4.3 · 16 августа · 6 мин" [ref=e20]
  - link "Настройка детекторов движения Зоны, чувствительность и почему детектор на всю сцену бесполезен. TRASSIR OS 4.3 · 9 августа · 15 мин" [ref=e21]
  - link "Резервирование записи Дублирование потока и поведение при отказе основного тома. TRASSIR OS 4.3 · 7 августа · 13 мин" [ref=e22]
  - link "Экспорт видеофрагмента для передачи заказчику Формат, водяной знак и подпись — что принимает служба безопасности. TRASSIR OS 4.3 · 5 августа · 9 мин" [ref=e23]
  - link "Проверка записи по всем каналам перед сдачей Чек-лист приёмки: что смотреть по каждой камере до подписания акта. TRASSIR OS 4.3 · 1 сентября · 12 мин" [ref=e24]
  - link "Пакет документов для сдачи объекта Что приложить к акту, чтобы приёмка закрылась с первого раза. Оборудование · 30 августа · 7 мин" [ref=e25]
  - link "Настройка прав доступа для службы заказчика Роли на стороне заказчика: кто заводит пользователей после сдачи. TRASSIR OS 4.3 · 26 августа · 9 мин" [ref=e26]
  - link "Инструктаж оператора на рабочем месте Двадцать минут, после которых заказчик не звонит вам по мелочам. Оборудование · 24 августа · 11 мин" [ref=e27]
  - link "Расчёт числа камер и зон покрытия От задачи заказчика к числу камер: расстановка по зонам, а не по стенам. Оборудование · 15 августа · 9 мин" [ref=e28]
  - link "Выбор сервера под 64+ камеры DuoStation и NeuroStation: что считать, кроме числа каналов. NeuroStation · 24 августа · 14 мин" [ref=e29]
  - link "Расчёт дисковой ёмкости под 64 камеры Глубина, битрейт, резерв: обоснование объёма числом, а не запасом. Оборудование · 28 августа · 12 мин" [ref=e30]
  - button "Показать ещё 5" [ref=e31]
  - heading "Программы" [level=2, ref=e40]
  - link "Пусконаладка TRASSIR OS на объекте до 32 камер Сможете развернуть и сдать объект самостоятельно 11 единиц · 2 ч 11 мин · документ концепта" [ref=e32]
  - link "Разбор типовых отказов на пусконаладке Разберёте порядок проверки типовых отказов на объекте 6 единиц · 54 мин · документ концепта" [ref=e33]
  - link "Проектирование системы на 64+ камеры Рассчитаете нагрузку и защитите проект перед заказчиком 9 единиц · 1 ч 45 мин · документ концепта" [ref=e34]
  - link "Расчёт архива и дисковой подсистемы Обоснуете объём хранения числом, а не запасом 6 единиц · 1 ч 13 мин · документ концепта" [ref=e35]
  - link "Сдача объекта заказчику без возвратов Проверите готовность объекта и состав документов для приёмки 7 единиц · 1 ч 23 мин · документ концепта" [ref=e36]
  - link "Базовая квалификация по линейке TRASSIR Подберёте железо под задачу без эскалации 7 единиц · 1 ч 11 мин · документ концепта" [ref=e37]
  - link "Видеоаналитика TRASSIR: модули и требования Поймёте, что заработает на имеющемся сервере 6 единиц · 1 ч 24 мин · документ концепта" [ref=e38]

> click @e31
✓ Done

> snapshot -i
- generic "ВойтиВойтиРабочий атласКаталогМатериалы для рабочего вопроса и программы подготовки.Фильтры · 0Числа" [ref=e1] clickable [onclick]
  - button "На главную" [ref=e2]
  - button "Войти" [ref=e3]
  - button "Меню" [expanded=false, ref=e4]
  - textbox "Поиск по материалам и программам" [ref=e7]
  - heading "Каталог" [level=1, ref=e8]
  - button "Фильтры · 0" [ref=e5]
  - navigation "Разделы каталога" [ref=e6]
    - link "К материалам" [ref=e9]
    - link "К программам" [ref=e10]
  - heading "Материалы" [level=2, ref=e44]
  - link "TRASSIR не видит камеру по ONVIF: порядок проверки Питание и линк, ответ по ONVIF на порту 80, учётные данные, профиль потока. TRASSIR OS 4.3 · 12 августа · 7 мин" [ref=e11]
  - link "Настройка глубины архива на DuoStation Расчёт глубины под битрейт и число камер, поведение при переполнении. TRASSIR OS 4.3 · 12 августа · 12 мин" [ref=e12]
  - link "Права доступа операторов Что видит дежурный, что — старший смены, что закрыто совсем. TRASSIR OS 4.3 · 28 июля · 10 мин" [ref=e13]
  - link "Проверка питания и линка камеры Что смотреть на коммутаторе и на самой камере до того, как лезть в настройки TRASSIR. Оборудование · 3 сентября · 5 мин" [ref=e14]
  - link "Добавление IP-камеры вручную Когда автопоиск не находит устройство: RTSP-строка, порт, профиль, проверка потока. TRASSIR OS 4.2 · 28 июля · 11 мин" [ref=e15]
  - link "Распределение архива по дискам Как разложить запись по дискам, чтобы одна камера не съедала весь объём. TRASSIR OS 4.3 · 21 августа · 6 мин" [ref=e16]
  - link "Камера добавилась, но архив не пишется Проверка расписания записи, места на диске и прав службы. TRASSIR OS 4.3 · 19 августа · 5 мин" [ref=e17]
  - link "Смена IP-адреса камеры без переподключения Как поменять адрес и сохранить архив и настройки устройства. TRASSIR OS 4.1 · 2 августа · 5 мин" [ref=e18]
  - link "Подключение IP-камеры по RTSP, когда ONVIF недоступен Прямая RTSP-строка вместо ONVIF: когда это единственный путь. TRASSIR OS 4.3 · 21 августа · 7 мин" [ref=e19]
  - link "ONVIF-профили S, T и G: что поддерживает TRASSIR Чем отличаются профили и почему камера с Profile G не отдаёт живое видео. TRASSIR OS 4.3 · 16 августа · 6 мин" [ref=e20]
  - link "Настройка детекторов движения Зоны, чувствительность и почему детектор на всю сцену бесполезен. TRASSIR OS 4.3 · 9 августа · 15 мин" [ref=e21]
  - link "Резервирование записи Дублирование потока и поведение при отказе основного тома. TRASSIR OS 4.3 · 7 августа · 13 мин" [ref=e22]
  - link "Экспорт видеофрагмента для передачи заказчику Формат, водяной знак и подпись — что принимает служба безопасности. TRASSIR OS 4.3 · 5 августа · 9 мин" [ref=e23]
  - link "Проверка записи по всем каналам перед сдачей Чек-лист приёмки: что смотреть по каждой камере до подписания акта. TRASSIR OS 4.3 · 1 сентября · 12 мин" [ref=e24]
  - link "Пакет документов для сдачи объекта Что приложить к акту, чтобы приёмка закрылась с первого раза. Оборудование · 30 августа · 7 мин" [ref=e25]
  - link "Настройка прав доступа для службы заказчика Роли на стороне заказчика: кто заводит пользователей после сдачи. TRASSIR OS 4.3 · 26 августа · 9 мин" [ref=e26]
  - link "Инструктаж оператора на рабочем месте Двадцать минут, после которых заказчик не звонит вам по мелочам. Оборудование · 24 августа · 11 мин" [ref=e27]
  - link "Расчёт числа камер и зон покрытия От задачи заказчика к числу камер: расстановка по зонам, а не по стенам. Оборудование · 15 августа · 9 мин" [ref=e28]
  - link "Выбор сервера под 64+ камеры DuoStation и NeuroStation: что считать, кроме числа каналов. NeuroStation · 24 августа · 14 мин" [ref=e29]
  - link "Расчёт дисковой ёмкости под 64 камеры Глубина, битрейт, резерв: обоснование объёма числом, а не запасом. Оборудование · 28 августа · 12 мин" [ref=e30]
  - link "Проверка пропускной способности до объекта Расчёт канала под число камер и битрейт до выезда на объект. TRASSIR OS 4.1 · 17 июля · 8 мин" [ref=e31]
  - link "Схема лицензий TRASSIR под проект Что лицензируется по каналам, что — по модулям, и где это ломает смету. TRASSIR OS 4.3 · 11 августа · 6 мин Для партнёров" [ref=e32]
  - link "Спецификация оборудования для тендера Как описать состав так, чтобы его не заменили на «эквивалент». Оборудование · 11 августа · 8 мин Для партнёров" [ref=e33]
  - link "DuoStation: что внутри и чем отличается от NVR Архитектура устройства и почему это сервер, а не регистратор. Оборудование · 6 августа · 6 мин" [ref=e34]
  - link "Первое включение и заводские настройки Что сделать в первые десять минут, чтобы не переделывать через месяц. Оборудование · 4 августа · 5 мин" [ref=e35]
  - button "Показать ещё 5" [ref=e36]
  - heading "Программы" [level=2, ref=e45]
  - link "Пусконаладка TRASSIR OS на объекте до 32 камер Сможете развернуть и сдать объект самостоятельно 11 единиц · 2 ч 11 мин · документ концепта" [ref=e37]
  - link "Разбор типовых отказов на пусконаладке Разберёте порядок проверки типовых отказов на объекте 6 единиц · 54 мин · документ концепта" [ref=e38]
  - link "Проектирование системы на 64+ камеры Рассчитаете нагрузку и защитите проект перед заказчиком 9 единиц · 1 ч 45 мин · документ концепта" [ref=e39]
  - link "Расчёт архива и дисковой подсистемы Обоснуете объём хранения числом, а не запасом 6 единиц · 1 ч 13 мин · документ концепта" [ref=e40]
  - link "Сдача объекта заказчику без возвратов Проверите готовность объекта и состав документов для приёмки 7 единиц · 1 ч 23 мин · документ концепта" [ref=e41]
  - link "Базовая квалификация по линейке TRASSIR Подберёте железо под задачу без эскалации 7 единиц · 1 ч 11 мин · документ концепта" [ref=e42]
  - link "Видеоаналитика TRASSIR: модули и требования Поймёте, что заработает на имеющемся сервере 6 единиц · 1 ч 24 мин · документ концепта" [ref=e43]

> click @e36
✓ Done

> snapshot -i
- generic "ВойтиВойтиРабочий атласКаталогМатериалы для рабочего вопроса и программы подготовки.Фильтры · 0Числа" [ref=e1] clickable [onclick]
  - button "На главную" [ref=e2]
  - button "Войти" [ref=e3]
  - button "Меню" [expanded=false, ref=e4]
  - textbox "Поиск по материалам и программам" [ref=e7]
  - heading "Каталог" [level=1, ref=e8]
  - button "Фильтры · 0" [ref=e5]
  - navigation "Разделы каталога" [ref=e6]
    - link "К материалам" [ref=e9]
    - link "К программам" [ref=e10]
  - heading "Материалы" [level=2, ref=e49]
  - link "TRASSIR не видит камеру по ONVIF: порядок проверки Питание и линк, ответ по ONVIF на порту 80, учётные данные, профиль потока. TRASSIR OS 4.3 · 12 августа · 7 мин" [ref=e11]
  - link "Настройка глубины архива на DuoStation Расчёт глубины под битрейт и число камер, поведение при переполнении. TRASSIR OS 4.3 · 12 августа · 12 мин" [ref=e12]
  - link "Права доступа операторов Что видит дежурный, что — старший смены, что закрыто совсем. TRASSIR OS 4.3 · 28 июля · 10 мин" [ref=e13]
  - link "Проверка питания и линка камеры Что смотреть на коммутаторе и на самой камере до того, как лезть в настройки TRASSIR. Оборудование · 3 сентября · 5 мин" [ref=e14]
  - link "Добавление IP-камеры вручную Когда автопоиск не находит устройство: RTSP-строка, порт, профиль, проверка потока. TRASSIR OS 4.2 · 28 июля · 11 мин" [ref=e15]
  - link "Распределение архива по дискам Как разложить запись по дискам, чтобы одна камера не съедала весь объём. TRASSIR OS 4.3 · 21 августа · 6 мин" [ref=e16]
  - link "Камера добавилась, но архив не пишется Проверка расписания записи, места на диске и прав службы. TRASSIR OS 4.3 · 19 августа · 5 мин" [ref=e17]
  - link "Смена IP-адреса камеры без переподключения Как поменять адрес и сохранить архив и настройки устройства. TRASSIR OS 4.1 · 2 августа · 5 мин" [ref=e18]
  - link "Подключение IP-камеры по RTSP, когда ONVIF недоступен Прямая RTSP-строка вместо ONVIF: когда это единственный путь. TRASSIR OS 4.3 · 21 августа · 7 мин" [ref=e19]
  - link "ONVIF-профили S, T и G: что поддерживает TRASSIR Чем отличаются профили и почему камера с Profile G не отдаёт живое видео. TRASSIR OS 4.3 · 16 августа · 6 мин" [ref=e20]
  - link "Настройка детекторов движения Зоны, чувствительность и почему детектор на всю сцену бесполезен. TRASSIR OS 4.3 · 9 августа · 15 мин" [ref=e21]
  - link "Резервирование записи Дублирование потока и поведение при отказе основного тома. TRASSIR OS 4.3 · 7 августа · 13 мин" [ref=e22]
  - link "Экспорт видеофрагмента для передачи заказчику Формат, водяной знак и подпись — что принимает служба безопасности. TRASSIR OS 4.3 · 5 августа · 9 мин" [ref=e23]
  - link "Проверка записи по всем каналам перед сдачей Чек-лист приёмки: что смотреть по каждой камере до подписания акта. TRASSIR OS 4.3 · 1 сентября · 12 мин" [ref=e24]
  - link "Пакет документов для сдачи объекта Что приложить к акту, чтобы приёмка закрылась с первого раза. Оборудование · 30 августа · 7 мин" [ref=e25]
  - link "Настройка прав доступа для службы заказчика Роли на стороне заказчика: кто заводит пользователей после сдачи. TRASSIR OS 4.3 · 26 августа · 9 мин" [ref=e26]
  - link "Инструктаж оператора на рабочем месте Двадцать минут, после которых заказчик не звонит вам по мелочам. Оборудование · 24 августа · 11 мин" [ref=e27]
  - link "Расчёт числа камер и зон покрытия От задачи заказчика к числу камер: расстановка по зонам, а не по стенам. Оборудование · 15 августа · 9 мин" [ref=e28]
  - link "Выбор сервера под 64+ камеры DuoStation и NeuroStation: что считать, кроме числа каналов. NeuroStation · 24 августа · 14 мин" [ref=e29]
  - link "Расчёт дисковой ёмкости под 64 камеры Глубина, битрейт, резерв: обоснование объёма числом, а не запасом. Оборудование · 28 августа · 12 мин" [ref=e30]
  - link "Проверка пропускной способности до объекта Расчёт канала под число камер и битрейт до выезда на объект. TRASSIR OS 4.1 · 17 июля · 8 мин" [ref=e31]
  - link "Схема лицензий TRASSIR под проект Что лицензируется по каналам, что — по модулям, и где это ломает смету. TRASSIR OS 4.3 · 11 августа · 6 мин Для партнёров" [ref=e32]
  - link "Спецификация оборудования для тендера Как описать состав так, чтобы его не заменили на «эквивалент». Оборудование · 11 августа · 8 мин Для партнёров" [ref=e33]
  - link "DuoStation: что внутри и чем отличается от NVR Архитектура устройства и почему это сервер, а не регистратор. Оборудование · 6 августа · 6 мин" [ref=e34]
  - link "Первое включение и заводские настройки Что сделать в первые десять минут, чтобы не переделывать через месяц. Оборудование · 4 августа · 5 мин" [ref=e35]
  - link "Обновление прошивки TRASSIR OS Когда обновлять, когда не трогать и что проверить после. TRASSIR OS 4.3 · 31 июля · 7 мин" [ref=e36]
  - link "Линейка камер: чем отличаются серии ActiveDome и фиксированные серии: что брать под какую задачу. ActiveDome · 29 июля · 9 мин" [ref=e37]
  - link "ActiveDome: автосопровождение и пресеты Настройка автотрекинга и почему он теряет цель на границе зоны. ActiveDome · 22 июля · 10 мин" [ref=e38]
  - link "Видеоаналитика: какие модули на каком железе NeuroStation и серверная аналитика: требования и ограничения. NeuroStation · 18 августа · 11 мин" [ref=e39]
  - link "Детектор оставленных предметов: настройка зон Зоны, задержка и работа с ложными срабатываниями в людном месте. NeuroStation · 12 августа · 9 мин" [ref=e40]
  - button "Показать ещё 1" [ref=e41]
  - heading "Программы" [level=2, ref=e50]
  - link "Пусконаладка TRASSIR OS на объекте до 32 камер Сможете развернуть и сдать объект самостоятельно 11 единиц · 2 ч 11 мин · документ концепта" [ref=e42]
  - link "Разбор типовых отказов на пусконаладке Разберёте порядок проверки типовых отказов на объекте 6 единиц · 54 мин · документ концепта" [ref=e43]
  - link "Проектирование системы на 64+ камеры Рассчитаете нагрузку и защитите проект перед заказчиком 9 единиц · 1 ч 45 мин · документ концепта" [ref=e44]
  - link "Расчёт архива и дисковой подсистемы Обоснуете объём хранения числом, а не запасом 6 единиц · 1 ч 13 мин · документ концепта" [ref=e45]
  - link "Сдача объекта заказчику без возвратов Проверите готовность объекта и состав документов для приёмки 7 единиц · 1 ч 23 мин · документ концепта" [ref=e46]
  - link "Базовая квалификация по линейке TRASSIR Подберёте железо под задачу без эскалации 7 единиц · 1 ч 11 мин · документ концепта" [ref=e47]
  - link "Видеоаналитика TRASSIR: модули и требования Поймёте, что заработает на имеющемся сервере 6 единиц · 1 ч 24 мин · документ концепта" [ref=e48]

> click @e41
✓ Done

> eval JSON.stringify({url:location.href,lang:document.documentElement.lang,text:document.body.innerText,width:innerWidth,scroll:document.documentElement.scrollWidth,cyrillic:document.body.innerText.match(/[^\n]*[А-Яа-яЁё][^\n]*/g),clippedControls:[...document.querySelectorAll("button,a")].filter(e=>e.getClientRects().length).filter(e=>{const r=e.getBoundingClientRect();return r.left<0||r.right>innerWidth+1||e.scrollWidth>e.clientWidth+2}).map(e=>e.textContent)})
"{\"url\":\"http://127.0.0.1:5174/catalog?all=1&lang=ru&shown=31\",\"lang\":\"ru\",\"text\":\"Войти\\nРабочий атлас\\nКаталог\\n\\nМатериалы для рабочего вопроса и программы подготовки.\\n\\nФильтры · 0\\n\\nМатериалы: 31 · Программы: 7 · Показано материалов: 31\\n\\nК материалам\\nК программам\\nМатериалы\\n31\\nTRASSIR не видит камеру по ONVIF: порядок проверки\\nПитание и линк, ответ по ONVIF на порту 80, учётные данные, профиль потока.\\nTRASSIR OS 4.3 · 12 августа · 7 мин\\nНастройка глубины архива на DuoStation\\nРасчёт глубины под битрейт и число камер, поведение при переполнении.\\nTRASSIR OS 4.3 · 12 августа · 12 мин\\nПрава доступа операторов\\nЧто видит дежурный, что — старший смены, что закрыто совсем.\\nTRASSIR OS 4.3 · 28 июля · 10 мин\\nПроверка питания и линка камеры\\nЧто смотреть на коммутаторе и на самой камере до того, как лезть в настройки TRASSIR.\\nОборудование · 3 сентября · 5 мин\\nДобавление IP-камеры вручную\\nКогда автопоиск не находит устройство: RTSP-строка, порт, профиль, проверка потока.\\nTRASSIR OS 4.2 · 28 июля · 11 мин\\nРаспределение архива по дискам\\nКак разложить запись по дискам, чтобы одна камера не съедала весь объём.\\nTRASSIR OS 4.3 · 21 августа · 6 мин\\nКамера добавилась, но архив не пишется\\nПроверка расписания записи, места на диске и прав службы.\\nTRASSIR OS 4.3 · 19 августа · 5 мин\\nСмена IP-адреса камеры без переподключения\\nКак поменять адрес и сохранить архив и настройки устройства.\\nTRASSIR OS 4.1 · 2 августа · 5 мин\\nПодключение IP-камеры по RTSP, когда ONVIF недоступен\\nПрямая RTSP-строка вместо ONVIF: когда это единственный путь.\\nTRASSIR OS 4.3 · 21 августа · 7 мин\\nONVIF-профили S, T и G: что поддерживает TRASSIR\\nЧем отличаются профили и почему камера с Profile G не отдаёт живое видео.\\nTRASSIR OS 4.3 · 16 августа · 6 мин\\nНастройка детекторов движения\\nЗоны, чувствительность и почему детектор на всю сцену бесполезен.\\nTRASSIR OS 4.3 · 9 августа · 15 мин\\nРезервирование записи\\nДублирование потока и поведение при отказе основного тома.\\nTRASSIR OS 4.3 · 7 августа · 13 мин\\nЭкспорт видеофрагмента для передачи заказчику\\nФормат, водяной знак и подпись — что принимает служба безопасности.\\nTRASSIR OS 4.3 · 5 августа · 9 мин\\nПроверка записи по всем каналам перед сдачей\\nЧек-лист приёмки: что смотреть по каждой камере до подписания акта.\\nTRASSIR OS 4.3 · 1 сентября · 12 мин\\nПакет документов для сдачи объекта\\nЧто приложить к акту, чтобы приёмка закрылась с первого раза.\\nОборудование · 30 августа · 7 мин\\nНастройка прав доступа для службы заказчика\\nРоли на стороне заказчика: кто заводит пользователей после сдачи.\\nTRASSIR OS 4.3 · 26 августа · 9 мин\\nИнструктаж оператора на рабочем месте\\nДвадцать минут, после которых заказчик не звонит вам по мелочам.\\nОборудование · 24 августа · 11 мин\\nРасчёт числа камер и зон покрытия\\nОт задачи заказчика к числу камер: расстановка по зонам, а не по стенам.\\nОборудование · 15 августа · 9 мин\\nВыбор сервера под 64+ камеры\\nDuoStation и NeuroStation: что считать, кроме числа каналов.\\nNeuroStation · 24 августа · 14 мин\\nРасчёт дисковой ёмкости под 64 камеры\\nГлубина, битрейт, резерв: обоснование объёма числом, а не запасом.\\nОборудование · 28 августа · 12 мин\\nПроверка пропускной способности до объекта\\nРасчёт канала под число камер и битрейт до выезда на объект.\\nTRASSIR OS 4.1 · 17 июля · 8 мин\\nСхема лицензий TRASSIR под проект\\nЧто лицензируется по каналам, что — по модулям, и где это ломает смету.\\nTRASSIR OS 4.3 · 11 августа · 6 мин\\nДля партнёров\\nСпецификация оборудования для тендера\\nКак описать состав так, чтобы его не заменили на «эквивалент».\\nОборудование · 11 августа · 8 мин\\nДля партнёров\\nDuoStation: что внутри и чем отличается от NVR\\nАрхитектура устройства и почему это сервер, а не регистратор.\\nОборудование · 6 августа · 6 мин\\nПервое включение и заводские настройки\\nЧто сделать в первые десять минут, чтобы не переделывать через месяц.\\nОборудование · 4 августа · 5 мин\\nОбновление прошивки TRASSIR OS\\nКогда обновлять, когда не трогать и что проверить после.\\nTRASSIR OS 4.3 · 31 июля · 7 мин\\nЛинейка камер: чем отличаются серии\\nActiveDome и фиксированные серии: что брать под какую задачу.\\nActiveDome · 29 июля · 9 мин\\nActiveDome: автосопровождение и пресеты\\nНастройка автотрекинга и почему он теряет цель на границе зоны.\\nActiveDome · 22 июля · 10 мин\\nВидеоаналитика: какие модули на каком железе\\nNeuroStation и серверная аналитика: требования и ограничения.\\nNeuroStation · 18 августа · 11 мин\\nДетектор оставленных предметов: настройка зон\\nЗоны, задержка и работа с ложными срабатываниями в людном месте.\\nNeuroStation · 12 августа · 9 мин\\nСовместимость стороннего оборудования по ONVIF\\nЧто проверить у камеры другого вендора до закупки.\\nОборудование · 25 июля · 8 мин\\nПоказано 31 из 31 материалов\\nПрограммы\\n7\\n\\nВсе программы подготовки.\\n\\nПусконаладка TRASSIR OS на объекте до 32 камер\\nСможете развернуть и сдать объект самостоятельно\\n11 единиц · 2 ч 11 мин · документ концепта\\nРазбор типовых отказов на пусконаладке\\nРазберёте порядок проверки типовых отказов на объекте\\n6 единиц · 54 мин · документ концепта\\nПроектирование системы на 64+ камеры\\nРассчитаете нагрузку и защитите проект перед заказчиком\\n9 единиц · 1 ч 45 мин · документ концепта\\nРасчёт архива и дисковой подсистемы\\nОбоснуете объём хранения числом, а не запасом\\n6 единиц · 1 ч 13 мин · документ концепта\\nСдача объекта заказчику без возвратов\\nПроверите готовность объекта и состав документов для приёмки\\n7 единиц · 1 ч 23 мин · документ концепта\\nБазовая квалификация по линейке TRASSIR\\nПодберёте железо под задачу без эскалации\\n7 единиц · 1 ч 11 мин · документ концепта\\nВидеоаналитика TRASSIR: модули и требования\\nПоймёте, что заработает на имеющемся сервере\\n6 единиц · 1 ч 24 мин · документ концепта\",\"width\":375,\"scroll\":375,\"cyrillic\":[\"Войти\",\"Рабочий атлас\",\"Каталог\",\"Материалы для рабочего вопроса и программы подготовки.\",\"Фильтры · 0\",\"Материалы: 31 · Программы: 7 · Показано материалов: 31\",\"К материалам\",\"К программам\",\"Материалы\",\"TRASSIR не видит камеру по ONVIF: порядок проверки\",\"Питание и линк, ответ по ONVIF на порту 80, учётные данные, профиль потока.\",\"TRASSIR OS 4.3 · 12 августа · 7 мин\",\"Настройка глубины архива на DuoStation\",\"Расчёт глубины под битрейт и число камер, поведение при переполнении.\",\"TRASSIR OS 4.3 · 12 августа · 12 мин\",\"Права доступа операторов\",\"Что видит дежурный, что — старший смены, что закрыто совсем.\",\"TRASSIR OS 4.3 · 28 июля · 10 мин\",\"Проверка питания и линка камеры\",\"Что смотреть на коммутаторе и на самой камере до того, как лезть в настройки TRASSIR.\",\"Оборудование · 3 сентября · 5 мин\",\"Добавление IP-камеры вручную\",\"Когда автопоиск не находит устройство: RTSP-строка, порт, профиль, проверка потока.\",\"TRASSIR OS 4.2 · 28 июля · 11 мин\",\"Распределение архива по дискам\",\"Как разложить запись по дискам, чтобы одна камера не съедала весь объём.\",\"TRASSIR OS 4.3 · 21 августа · 6 мин\",\"Камера добавилась, но архив не пишется\",\"Проверка расписания записи, места на диске и прав службы.\",\"TRASSIR OS 4.3 · 19 августа · 5 мин\",\"Смена IP-адреса камеры без переподключения\",\"Как поменять адрес и сохранить архив и настройки устройства.\",\"TRASSIR OS 4.1 · 2 августа · 5 мин\",\"Подключение IP-камеры по RTSP, когда ONVIF недоступен\",\"Прямая RTSP-строка вместо ONVIF: когда это единственный путь.\",\"TRASSIR OS 4.3 · 21 августа · 7 мин\",\"ONVIF-профили S, T и G: что поддерживает TRASSIR\",\"Чем отличаются профили и почему камера с Profile G не отдаёт живое видео.\",\"TRASSIR OS 4.3 · 16 августа · 6 мин\",\"Настройка детекторов движения\",\"Зоны, чувствительность и почему детектор на всю сцену бесполезен.\",\"TRASSIR OS 4.3 · 9 августа · 15 мин\",\"Резервирование записи\",\"Дублирование потока и поведение при отказе основного тома.\",\"TRASSIR OS 4.3 · 7 августа · 13 мин\",\"Экспорт видеофрагмента для передачи заказчику\",\"Формат, водяной знак и подпись — что принимает служба безопасности.\",\"TRASSIR OS 4.3 · 5 августа · 9 мин\",\"Проверка записи по всем каналам перед сдачей\",\"Чек-лист приёмки: что смотреть по каждой камере до подписания акта.\",\"TRASSIR OS 4.3 · 1 сентября · 12 мин\",\"Пакет документов для сдачи объекта\",\"Что приложить к акту, чтобы приёмка закрылась с первого раза.\",\"Оборудование · 30 августа · 7 мин\",\"Настройка прав доступа для службы заказчика\",\"Роли на стороне заказчика: кто заводит пользователей после сдачи.\",\"TRASSIR OS 4.3 · 26 августа · 9 мин\",\"Инструктаж оператора на рабочем месте\",\"Двадцать минут, после которых заказчик не звонит вам по мелочам.\",\"Оборудование · 24 августа · 11 мин\",\"Расчёт числа камер и зон покрытия\",\"От задачи заказчика к числу камер: расстановка по зонам, а не по стенам.\",\"Оборудование · 15 августа · 9 мин\",\"Выбор сервера под 64+ камеры\",\"DuoStation и NeuroStation: что считать, кроме числа каналов.\",\"NeuroStation · 24 августа · 14 мин\",\"Расчёт дисковой ёмкости под 64 камеры\",\"Глубина, битрейт, резерв: обоснование объёма числом, а не запасом.\",\"Оборудование · 28 августа · 12 мин\",\"Проверка пропускной способности до объекта\",\"Расчёт канала под число камер и битрейт до выезда на объект.\",\"TRASSIR OS 4.1 · 17 июля · 8 мин\",\"Схема лицензий TRASSIR под проект\",\"Что лицензируется по каналам, что — по модулям, и где это ломает смету.\",\"TRASSIR OS 4.3 · 11 августа · 6 мин\",\"Для партнёров\",\"Спецификация оборудования для тендера\",\"Как описать состав так, чтобы его не заменили на «эквивалент».\",\"Оборудование · 11 августа · 8 мин\",\"Для партнёров\",\"DuoStation: что внутри и чем отличается от NVR\",\"Архитектура устройства и почему это сервер, а не регистратор.\",\"Оборудование · 6 августа · 6 мин\",\"Первое включение и заводские настройки\",\"Что сделать в первые десять минут, чтобы не переделывать через месяц.\",\"Оборудование · 4 августа · 5 мин\",\"Обновление прошивки TRASSIR OS\",\"Когда обновлять, когда не трогать и что проверить после.\",\"TRASSIR OS 4.3 · 31 июля · 7 мин\",\"Линейка камер: чем отличаются серии\",\"ActiveDome и фиксированные серии: что брать под какую задачу.\",\"ActiveDome · 29 июля · 9 мин\",\"ActiveDome: автосопровождение и пресеты\",\"Настройка автотрекинга и почему он теряет цель на границе зоны.\",\"ActiveDome · 22 июля · 10 мин\",\"Видеоаналитика: какие модули на каком железе\",\"NeuroStation и серверная аналитика: требования и ограничения.\",\"NeuroStation · 18 августа · 11 мин\",\"Детектор оставленных предметов: настройка зон\",\"Зоны, задержка и работа с ложными срабатываниями в людном месте.\",\"NeuroStation · 12 августа · 9 мин\",\"Совместимость стороннего оборудования по ONVIF\",\"Что проверить у камеры другого вендора до закупки.\",\"Оборудование · 25 июля · 8 мин\",\"Показано 31 из 31 материалов\",\"Программы\",\"Все программы подготовки.\",\"Пусконаладка TRASSIR OS на объекте до 32 камер\",\"Сможете развернуть и сдать объект самостоятельно\",\"11 единиц · 2 ч 11 мин · документ концепта\",\"Разбор типовых отказов на пусконаладке\",\"Разберёте порядок проверки типовых отказов на объекте\",\"6 единиц · 54 мин · документ концепта\",\"Проектирование системы на 64+ камеры\",\"Рассчитаете нагрузку и защитите проект перед заказчиком\",\"9 единиц · 1 ч 45 мин · документ концепта\",\"Расчёт архива и дисковой подсистемы\",\"Обоснуете объём хранения числом, а не запасом\",\"6 единиц · 1 ч 13 мин · документ концепта\",\"Сдача объекта заказчику без возвратов\",\"Проверите готовность объекта и состав документов для приёмки\",\"7 единиц · 1 ч 23 мин · документ концепта\",\"Базовая квалификация по линейке TRASSIR\",\"Подберёте железо под задачу без эскалации\",\"7 единиц · 1 ч 11 мин · документ концепта\",\"Видеоаналитика TRASSIR: модули и требования\",\"Поймёте, что заработает на имеющемся сервере\",\"6 единиц · 1 ч 24 мин · документ концепта\"],\"clippedControls\":[]}"

> errors

> snapshot -i
- generic "ВойтиВойтиРабочий атласКаталогМатериалы для рабочего вопроса и программы подготовки.Фильтры · 0Числа" [ref=e1] clickable [onclick]
  - button "На главную" [ref=e2]
  - button "Войти" [ref=e3]
  - button "Меню" [expanded=false, ref=e4]
  - textbox "Поиск по материалам и программам" [ref=e7]
  - heading "Каталог" [level=1, ref=e8]
  - button "Фильтры · 0" [ref=e5]
  - navigation "Разделы каталога" [ref=e6]
    - link "К материалам" [ref=e9]
    - link "К программам" [ref=e10]
  - heading "Материалы" [level=2, ref=e49]
  - link "TRASSIR не видит камеру по ONVIF: порядок проверки Питание и линк, ответ по ONVIF на порту 80, учётные данные, профиль потока. TRASSIR OS 4.3 · 12 августа · 7 мин" [ref=e11]
  - link "Настройка глубины архива на DuoStation Расчёт глубины под битрейт и число камер, поведение при переполнении. TRASSIR OS 4.3 · 12 августа · 12 мин" [ref=e12]
  - link "Права доступа операторов Что видит дежурный, что — старший смены, что закрыто совсем. TRASSIR OS 4.3 · 28 июля · 10 мин" [ref=e13]
  - link "Проверка питания и линка камеры Что смотреть на коммутаторе и на самой камере до того, как лезть в настройки TRASSIR. Оборудование · 3 сентября · 5 мин" [ref=e14]
  - link "Добавление IP-камеры вручную Когда автопоиск не находит устройство: RTSP-строка, порт, профиль, проверка потока. TRASSIR OS 4.2 · 28 июля · 11 мин" [ref=e15]
  - link "Распределение архива по дискам Как разложить запись по дискам, чтобы одна камера не съедала весь объём. TRASSIR OS 4.3 · 21 августа · 6 мин" [ref=e16]
  - link "Камера добавилась, но архив не пишется Проверка расписания записи, места на диске и прав службы. TRASSIR OS 4.3 · 19 августа · 5 мин" [ref=e17]
  - link "Смена IP-адреса камеры без переподключения Как поменять адрес и сохранить архив и настройки устройства. TRASSIR OS 4.1 · 2 августа · 5 мин" [ref=e18]
  - link "Подключение IP-камеры по RTSP, когда ONVIF недоступен Прямая RTSP-строка вместо ONVIF: когда это единственный путь. TRASSIR OS 4.3 · 21 августа · 7 мин" [ref=e19]
  - link "ONVIF-профили S, T и G: что поддерживает TRASSIR Чем отличаются профили и почему камера с Profile G не отдаёт живое видео. TRASSIR OS 4.3 · 16 августа · 6 мин" [ref=e20]
  - link "Настройка детекторов движения Зоны, чувствительность и почему детектор на всю сцену бесполезен. TRASSIR OS 4.3 · 9 августа · 15 мин" [ref=e21]
  - link "Резервирование записи Дублирование потока и поведение при отказе основного тома. TRASSIR OS 4.3 · 7 августа · 13 мин" [ref=e22]
  - link "Экспорт видеофрагмента для передачи заказчику Формат, водяной знак и подпись — что принимает служба безопасности. TRASSIR OS 4.3 · 5 августа · 9 мин" [ref=e23]
  - link "Проверка записи по всем каналам перед сдачей Чек-лист приёмки: что смотреть по каждой камере до подписания акта. TRASSIR OS 4.3 · 1 сентября · 12 мин" [ref=e24]
  - link "Пакет документов для сдачи объекта Что приложить к акту, чтобы приёмка закрылась с первого раза. Оборудование · 30 августа · 7 мин" [ref=e25]
  - link "Настройка прав доступа для службы заказчика Роли на стороне заказчика: кто заводит пользователей после сдачи. TRASSIR OS 4.3 · 26 августа · 9 мин" [ref=e26]
  - link "Инструктаж оператора на рабочем месте Двадцать минут, после которых заказчик не звонит вам по мелочам. Оборудование · 24 августа · 11 мин" [ref=e27]
  - link "Расчёт числа камер и зон покрытия От задачи заказчика к числу камер: расстановка по зонам, а не по стенам. Оборудование · 15 августа · 9 мин" [ref=e28]
  - link "Выбор сервера под 64+ камеры DuoStation и NeuroStation: что считать, кроме числа каналов. NeuroStation · 24 августа · 14 мин" [ref=e29]
  - link "Расчёт дисковой ёмкости под 64 камеры Глубина, битрейт, резерв: обоснование объёма числом, а не запасом. Оборудование · 28 августа · 12 мин" [ref=e30]
  - link "Проверка пропускной способности до объекта Расчёт канала под число камер и битрейт до выезда на объект. TRASSIR OS 4.1 · 17 июля · 8 мин" [ref=e31]
  - link "Схема лицензий TRASSIR под проект Что лицензируется по каналам, что — по модулям, и где это ломает смету. TRASSIR OS 4.3 · 11 августа · 6 мин Для партнёров" [ref=e32]
  - link "Спецификация оборудования для тендера Как описать состав так, чтобы его не заменили на «эквивалент». Оборудование · 11 августа · 8 мин Для партнёров" [ref=e33]
  - link "DuoStation: что внутри и чем отличается от NVR Архитектура устройства и почему это сервер, а не регистратор. Оборудование · 6 августа · 6 мин" [ref=e34]
  - link "Первое включение и заводские настройки Что сделать в первые десять минут, чтобы не переделывать через месяц. Оборудование · 4 августа · 5 мин" [ref=e35]
  - link "Обновление прошивки TRASSIR OS Когда обновлять, когда не трогать и что проверить после. TRASSIR OS 4.3 · 31 июля · 7 мин" [ref=e36]
  - link "Линейка камер: чем отличаются серии ActiveDome и фиксированные серии: что брать под какую задачу. ActiveDome · 29 июля · 9 мин" [ref=e37]
  - link "ActiveDome: автосопровождение и пресеты Настройка автотрекинга и почему он теряет цель на границе зоны. ActiveDome · 22 июля · 10 мин" [ref=e38]
  - link "Видеоаналитика: какие модули на каком железе NeuroStation и серверная аналитика: требования и ограничения. NeuroStation · 18 августа · 11 мин" [ref=e39]
  - link "Детектор оставленных предметов: настройка зон Зоны, задержка и работа с ложными срабатываниями в людном месте. NeuroStation · 12 августа · 9 мин" [ref=e40]
  - link "Совместимость стороннего оборудования по ONVIF Что проверить у камеры другого вендора до закупки. Оборудование · 25 июля · 8 мин" [ref=e41]
  - heading "Программы" [level=2, ref=e50]
  - link "Пусконаладка TRASSIR OS на объекте до 32 камер Сможете развернуть и сдать объект самостоятельно 11 единиц · 2 ч 11 мин · документ концепта" [ref=e42]
  - link "Разбор типовых отказов на пусконаладке Разберёте порядок проверки типовых отказов на объекте 6 единиц · 54 мин · документ концепта" [ref=e43]
  - link "Проектирование системы на 64+ камеры Рассчитаете нагрузку и защитите проект перед заказчиком 9 единиц · 1 ч 45 мин · документ концепта" [ref=e44]
  - link "Расчёт архива и дисковой подсистемы Обоснуете объём хранения числом, а не запасом 6 единиц · 1 ч 13 мин · документ концепта" [ref=e45]
  - link "Сдача объекта заказчику без возвратов Проверите готовность объекта и состав документов для приёмки 7 единиц · 1 ч 23 мин · документ концепта" [ref=e46]
  - link "Базовая квалификация по линейке TRASSIR Подберёте железо под задачу без эскалации 7 единиц · 1 ч 11 мин · документ концепта" [ref=e47]
  - link "Видеоаналитика TRASSIR: модули и требования Поймёте, что заработает на имеющемся сервере 6 единиц · 1 ч 24 мин · документ концепта" [ref=e48]

> click @e5
✓ Done

> snapshot -i
- button "Закрыть" [ref=e1]
- button "TRASSIR OS 17" [ref=e2]
- button "ActiveDome 2" [ref=e3]
- button "NeuroStation 3" [ref=e4]
- button "Оборудование 9" [ref=e5]
- button "Проектирование 9" [ref=e6]
- button "Пусконаладка 9" [ref=e7]
- button "Аналитика 3" [ref=e8]
- button "Эксплуатация 10" [ref=e9]
- button "4.3 26" [ref=e10]
- button "4.2 2" [ref=e11]
- button "4.1 3" [ref=e12]
- button "Показать результаты · 31 материалов" [ref=e13]

> click @e5
✓ Done

> snapshot -i
- button "Закрыть" [ref=e1]
- button "TRASSIR OS 17" [ref=e2]
- button "ActiveDome 2" [ref=e3]
- button "NeuroStation 3" [ref=e4]
- button "Оборудование 9" [ref=e5]
- button "Проектирование 5" [ref=e6]
- button "Пусконаладка 2" [ref=e7]
- button "Аналитика 0" [ref=e8]
- button "Эксплуатация 2" [ref=e9]
- button "4.3 8" [ref=e10]
- button "4.2 0" [ref=e11]
- button "4.1 1" [ref=e12]
- button "Показать результаты · 9 материалов" [ref=e13]

> click @e13
✓ Done

> eval JSON.stringify({url:location.href,lang:document.documentElement.lang,text:document.body.innerText,width:innerWidth,scroll:document.documentElement.scrollWidth,cyrillic:document.body.innerText.match(/[^\n]*[А-Яа-яЁё][^\n]*/g),clippedControls:[...document.querySelectorAll("button,a")].filter(e=>e.getClientRects().length).filter(e=>{const r=e.getBoundingClientRect();return r.left<0||r.right>innerWidth+1||e.scrollWidth>e.clientWidth+2}).map(e=>e.textContent)})
"{\"url\":\"http://127.0.0.1:5174/catalog?product=%D0%9E%D0%B1%D0%BE%D1%80%D1%83%D0%B4%D0%BE%D0%B2%D0%B0%D0%BD%D0%B8%D0%B5&lang=ru\",\"lang\":\"ru\",\"text\":\"Войти\\nРабочий атлас\\nКаталог\\n\\nМатериалы для рабочего вопроса и программы подготовки.\\n\\nФильтры · 1\\n\\nМатериалы: 9 · Программы: 6 · Показано материалов: 5\\n\\nК материалам\\nК программам\\nПродукт: Оборудование\\n×\\nСбросить фильтры\\nМатериалы\\n9\\nПроверка питания и линка камеры\\nЧто смотреть на коммутаторе и на самой камере до того, как лезть в настройки TRASSIR.\\nОборудование · 3 сентября · 5 мин\\nПакет документов для сдачи объекта\\nЧто приложить к акту, чтобы приёмка закрылась с первого раза.\\nОборудование · 30 августа · 7 мин\\nИнструктаж оператора на рабочем месте\\nДвадцать минут, после которых заказчик не звонит вам по мелочам.\\nОборудование · 24 августа · 11 мин\\nРасчёт числа камер и зон покрытия\\nОт задачи заказчика к числу камер: расстановка по зонам, а не по стенам.\\nОборудование · 15 августа · 9 мин\\nРасчёт дисковой ёмкости под 64 камеры\\nГлубина, битрейт, резерв: обоснование объёма числом, а не запасом.\\nОборудование · 28 августа · 12 мин\\nПоказано 5 из 9 материалов\\nПоказать ещё 4\\nПрограммы\\n6\\n\\nВключены программы хотя бы с одним материалом по условиям. Фильтр не означает совместимость всей программы.\\n\\nПусконаладка TRASSIR OS на объекте до 32 камер\\nСможете развернуть и сдать объект самостоятельно\\n11 единиц · 2 ч 11 мин · документ концепта\\nМатериалов по условиям: 2\\nРазбор типовых отказов на пусконаладке\\nРазберёте порядок проверки типовых отказов на объекте\\n6 единиц · 54 мин · документ концепта\\nМатериалов по условиям: 1\\nПроектирование системы на 64+ камеры\\nРассчитаете нагрузку и защитите проект перед заказчиком\\n9 единиц · 1 ч 45 мин · документ концепта\\nМатериалов по условиям: 3\\nРасчёт архива и дисковой подсистемы\\nОбоснуете объём хранения числом, а не запасом\\n6 единиц · 1 ч 13 мин · документ концепта\\nМатериалов по условиям: 1\\nСдача объекта заказчику без возвратов\\nПроверите готовность объекта и состав документов для приёмки\\n7 единиц · 1 ч 23 мин · документ концепта\\nМатериалов по условиям: 2\\nБазовая квалификация по линейке TRASSIR\\nПодберёте железо под задачу без эскалации\\n7 единиц · 1 ч 11 мин · документ концепта\\nМатериалов по условиям: 3\",\"width\":375,\"scroll\":375,\"cyrillic\":[\"Войти\",\"Рабочий атлас\",\"Каталог\",\"Материалы для рабочего вопроса и программы подготовки.\",\"Фильтры · 1\",\"Материалы: 9 · Программы: 6 · Показано материалов: 5\",\"К материалам\",\"К программам\",\"Продукт: Оборудование\",\"Сбросить фильтры\",\"Материалы\",\"Проверка питания и линка камеры\",\"Что смотреть на коммутаторе и на самой камере до того, как лезть в настройки TRASSIR.\",\"Оборудование · 3 сентября · 5 мин\",\"Пакет документов для сдачи объекта\",\"Что приложить к акту, чтобы приёмка закрылась с первого раза.\",\"Оборудование · 30 августа · 7 мин\",\"Инструктаж оператора на рабочем месте\",\"Двадцать минут, после которых заказчик не звонит вам по мелочам.\",\"Оборудование · 24 августа · 11 мин\",\"Расчёт числа камер и зон покрытия\",\"От задачи заказчика к числу камер: расстановка по зонам, а не по стенам.\",\"Оборудование · 15 августа · 9 мин\",\"Расчёт дисковой ёмкости под 64 камеры\",\"Глубина, битрейт, резерв: обоснование объёма числом, а не запасом.\",\"Оборудование · 28 августа · 12 мин\",\"Показано 5 из 9 материалов\",\"Показать ещё 4\",\"Программы\",\"Включены программы хотя бы с одним материалом по условиям. Фильтр не означает совместимость всей программы.\",\"Пусконаладка TRASSIR OS на объекте до 32 камер\",\"Сможете развернуть и сдать объект самостоятельно\",\"11 единиц · 2 ч 11 мин · документ концепта\",\"Материалов по условиям: 2\",\"Разбор типовых отказов на пусконаладке\",\"Разберёте порядок проверки типовых отказов на объекте\",\"6 единиц · 54 мин · документ концепта\",\"Материалов по условиям: 1\",\"Проектирование системы на 64+ камеры\",\"Рассчитаете нагрузку и защитите проект перед заказчиком\",\"9 единиц · 1 ч 45 мин · документ концепта\",\"Материалов по условиям: 3\",\"Расчёт архива и дисковой подсистемы\",\"Обоснуете объём хранения числом, а не запасом\",\"6 единиц · 1 ч 13 мин · документ концепта\",\"Материалов по условиям: 1\",\"Сдача объекта заказчику без возвратов\",\"Проверите готовность объекта и состав документов для приёмки\",\"7 единиц · 1 ч 23 мин · документ концепта\",\"Материалов по условиям: 2\",\"Базовая квалификация по линейке TRASSIR\",\"Подберёте железо под задачу без эскалации\",\"7 единиц · 1 ч 11 мин · документ концепта\",\"Материалов по условиям: 3\"],\"clippedControls\":[]}"

> errors

> open http://127.0.0.1:5174/catalog?theme=%D0%90%D0%BD%D0%B0%D0%BB%D0%B8%D1%82%D0%B8%D0%BA%D0%B0&version=4.1&lang=ru
✓ TRASSIR Learn · учебный концепт
  http://127.0.0.1:5174/catalog?theme=%D0%90%D0%BD%D0%B0%D0%BB%D0%B8%D1%82%D0%B8%D0%BA%D0%B0&version=4.1&lang=ru

> eval JSON.stringify({url:location.href,lang:document.documentElement.lang,text:document.body.innerText,width:innerWidth,scroll:document.documentElement.scrollWidth,cyrillic:document.body.innerText.match(/[^\n]*[А-Яа-яЁё][^\n]*/g),clippedControls:[...document.querySelectorAll("button,a")].filter(e=>e.getClientRects().length).filter(e=>{const r=e.getBoundingClientRect();return r.left<0||r.right>innerWidth+1||e.scrollWidth>e.clientWidth+2}).map(e=>e.textContent)})
"{\"url\":\"http://127.0.0.1:5174/catalog?theme=%D0%90%D0%BD%D0%B0%D0%BB%D0%B8%D1%82%D0%B8%D0%BA%D0%B0&version=4.1&lang=ru\",\"lang\":\"ru\",\"text\":\"Войти\\nРабочий атлас\\nКаталог\\n\\nМатериалы для рабочего вопроса и программы подготовки.\\n\\nФильтры · 2\\n\\nМатериалы: 0 · Программы: 0 · Показано материалов: 0\\n\\nМатериалы\\n0\\nПрограммы\\n0\\nНоль даёт сочетание фильтров\\nСнимите «4.1». Остальные условия и выбранная задача сохранятся.\\nСнять версию: 4.1\\nТема: Аналитика\\n×\\nВерсия: 4.1\\n×\\nСбросить фильтры\",\"width\":375,\"scroll\":375,\"cyrillic\":[\"Войти\",\"Рабочий атлас\",\"Каталог\",\"Материалы для рабочего вопроса и программы подготовки.\",\"Фильтры · 2\",\"Материалы: 0 · Программы: 0 · Показано материалов: 0\",\"Материалы\",\"Программы\",\"Ноль даёт сочетание фильтров\",\"Снимите «4.1». Остальные условия и выбранная задача сохранятся.\",\"Снять версию: 4.1\",\"Тема: Аналитика\",\"Версия: 4.1\",\"Сбросить фильтры\"],\"clippedControls\":[]}"

> errors

> snapshot -i
- generic "ВойтиВойтиРабочий атласКаталогМатериалы для рабочего вопроса и программы подготовки.Фильтры · 2Числа" [ref=e1] clickable [onclick]
  - button "На главную" [ref=e2]
  - button "Войти" [ref=e3]
  - button "Меню" [expanded=false, ref=e4]
  - textbox "Поиск по материалам и программам" [ref=e11]
  - heading "Каталог" [level=1, ref=e12]
  - button "Фильтры · 2" [ref=e5]
  - heading "Материалы" [level=2, ref=e13]
  - heading "Программы" [level=2, ref=e14]
  - heading "Ноль даёт сочетание фильтров" [level=2, ref=e6]
  - button "Снять версию: 4.1" [ref=e7]
  - button "Снять тему: Аналитика" [ref=e8]
  - button "Снять версию: 4.1" [ref=e9]
  - button "Сбросить фильтры" [ref=e10]

> click @e7
✓ Done

> eval JSON.stringify({url:location.href,lang:document.documentElement.lang,text:document.body.innerText,width:innerWidth,scroll:document.documentElement.scrollWidth,cyrillic:document.body.innerText.match(/[^\n]*[А-Яа-яЁё][^\n]*/g),clippedControls:[...document.querySelectorAll("button,a")].filter(e=>e.getClientRects().length).filter(e=>{const r=e.getBoundingClientRect();return r.left<0||r.right>innerWidth+1||e.scrollWidth>e.clientWidth+2}).map(e=>e.textContent)})
"{\"url\":\"http://127.0.0.1:5174/catalog?theme=%D0%90%D0%BD%D0%B0%D0%BB%D0%B8%D1%82%D0%B8%D0%BA%D0%B0&lang=ru\",\"lang\":\"ru\",\"text\":\"Войти\\nРабочий атлас\\nКаталог\\n\\nМатериалы для рабочего вопроса и программы подготовки.\\n\\nФильтры · 1\\n\\nМатериалы: 3 · Программы: 2 · Показано материалов: 3\\n\\nК материалам\\nК программам\\nТема: Аналитика\\n×\\nСбросить фильтры\\nМатериалы\\n3\\nActiveDome: автосопровождение и пресеты\\nНастройка автотрекинга и почему он теряет цель на границе зоны.\\nActiveDome · 22 июля · 10 мин\\nВидеоаналитика: какие модули на каком железе\\nNeuroStation и серверная аналитика: требования и ограничения.\\nNeuroStation · 18 августа · 11 мин\\nДетектор оставленных предметов: настройка зон\\nЗоны, задержка и работа с ложными срабатываниями в людном месте.\\nNeuroStation · 12 августа · 9 мин\\nПоказано 3 из 3 материалов\\nПрограммы\\n2\\n\\nВключены программы хотя бы с одним материалом по условиям. Фильтр не означает совместимость всей программы.\\n\\nБазовая квалификация по линейке TRASSIR\\nПодберёте железо под задачу без эскалации\\n7 единиц · 1 ч 11 мин · документ концепта\\nМатериалов по условиям: 1\\nВидеоаналитика TRASSIR: модули и требования\\nПоймёте, что заработает на имеющемся сервере\\n6 единиц · 1 ч 24 мин · документ концепта\\nМатериалов по условиям: 3\",\"width\":375,\"scroll\":375,\"cyrillic\":[\"Войти\",\"Рабочий атлас\",\"Каталог\",\"Материалы для рабочего вопроса и программы подготовки.\",\"Фильтры · 1\",\"Материалы: 3 · Программы: 2 · Показано материалов: 3\",\"К материалам\",\"К программам\",\"Тема: Аналитика\",\"Сбросить фильтры\",\"Материалы\",\"ActiveDome: автосопровождение и пресеты\",\"Настройка автотрекинга и почему он теряет цель на границе зоны.\",\"ActiveDome · 22 июля · 10 мин\",\"Видеоаналитика: какие модули на каком железе\",\"NeuroStation и серверная аналитика: требования и ограничения.\",\"NeuroStation · 18 августа · 11 мин\",\"Детектор оставленных предметов: настройка зон\",\"Зоны, задержка и работа с ложными срабатываниями в людном месте.\",\"NeuroStation · 12 августа · 9 мин\",\"Показано 3 из 3 материалов\",\"Программы\",\"Включены программы хотя бы с одним материалом по условиям. Фильтр не означает совместимость всей программы.\",\"Базовая квалификация по линейке TRASSIR\",\"Подберёте железо под задачу без эскалации\",\"7 единиц · 1 ч 11 мин · документ концепта\",\"Материалов по условиям: 1\",\"Видеоаналитика TRASSIR: модули и требования\",\"Поймёте, что заработает на имеющемся сервере\",\"6 единиц · 1 ч 24 мин · документ концепта\",\"Материалов по условиям: 3\"],\"clippedControls\":[]}"

> errors

> open http://127.0.0.1:5174/history?source=stage04&lang=ru
✓ TRASSIR Learn · учебный концепт
  http://127.0.0.1:5174/history?source=stage04&lang=ru

> eval JSON.stringify({url:location.href,lang:document.documentElement.lang,text:document.body.innerText,width:innerWidth,scroll:document.documentElement.scrollWidth,cyrillic:document.body.innerText.match(/[^\n]*[А-Яа-яЁё][^\n]*/g),clippedControls:[...document.querySelectorAll("button,a")].filter(e=>e.getClientRects().length).filter(e=>{const r=e.getBoundingClientRect();return r.left<0||r.right>innerWidth+1||e.scrollWidth>e.clientWidth+2}).map(e=>e.textContent)})
"{\"url\":\"http://127.0.0.1:5174/login?returnTo=%2Fhistory%3Fsource%3Dstage04%26lang%3Dru&lang=ru\",\"lang\":\"ru\",\"text\":\"Войти\\nВойдите в своё пространство\\n\\nИстория прочитанного\\n\\nПосле входа сохраним адрес и запрос страницы.\\nРабочая почта или телефон\\nПродолжить\\nВойти по коду из SMS\\nВернуться без входа\\n\\nДемонстрационный вход: используйте код 123456; 000000 показывает ошибку. Сообщения не отправляются. Данные сохраняются только в этой вкладке браузера.\",\"width\":375,\"scroll\":375,\"cyrillic\":[\"Войти\",\"Войдите в своё пространство\",\"История прочитанного\",\"После входа сохраним адрес и запрос страницы.\",\"Рабочая почта или телефон\",\"Продолжить\",\"Войти по коду из SMS\",\"Вернуться без входа\",\"Демонстрационный вход: используйте код 123456; 000000 показывает ошибку. Сообщения не отправляются. Данные сохраняются только в этой вкладке браузера.\"],\"clippedControls\":[]}"

> errors

> snapshot -i
- generic "ВойтиВойтиВойдите в своё пространствоИстория прочитанногоПосле входа сохраним адрес и запрос страниц" [ref=e1] clickable [onclick]
  - button "На главную" [ref=e2]
  - button "Войти" [ref=e3]
  - button "Меню" [expanded=false, ref=e4]
  - textbox "Поиск по материалам и программам" [ref=e8]
  - heading "Войдите в своё пространство" [level=1, ref=e5]
  - textbox "Рабочая почта или телефон" [ref=e9]
  - button "Продолжить" [ref=e10]
  - button "Войти по коду из SMS" [ref=e6]
  - button "Вернуться без входа" [ref=e7]

> fill @e9 navigation.demo@example.test
✓ Done

> snapshot -i
- generic "ВойтиВойтиВойдите в своё пространствоИстория прочитанногоПосле входа сохраним адрес и запрос страниц" [ref=e1] clickable [onclick]
  - button "На главную" [ref=e2]
  - button "Войти" [ref=e3]
  - button "Меню" [expanded=false, ref=e4]
  - textbox "Поиск по материалам и программам" [ref=e8]
  - heading "Войдите в своё пространство" [level=1, ref=e5]
  - textbox "Рабочая почта или телефон" [ref=e9]: navigation.demo@example.test
  - button "Продолжить" [ref=e10]
  - button "Войти по коду из SMS" [ref=e6]
  - button "Вернуться без входа" [ref=e7]

> click @e6
✓ Done

> eval JSON.stringify({url:location.href,lang:document.documentElement.lang,text:document.body.innerText,width:innerWidth,scroll:document.documentElement.scrollWidth,cyrillic:document.body.innerText.match(/[^\n]*[А-Яа-яЁё][^\n]*/g),clippedControls:[...document.querySelectorAll("button,a")].filter(e=>e.getClientRects().length).filter(e=>{const r=e.getBoundingClientRect();return r.left<0||r.right>innerWidth+1||e.scrollWidth>e.clientWidth+2}).map(e=>e.textContent)})
"{\"url\":\"http://127.0.0.1:5174/login?returnTo=%2Fhistory%3Fsource%3Dstage04%26lang%3Dru&lang=ru\",\"lang\":\"ru\",\"text\":\"Войти\\nВойдите в своё пространство\\n\\nИстория прочитанного\\n\\nПосле входа сохраним адрес и запрос страницы.\\nВведите демонстрационный код\\nДля этого прототипа используйте 123456. Отправка SMS и писем не подключена.\\nКод из сообщения\\nВойти\\nПолучить демокод ещё раз\\nИзменить почту или телефон\\nВернуться без входа\\n\\nДемонстрационный вход: используйте код 123456; 000000 показывает ошибку. Сообщения не отправляются. Данные сохраняются только в этой вкладке браузера.\",\"width\":375,\"scroll\":375,\"cyrillic\":[\"Войти\",\"Войдите в своё пространство\",\"История прочитанного\",\"После входа сохраним адрес и запрос страницы.\",\"Введите демонстрационный код\",\"Для этого прототипа используйте 123456. Отправка SMS и писем не подключена.\",\"Код из сообщения\",\"Войти\",\"Получить демокод ещё раз\",\"Изменить почту или телефон\",\"Вернуться без входа\",\"Демонстрационный вход: используйте код 123456; 000000 показывает ошибку. Сообщения не отправляются. Данные сохраняются только в этой вкладке браузера.\"],\"clippedControls\":[]}"

> errors

> snapshot -i
- generic "ВойтиВойтиВойдите в своё пространствоИстория прочитанногоПосле входа сохраним адрес и запрос страниц" [ref=e1] clickable [onclick]
  - button "На главную" [ref=e2]
  - button "Войти" [ref=e3]
  - button "Меню" [expanded=false, ref=e4]
  - textbox "Поиск по материалам и программам" [ref=e7]
  - heading "Войдите в своё пространство" [level=1, ref=e5]
  - textbox "Код из сообщения" [ref=e8]
  - button "Войти" [ref=e9]
  - button "Получить демокод ещё раз" [ref=e10]
  - button "Изменить почту или телефон" [ref=e11]
  - button "Вернуться без входа" [ref=e6]

> fill @e8 123456
✓ Done

> snapshot -i
- generic "ВойтиВойтиВойдите в своё пространствоИстория прочитанногоПосле входа сохраним адрес и запрос страниц" [ref=e1] clickable [onclick]
  - button "На главную" [ref=e2]
  - button "Войти" [ref=e3]
  - button "Меню" [expanded=false, ref=e4]
  - textbox "Поиск по материалам и программам" [ref=e7]
  - heading "Войдите в своё пространство" [level=1, ref=e5]
  - textbox "Код из сообщения" [ref=e8]: 123456
  - button "Войти" [ref=e9]
  - button "Получить демокод ещё раз" [ref=e10]
  - button "Изменить почту или телефон" [ref=e11]
  - button "Вернуться без входа" [ref=e6]

> click @e9
✓ Done

> wait 800
✓ Done

> eval JSON.stringify({url:location.href,lang:document.documentElement.lang,text:document.body.innerText,width:innerWidth,scroll:document.documentElement.scrollWidth,cyrillic:document.body.innerText.match(/[^\n]*[А-Яа-яЁё][^\n]*/g),clippedControls:[...document.querySelectorAll("button,a")].filter(e=>e.getClientRects().length).filter(e=>{const r=e.getBoundingClientRect();return r.left<0||r.right>innerWidth+1||e.scrollWidth>e.clientWidth+2}).map(e=>e.textContent)})
"{\"url\":\"http://127.0.0.1:5174/history?source=stage04&lang=ru\",\"lang\":\"ru\",\"text\":\"NA\\nЛичное · справочник\\nИстория прочитанного\\n\\n0 материалов · только ваша история\\n\\nУдаление уменьшает освоение. Допуск сохранится. Есть отмена.\\n\\nИстории ещё нет\\nОткройте материал — после чтения он появится здесь. К нему можно будет вернуться по названию и дате.\\nНайти материал\\n\\nИстория приватна. Чтение пополняет освоение; допуск меняется при завершении единиц программы.\\n\\nВы вошли. Всё, что откроете, попадёт в историю само\",\"width\":375,\"scroll\":375,\"cyrillic\":[\"Личное · справочник\",\"История прочитанного\",\"0 материалов · только ваша история\",\"Удаление уменьшает освоение. Допуск сохранится. Есть отмена.\",\"Истории ещё нет\",\"Откройте материал — после чтения он появится здесь. К нему можно будет вернуться по названию и дате.\",\"Найти материал\",\"История приватна. Чтение пополняет освоение; допуск меняется при завершении единиц программы.\",\"Вы вошли. Всё, что откроете, попадёт в историю само\"],\"clippedControls\":[]}"

> errors

> console
[debug] [vite] connecting...
[debug] [vite] connected.
[info] %cDownload the React DevTools for a better development experience: https://react.dev/link/react-devtools font-weight:bold
[debug] [vite] connecting...
[debug] [vite] connected.
[info] %cDownload the React DevTools for a better development experience: https://react.dev/link/react-devtools font-weight:bold
[debug] [vite] connecting...
[debug] [vite] connected.
[info] %cDownload the React DevTools for a better development experience: https://react.dev/link/react-devtools font-weight:bold

> close
✓ Browser closed
