10:54:13 [vite] (client) [Unhandled error] Error: useApp was called outside AppProvider
 > useApp src/data/store.tsx:968:18
    966 |  export function useApp(): AppApi {
    967 |    const ctx = useContext(Ctx)
    968 |    if (!ctx) throw new Error(tr("useApp вызван вне AppProvider"))
        |                    ^
    969 |    return ctx
    970 |  }
 > AppNavbar src/screens/_shell/AppNavbar.tsx:26:10
 > Object.react_stack_bottom_frame node_modules/react-dom/cjs/react-dom-client.development.js:25904:19
 > renderWithHooks node_modules/react-dom/cjs/react-dom-client.development.js:7662:21
 > updateFunctionComponent node_modules/react-dom/cjs/react-dom-client.development.js:10166:18
 > beginWork node_modules/react-dom/cjs/react-dom-client.development.js:11778:17
 > runWithFiberInDEV node_modules/react-dom/cjs/react-dom-client.development.js:871:29
 > performUnitOfWork node_modules/react-dom/cjs/react-dom-client.development.js:17641:21
 > workLoopSync node_modules/react-dom/cjs/react-dom-client.development.js:17469:40
 > renderRootSync node_modules/react-dom/cjs/react-dom-client.development.js:17450:10

10:54:13 [vite] (client) [console.warn] An error occurred in the <AppNavbar> component.

Consider adding an error boundary to your tree to customize error handling behavior.
Visit https://react.dev/link/error-boundaries to learn more about error boundaries.

