
> site-portfolio@0.1.0 check:harmony
> node scripts/harmony-check.mjs --base=http://127.0.0.1:4390 --widths=1440,1024,390,360 / /ru/ /about/ /ru/about/ /work/agent-ops-console/ /ru/work/agent-ops-console/ /work/partner-portal/ /ru/work/partner-portal/ /work/learn/ /ru/work/learn/ /work/vet-clinic/ /ru/work/vet-clinic/ /work/pawly/ /ru/work/pawly/

/ @1440: плашек 0, тезисов 0, подписей и абзацев 0
/ @1024: плашек 0, тезисов 0, подписей и абзацев 0
/ @390: плашек 0, тезисов 0, подписей и абзацев 0
/ @360: плашек 0, тезисов 0, подписей и абзацев 0
/ru/ @1440: плашек 0, тезисов 0, подписей и абзацев 0
/ru/ @1024: плашек 0, тезисов 0, подписей и абзацев 0
/ru/ @390: плашек 0, тезисов 0, подписей и абзацев 0
/ru/ @360: плашек 0, тезисов 0, подписей и абзацев 0
/about/ @1440: плашек 0, тезисов 0, подписей и абзацев 0
/about/ @1024: плашек 0, тезисов 0, подписей и абзацев 0
/about/ @390: плашек 0, тезисов 0, подписей и абзацев 0
/about/ @360: плашек 0, тезисов 0, подписей и абзацев 0
/ru/about/ @1440: плашек 0, тезисов 0, подписей и абзацев 0
/ru/about/ @1024: плашек 0, тезисов 0, подписей и абзацев 0
/ru/about/ @390: плашек 0, тезисов 0, подписей и абзацев 0
/ru/about/ @360: плашек 0, тезисов 0, подписей и абзацев 0
/work/agent-ops-console/ @1440: плашек 5, тезисов 7, подписей и абзацев 21 · case-agent-ops-console 404 слов, 7 кадров
/work/agent-ops-console/ @1024: плашек 5, тезисов 7, подписей и абзацев 21 · case-agent-ops-console 404 слов, 7 кадров
/work/agent-ops-console/ @390: плашек 5, тезисов 6, подписей и абзацев 19 · case-agent-ops-console 368 слов, 6 кадров
/work/agent-ops-console/ @360: плашек 5, тезисов 6, подписей и абзацев 19 · case-agent-ops-console 368 слов, 6 кадров
/ru/work/agent-ops-console/ @1440: плашек 5, тезисов 7, подписей и абзацев 21 · case-agent-ops-console 336 слов, 7 кадров
/ru/work/agent-ops-console/ @1024: плашек 5, тезисов 7, подписей и абзацев 21 · case-agent-ops-console 336 слов, 7 кадров
/ru/work/agent-ops-console/ @390: плашек 5, тезисов 6, подписей и абзацев 19 · case-agent-ops-console 307 слов, 6 кадров
/ru/work/agent-ops-console/ @360: плашек 5, тезисов 6, подписей и абзацев 19 · case-agent-ops-console 307 слов, 6 кадров
/work/partner-portal/ @1440: плашек 8, тезисов 8, подписей и абзацев 19 · case-partner-portal 448 слов, 19 кадров
/work/partner-portal/ @1024: плашек 8, тезисов 8, подписей и абзацев 19 · case-partner-portal 448 слов, 19 кадров
/work/partner-portal/ @390: плашек 8, тезисов 8, подписей и абзацев 19 · case-partner-portal 448 слов, 19 кадров
/work/partner-portal/ @360: плашек 8, тезисов 8, подписей и абзацев 19 · case-partner-portal 448 слов, 19 кадров
/ru/work/partner-portal/ @1440: плашек 8, тезисов 8, подписей и абзацев 19 · case-partner-portal 394 слов, 19 кадров
/ru/work/partner-portal/ @1024: плашек 8, тезисов 8, подписей и абзацев 19 · case-partner-portal 394 слов, 19 кадров
/ru/work/partner-portal/ @390: плашек 8, тезисов 8, подписей и абзацев 19 · case-partner-portal 394 слов, 19 кадров
/ru/work/partner-portal/ @360: плашек 8, тезисов 8, подписей и абзацев 19 · case-partner-portal 394 слов, 19 кадров
/work/learn/ @1440: плашек 8, тезисов 9, подписей и абзацев 19 · case-learn 400 слов, 13 кадров
/work/learn/ @1024: плашек 8, тезисов 9, подписей и абзацев 19 · case-learn 400 слов, 13 кадров
/work/learn/ @390: плашек 8, тезисов 9, подписей и абзацев 19 · case-learn 400 слов, 13 кадров
/work/learn/ @360: плашек 8, тезисов 9, подписей и абзацев 19 · case-learn 400 слов, 13 кадров
/ru/work/learn/ @1440: плашек 8, тезисов 9, подписей и абзацев 19 · case-learn 361 слов, 13 кадров
/ru/work/learn/ @1024: плашек 8, тезисов 9, подписей и абзацев 19 · case-learn 361 слов, 13 кадров
/ru/work/learn/ @390: плашек 8, тезисов 9, подписей и абзацев 19 · case-learn 361 слов, 13 кадров
/ru/work/learn/ @360: плашек 8, тезисов 9, подписей и абзацев 19 · case-learn 361 слов, 13 кадров
/work/vet-clinic/ @1440: плашек 8, тезисов 7, подписей и абзацев 11 · case-vet-clinic 339 слов, 8 кадров
/work/vet-clinic/ @1024: плашек 8, тезисов 7, подписей и абзацев 11 · case-vet-clinic 339 слов, 8 кадров
/work/vet-clinic/ @390: плашек 8, тезисов 7, подписей и абзацев 11 · case-vet-clinic 339 слов, 8 кадров
/work/vet-clinic/ @360: плашек 8, тезисов 7, подписей и абзацев 11 · case-vet-clinic 339 слов, 8 кадров
/ru/work/vet-clinic/ @1440: плашек 8, тезисов 7, подписей и абзацев 11 · case-vet-clinic 298 слов, 8 кадров
/ru/work/vet-clinic/ @1024: плашек 8, тезисов 7, подписей и абзацев 11 · case-vet-clinic 298 слов, 8 кадров
/ru/work/vet-clinic/ @390: плашек 8, тезисов 7, подписей и абзацев 11 · case-vet-clinic 298 слов, 8 кадров
/ru/work/vet-clinic/ @360: плашек 8, тезисов 7, подписей и абзацев 11 · case-vet-clinic 298 слов, 8 кадров
/work/pawly/ @1440: плашек 7, тезисов 7, подписей и абзацев 13 · case-pawly 329 слов, 19 кадров
/work/pawly/ @1024: плашек 7, тезисов 7, подписей и абзацев 13 · case-pawly 329 слов, 19 кадров
/work/pawly/ @390: плашек 7, тезисов 7, подписей и абзацев 13 · case-pawly 329 слов, 18 кадров
/work/pawly/ @360: плашек 7, тезисов 7, подписей и абзацев 13 · case-pawly 329 слов, 18 кадров
/ru/work/pawly/ @1440: плашек 7, тезисов 7, подписей и абзацев 13 · case-pawly 279 слов, 19 кадров
/ru/work/pawly/ @1024: плашек 7, тезисов 7, подписей и абзацев 13 · case-pawly 279 слов, 19 кадров
/ru/work/pawly/ @390: плашек 7, тезисов 7, подписей и абзацев 13 · case-pawly 279 слов, 18 кадров
/ru/work/pawly/ @360: плашек 7, тезисов 7, подписей и абзацев 13 · case-pawly 279 слов, 18 кадров

✓ harmony-check: нарушений нет
