en 1440x900 full: 7 routes
en 1440x900 reduce: 14 routes
en 1440x900 no-js: 21 routes
en 1024x900 full: 28 routes
en 1024x900 reduce: 35 routes
en 1024x900 no-js: 42 routes
en 390x844 full: 49 routes
en 390x844 reduce: 56 routes
en 390x844 no-js: 63 routes
en 360x780 full: 70 routes
en 360x780 reduce: 77 routes
en 360x780 no-js: 84 routes
en 1440x600 full: 91 routes
en 1440x600 reduce: 98 routes
en 1440x600 no-js: 105 routes
en 1024x600 full: 112 routes
en 1024x600 reduce: 119 routes
en 1024x600 no-js: 126 routes
en 390x600 full: 133 routes
en 390x600 reduce: 140 routes
en 390x600 no-js: 147 routes
en 360x600 full: 154 routes
en 360x600 reduce: 161 routes
en 360x600 no-js: 168 routes
ru 1440x900 full: 175 routes
ru 1440x900 reduce: 182 routes
ru 1440x900 no-js: 189 routes
ru 1024x900 full: 196 routes
ru 1024x900 reduce: 203 routes
ru 1024x900 no-js: 210 routes
ru 390x844 full: 217 routes
ru 390x844 reduce: 224 routes
ru 390x844 no-js: 231 routes
ru 360x780 full: 238 routes
ru 360x780 reduce: 245 routes
ru 360x780 no-js: 252 routes
ru 1440x600 full: 259 routes
ru 1440x600 reduce: 266 routes
ru 1440x600 no-js: 273 routes
ru 1024x600 full: 280 routes
ru 1024x600 reduce: 287 routes
ru 1024x600 no-js: 294 routes
ru 390x600 full: 301 routes
ru 390x600 reduce: 308 routes
ru 390x600 no-js: 315 routes
ru 360x600 full: 322 routes
ru 360x600 reduce: 329 routes
ru 360x600 no-js: 336 routes
{"profiles":336,"metadata":18,"media":142,"failures":26}
