profile /work/partner-portal/ 1440x900 full 0
profile /work/partner-portal/ 1440x900 reduce 0
profile /work/partner-portal/ 1440x900 no-js 0
profile /work/partner-portal/ 1440x600 short 0
profile /work/partner-portal/ 1024x900 full 0
profile /work/partner-portal/ 1024x900 reduce 0
profile /work/partner-portal/ 1024x900 no-js 0
profile /work/partner-portal/ 1024x600 short 0
profile /work/partner-portal/ 390x900 full 0
profile /work/partner-portal/ 390x900 reduce 0
profile /work/partner-portal/ 390x900 no-js 0
profile /work/partner-portal/ 390x600 short 0
profile /work/partner-portal/ 360x900 full 0
profile /work/partner-portal/ 360x900 reduce 0
profile /work/partner-portal/ 360x900 no-js 0
profile /work/partner-portal/ 360x600 short 0
profile /ru/work/partner-portal/ 1440x900 full 0
profile /ru/work/partner-portal/ 1440x900 reduce 0
profile /ru/work/partner-portal/ 1440x900 no-js 0
profile /ru/work/partner-portal/ 1440x600 short 0
profile /ru/work/partner-portal/ 1024x900 full 0
profile /ru/work/partner-portal/ 1024x900 reduce 0
profile /ru/work/partner-portal/ 1024x900 no-js 0
profile /ru/work/partner-portal/ 1024x600 short 0
profile /ru/work/partner-portal/ 390x900 full 0
profile /ru/work/partner-portal/ 390x900 reduce 0
profile /ru/work/partner-portal/ 390x900 no-js 0
profile /ru/work/partner-portal/ 390x600 short 0
profile /ru/work/partner-portal/ 360x900 full 0
profile /ru/work/partner-portal/ 360x900 reduce 0
profile /ru/work/partner-portal/ 360x900 no-js 0
profile /ru/work/partner-portal/ 360x600 short 0
profile /work/learn/ 1440x900 full 0
profile /work/learn/ 1440x900 reduce 0
profile /work/learn/ 1440x900 no-js 0
profile /work/learn/ 1440x600 short 0
profile /work/learn/ 1024x900 full 0
profile /work/learn/ 1024x900 reduce 0
profile /work/learn/ 1024x900 no-js 0
profile /work/learn/ 1024x600 short 0
profile /work/learn/ 390x900 full 0
profile /work/learn/ 390x900 reduce 0
profile /work/learn/ 390x900 no-js 0
profile /work/learn/ 390x600 short 0
profile /work/learn/ 360x900 full 0
profile /work/learn/ 360x900 reduce 0
profile /work/learn/ 360x900 no-js 0
profile /work/learn/ 360x600 short 0
profile /ru/work/learn/ 1440x900 full 0
profile /ru/work/learn/ 1440x900 reduce 0
profile /ru/work/learn/ 1440x900 no-js 0
profile /ru/work/learn/ 1440x600 short 0
profile /ru/work/learn/ 1024x900 full 0
profile /ru/work/learn/ 1024x900 reduce 0
profile /ru/work/learn/ 1024x900 no-js 0
profile /ru/work/learn/ 1024x600 short 0
profile /ru/work/learn/ 390x900 full 0
profile /ru/work/learn/ 390x900 reduce 0
profile /ru/work/learn/ 390x900 no-js 0
profile /ru/work/learn/ 390x600 short 0
profile /ru/work/learn/ 360x900 full 0
profile /ru/work/learn/ 360x900 reduce 0
profile /ru/work/learn/ 360x900 no-js 0
profile /ru/work/learn/ 360x600 short 0
{"profiles":64,"next":0,"failures":0}
