/preview/film-common/en/ @1440: плашек 4, тезисов 5, подписей и абзацев 2 · film-common 97 слов, 4 кадров
/preview/film-common/en/ @1024: плашек 4, тезисов 5, подписей и абзацев 2 · film-common 97 слов, 4 кадров
/preview/film-common/en/ @390: плашек 4, тезисов 5, подписей и абзацев 2 · film-common 97 слов, 4 кадров
/preview/film-common/en/ @360: плашек 4, тезисов 5, подписей и абзацев 2 · film-common 97 слов, 4 кадров
/preview/film-common/ru/ @1440: плашек 4, тезисов 5, подписей и абзацев 2 · film-common 87 слов, 4 кадров
/preview/film-common/ru/ @1024: плашек 4, тезисов 5, подписей и абзацев 2 · film-common 87 слов, 4 кадров
/preview/film-common/ru/ @390: плашек 4, тезисов 5, подписей и абзацев 2 · film-common 87 слов, 4 кадров
/preview/film-common/ru/ @360: плашек 4, тезисов 5, подписей и абзацев 2 · film-common 87 слов, 4 кадров
/work/partner-portal/ @1440: плашек 8, тезисов 8, подписей и абзацев 19 · case-partner-portal 448 слов, 19 кадров
/work/partner-portal/ @1024: плашек 8, тезисов 8, подписей и абзацев 19 · case-partner-portal 448 слов, 19 кадров
/work/partner-portal/ @390: плашек 8, тезисов 8, подписей и абзацев 19 · case-partner-portal 448 слов, 19 кадров
/work/partner-portal/ @360: плашек 8, тезисов 8, подписей и абзацев 19 · case-partner-portal 448 слов, 19 кадров
/ru/work/partner-portal/ @1440: плашек 8, тезисов 8, подписей и абзацев 19 · case-partner-portal 394 слов, 19 кадров
/ru/work/partner-portal/ @1024: плашек 8, тезисов 8, подписей и абзацев 19 · case-partner-portal 394 слов, 19 кадров
/ru/work/partner-portal/ @390: плашек 8, тезисов 8, подписей и абзацев 19 · case-partner-portal 394 слов, 19 кадров
/ru/work/partner-portal/ @360: плашек 8, тезисов 8, подписей и абзацев 19 · case-partner-portal 394 слов, 19 кадров
/work/learn/ @1440: плашек 8, тезисов 9, подписей и абзацев 19 · case-learn 400 слов, 13 кадров
/work/learn/ @1024: плашек 8, тезисов 9, подписей и абзацев 19 · case-learn 400 слов, 13 кадров
/work/learn/ @390: плашек 8, тезисов 9, подписей и абзацев 19 · case-learn 400 слов, 13 кадров
/work/learn/ @360: плашек 8, тезисов 9, подписей и абзацев 19 · case-learn 400 слов, 13 кадров
/ru/work/learn/ @1440: плашек 8, тезисов 9, подписей и абзацев 19 · case-learn 361 слов, 13 кадров
/ru/work/learn/ @1024: плашек 8, тезисов 9, подписей и абзацев 19 · case-learn 361 слов, 13 кадров
/ru/work/learn/ @390: плашек 8, тезисов 9, подписей и абзацев 19 · case-learn 361 слов, 13 кадров
/ru/work/learn/ @360: плашек 8, тезисов 9, подписей и абзацев 19 · case-learn 361 слов, 13 кадров

✗ Нарушений: 5
  [тезис] /preview/film-common/ru/ @1440 — строка из одного слова «просмотра»: «Выберите момент просмотра»
  [тезис] /preview/film-common/ru/ @390 — строка из одного слова «просмотра»: «Выберите момент просмотра»
  [тезис] /preview/film-common/ru/ @390 — строка из одного слова «Существующий»: «Существующий режим клипа»
  [тезис] /preview/film-common/ru/ @360 — строка из одного слова «просмотра»: «Выберите момент просмотра»
  [тезис] /preview/film-common/ru/ @360 — строка из одного слова «Существующий»: «Существующий режим клипа»
